[ALETA DB] PostgreSQL belum tersedia, memakai fallback database in-memory persisten.
⚠ ./node_modules/pg-mem/index.js
Critical dependency: require function is used in a way in which dependencies cannot be statically extracted

Import trace for requested module:
./node_modules/pg-mem/index.js
./src/server/db/client.ts
./src/app/api/auth/[...all]/route.ts
⚠ ./node_modules/pg-mem/index.js
Critical dependency: require function is used in a way in which dependencies cannot be statically extracted

Import trace for requested module:
./node_modules/pg-mem/index.js
./src/server/db/client.ts
./src/app/api/auth/[...all]/route.ts
⚠ ./node_modules/pg-mem/index.js
Critical dependency: require function is used in a way in which dependencies cannot be statically extracted

Import trace for requested module:
./node_modules/pg-mem/index.js
./src/server/db/client.ts
./src/app/api/auth/[...all]/route.ts
⚠ ./node_modules/pg-mem/index.js
Critical dependency: require function is used in a way in which dependencies cannot be statically extracted

Import trace for requested module:
./node_modules/pg-mem/index.js
./src/server/db/client.ts
./src/app/api/auth/[...all]/route.ts
⚠ ./node_modules/pg-mem/index.js
Critical dependency: require function is used in a way in which dependencies cannot be statically extracted

Import trace for requested module:
./node_modules/pg-mem/index.js
./src/server/db/client.ts
./src/app/api/auth/[...all]/route.ts
⚠ ./node_modules/pg-mem/index.js
Critical dependency: require function is used in a way in which dependencies cannot be statically extracted

Import trace for requested module:
./node_modules/pg-mem/index.js
./src/server/db/client.ts
./src/app/api/auth/[...all]/route.ts
⚠ ./node_modules/pg-mem/index.js
Critical dependency: require function is used in a way in which dependencies cannot be statically extracted

Import trace for requested module:
./node_modules/pg-mem/index.js
./src/server/db/client.ts
./src/app/api/auth/[...all]/route.ts
