
> app_derry@1.0.0 dev
> node scripts/dev-server.js

[dev] Cleared legacy Turbopack cache to keep dev startup lighter.
[dev] Cleared stale Next dev server artifacts to avoid manifest corruption.
[dev] PostgreSQL belum terjangkau di 127.0.0.1:54329/aleta. Jika backend gagal konek, ALETA akan jatuh ke fallback in-memory khusus development.
[dev] Starting Next.js dev server with Webpack and NODE_OPTIONS="--max-old-space-size=2048".
▲ Next.js 16.2.3 (webpack)
- Local:         http://localhost:3000
- Network:       http://172.29.48.1:3000
- Environments: .env.local
✓ Ready in 869ms
[32m✔[0m [33mConsole Ninja[0m extension is connected to [33mNext.js[0m, see [36mhttps://tinyurl.com/2vt8jxzw[0m

○ Compiling /login ...
 GET /login 200 in 4.9s (next.js: 4.3s, application-code: 536ms)
 GET /api/auth/get-session 200 in 4.2s (next.js: 3.4s, application-code: 804ms)
 GET /login 200 in 305ms (next.js: 70ms, application-code: 235ms)
 GET /portal 307 in 2.8s (next.js: 2.2s, application-code: 559ms)
 GET /login 200 in 92ms (next.js: 23ms, application-code: 69ms)
 GET /login 200 in 38ms (next.js: 3ms, application-code: 35ms)
 GET /login 200 in 48ms (next.js: 4ms, application-code: 45ms)
 GET /login 200 in 48ms (next.js: 3ms, application-code: 44ms)
 GET /login 200 in 49ms (next.js: 4ms, application-code: 46ms)
 GET /api/auth/get-session 200 in 1355ms (next.js: 1319ms, application-code: 37ms)
 GET /login 200 in 124ms (next.js: 66ms, application-code: 58ms)
 GET /api/auth/get-session 200 in 1632ms (next.js: 1590ms, application-code: 42ms)
 GET /api/users/lookup?identifier=superadmin 200 in 1925ms (next.js: 1863ms, application-code: 62ms)
 POST /api/auth/sign-in/email 200 in 69ms (next.js: 1854µs, application-code: 67ms)
 GET /api/auth/get-session 200 in 1247ms (next.js: 1179ms, application-code: 68ms)
 GET /portal 200 in 1370ms (next.js: 1181ms, application-code: 189ms)
 GET /portal 200 in 58ms (next.js: 3ms, application-code: 55ms)
 GET /portal 200 in 119ms (next.js: 3ms, application-code: 116ms)
 GET /api/surat 200 in 2.7s (next.js: 2.6s, application-code: 120ms)
 GET /api/disposisi 200 in 2.7s (next.js: 2.5s, application-code: 122ms)
 GET /api/settings/whatsapp 200 in 2.7s (next.js: 2.5s, application-code: 128ms)
 GET /api/settings/institution 200 in 2.6s (next.js: 2.4s, application-code: 129ms)
 GET /api/ai/settings 200 in 2.7s (next.js: 2.5s, application-code: 143ms)
 GET /api/users 200 in 2.8s (next.js: 2.6s, application-code: 255ms)
 GET /portal 200 in 157ms (next.js: 63ms, application-code: 94ms)
○ Compiling /api/settings/module-visibility ...
 GET /portal 307 in 314ms (next.js: 52ms, application-code: 262ms)
 GET /login 200 in 93ms (next.js: 16ms, application-code: 77ms)
 GET /login 200 in 60ms (next.js: 3ms, application-code: 57ms)
 GET /api/auth/get-session 200 in 34ms (next.js: 23ms, application-code: 10ms)
 GET /login 200 in 50ms (next.js: 3ms, application-code: 47ms)
 GET /api/auth/get-session 200 in 8ms (next.js: 2ms, application-code: 6ms)
 GET /api/auth/get-session 200 in 20ms (next.js: 11ms, application-code: 9ms)
 GET /api/users/lookup?identifier=superadmin 200 in 30ms (next.js: 8ms, application-code: 22ms)
 POST /api/auth/sign-in/email 200 in 34ms (next.js: 1641µs, application-code: 32ms)
 GET /api/auth/get-session 200 in 47ms (next.js: 1725µs, application-code: 45ms)
 GET /portal 200 in 111ms (next.js: 3ms, application-code: 107ms)
 GET /portal 200 in 38ms (next.js: 3ms, application-code: 35ms)
 GET /portal 200 in 123ms (next.js: 3ms, application-code: 120ms)
 GET /api/users 200 in 101ms (next.js: 5ms, application-code: 95ms)
 GET /api/surat 200 in 86ms (next.js: 9ms, application-code: 77ms)
 GET /api/disposisi 200 in 93ms (next.js: 5ms, application-code: 88ms)
 GET /api/ai/settings 200 in 85ms (next.js: 11ms, application-code: 74ms)
 GET /api/settings/whatsapp 200 in 91ms (next.js: 6ms, application-code: 85ms)
 GET /api/settings/institution 200 in 82ms (next.js: 9ms, application-code: 73ms)
 GET /api/settings/module-visibility 200 in 103ms (next.js: 2ms, application-code: 101ms)
 GET /portal 200 in 84ms (next.js: 3ms, application-code: 81ms)
 GET /manajemen-surat 200 in 2.2s (next.js: 1756ms, application-code: 490ms)
 GET /api/surat 200 in 214ms (next.js: 16ms, application-code: 198ms)
 GET /api/disposisi 200 in 196ms (next.js: 9ms, application-code: 187ms)
 GET /api/settings/whatsapp 200 in 167ms (next.js: 12ms, application-code: 155ms)
 GET /api/ai/settings 200 in 198ms (next.js: 15ms, application-code: 183ms)
 GET /api/auth/get-session 200 in 79ms (next.js: 25ms, application-code: 54ms)
 GET /api/users 200 in 300ms (next.js: 19ms, application-code: 281ms)
 GET /api/settings/institution 200 in 60ms (next.js: 10ms, application-code: 50ms)
 GET /api/settings/module-visibility 200 in 52ms (next.js: 9ms, application-code: 43ms)
 GET /login 200 in 426ms (next.js: 18ms, application-code: 407ms)
 GET /api/auth/get-session 200 in 3.1s (next.js: 3.1s, application-code: 32ms)
 GET /api/whatsapp/qr 200 in 4.1s (next.js: 3.8s, application-code: 225ms)
 GET /api/whatsapp/qr 200 in 26ms (next.js: 1901µs, application-code: 24ms)
 GET /login 200 in 208ms (next.js: 60ms, application-code: 148ms)
 GET /manajemen-surat 200 in 120ms (next.js: 24ms, application-code: 95ms)
 GET /api/whatsapp/qr 200 in 2.9s (next.js: 2.7s, application-code: 173ms)
 GET /admin/pengaturan-ai 200 in 3.5s (next.js: 3.3s, application-code: 242ms)
 GET /api/surat 200 in 175ms (next.js: 14ms, application-code: 160ms)
 GET /api/disposisi 200 in 158ms (next.js: 9ms, application-code: 149ms)
 GET /api/settings/whatsapp 200 in 130ms (next.js: 9ms, application-code: 121ms)
 GET /api/ai/settings 200 in 158ms (next.js: 15ms, application-code: 144ms)
 GET /api/auth/get-session 200 in 60ms (next.js: 22ms, application-code: 38ms)
 GET /api/users 200 in 245ms (next.js: 11ms, application-code: 233ms)
 GET /api/settings/institution 200 in 57ms (next.js: 10ms, application-code: 47ms)
 GET /api/settings/module-visibility 200 in 48ms (next.js: 9ms, application-code: 39ms)
 GET /login 200 in 363ms (next.js: 18ms, application-code: 345ms)
 GET /api/auth/get-session 200 in 2.5s (next.js: 2.5s, application-code: 21ms)
 POST /api/ai/extract-surat 200 in 2.6s (next.js: 2.6s, application-code: 78ms)
 GET /admin/identitas-instansi 200 in 1832ms (next.js: 1529ms, application-code: 303ms)
 GET /api/surat 200 in 312ms (next.js: 10ms, application-code: 302ms)
 GET /api/disposisi 200 in 297ms (next.js: 4ms, application-code: 293ms)
 GET /api/settings/whatsapp 200 in 275ms (next.js: 9ms, application-code: 266ms)
 GET /api/ai/settings 200 in 306ms (next.js: 16ms, application-code: 291ms)
 GET /api/auth/get-session 200 in 106ms (next.js: 24ms, application-code: 83ms)
 GET /api/users 200 in 510ms (next.js: 106ms, application-code: 404ms)
 GET /api/settings/institution 200 in 100ms (next.js: 13ms, application-code: 87ms)
 GET /api/settings/module-visibility 200 in 126ms (next.js: 12ms, application-code: 113ms)
 GET /login 200 in 757ms (next.js: 22ms, application-code: 735ms)
 GET /api/auth/get-session 200 in 7ms (next.js: 1743µs, application-code: 5ms)
 GET /api/ai/suggest-court-name?query=Pengadilan%20Agama%20Makassar 200 in 1794ms (next.js: 1753ms, application-code: 41ms)
 GET /api/users 200 in 43ms (next.js: 12ms, application-code: 31ms)
 POST /api/surat 201 in 142ms (next.js: 7ms, application-code: 135ms)
 GET /login 200 in 120ms (next.js: 32ms, application-code: 88ms)
 GET /login 200 in 47ms (next.js: 2ms, application-code: 44ms)
 GET /api/auth/get-session 200 in 38ms (next.js: 23ms, application-code: 15ms)
 GET /api/settings/whatsapp 200 in 139ms (next.js: 11ms, application-code: 128ms)
 GET /api/disposisi 200 in 175ms (next.js: 6ms, application-code: 169ms)
 GET /api/ai/settings 200 in 169ms (next.js: 12ms, application-code: 157ms)
 GET /api/settings/institution 200 in 137ms (next.js: 12ms, application-code: 125ms)
 GET /api/users 200 in 202ms (next.js: 2ms, application-code: 199ms)
 GET /api/surat 200 in 300ms (next.js: 3ms, application-code: 297ms)
 GET /api/settings/module-visibility 200 in 179ms (next.js: 12ms, application-code: 167ms)
 GET /portal 200 in 194ms (next.js: 35ms, application-code: 158ms)
 GET /portal 200 in 87ms (next.js: 4ms, application-code: 82ms)
 GET /api/auth/get-session 200 in 7ms (next.js: 1773µs, application-code: 6ms)
 GET /portal 307 in 131ms (next.js: 3ms, application-code: 127ms)
 GET /login 200 in 44ms (next.js: 2ms, application-code: 42ms)
 GET /api/auth/get-session 200 in 18ms (next.js: 11ms, application-code: 7ms)
 GET /login 200 in 48ms (next.js: 2ms, application-code: 46ms)
 GET /api/auth/get-session 200 in 16ms (next.js: 9ms, application-code: 7ms)
 GET /login 200 in 47ms (next.js: 2ms, application-code: 45ms)
 GET /api/auth/get-session 200 in 21ms (next.js: 14ms, application-code: 8ms)
 GET /api/users/lookup?identifier=superadmin 200 in 26ms (next.js: 10ms, application-code: 16ms)
 POST /api/auth/sign-in/email 200 in 45ms (next.js: 1988µs, application-code: 43ms)
 GET /portal 200 in 116ms (next.js: 3ms, application-code: 113ms)
 GET /api/auth/get-session 200 in 32ms (next.js: 3ms, application-code: 30ms)
 GET /portal 200 in 73ms (next.js: 3ms, application-code: 70ms)
 GET /portal 200 in 51ms (next.js: 3ms, application-code: 47ms)
 GET /api/disposisi 200 in 64ms (next.js: 1383µs, application-code: 62ms)
 GET /api/users 200 in 89ms (next.js: 1825µs, application-code: 87ms)
 GET /api/surat 200 in 101ms (next.js: 1449µs, application-code: 99ms)
 GET /api/ai/settings 200 in 55ms (next.js: 2ms, application-code: 53ms)
 GET /api/settings/whatsapp 200 in 76ms (next.js: 1810µs, application-code: 74ms)
 GET /api/settings/institution 200 in 80ms (next.js: 1883µs, application-code: 78ms)
 GET /api/settings/module-visibility 200 in 88ms (next.js: 2ms, application-code: 86ms)
 GET /portal 200 in 67ms (next.js: 3ms, application-code: 64ms)
 GET /manajemen-surat 200 in 133ms (next.js: 25ms, application-code: 108ms)
 GET /api/auth/get-session 200 in 23ms (next.js: 11ms, application-code: 11ms)
 GET /api/disposisi 200 in 94ms (next.js: 1386µs, application-code: 92ms)
 GET /api/ai/settings 200 in 99ms (next.js: 1309µs, application-code: 97ms)
 GET /api/settings/whatsapp 200 in 89ms (next.js: 1858µs, application-code: 87ms)
 GET /api/settings/institution 200 in 85ms (next.js: 1331µs, application-code: 84ms)
 GET /api/users 200 in 118ms (next.js: 1878µs, application-code: 116ms)
 GET /api/surat 200 in 122ms (next.js: 1674µs, application-code: 120ms)
 GET /api/settings/module-visibility 200 in 23ms (next.js: 1744µs, application-code: 21ms)
 GET /api/whatsapp/qr 200 in 200ms (next.js: 178ms, application-code: 22ms)
 GET /api/whatsapp/qr 200 in 24ms (next.js: 2ms, application-code: 21ms)
 GET /admin/pengaturan-ai 200 in 100ms (next.js: 26ms, application-code: 75ms)
 GET /api/auth/get-session 200 in 40ms (next.js: 11ms, application-code: 29ms)
 GET /api/disposisi 200 in 90ms (next.js: 1277µs, application-code: 89ms)
 GET /api/ai/settings 200 in 88ms (next.js: 1318µs, application-code: 87ms)
 GET /api/settings/whatsapp 200 in 84ms (next.js: 1561µs, application-code: 82ms)
 GET /api/users 200 in 121ms (next.js: 1697µs, application-code: 120ms)
 GET /api/settings/institution 200 in 85ms (next.js: 1720µs, application-code: 83ms)
 GET /api/surat 200 in 128ms (next.js: 1776µs, application-code: 126ms)
 GET /api/settings/module-visibility 200 in 25ms (next.js: 1752µs, application-code: 23ms)
 POST /api/ai/extract-surat 200 in 52ms (next.js: 12ms, application-code: 41ms)
 GET /admin/identitas-instansi 200 in 90ms (next.js: 23ms, application-code: 67ms)
 GET /api/auth/get-session 200 in 41ms (next.js: 10ms, application-code: 31ms)
 GET /api/disposisi 200 in 88ms (next.js: 1383µs, application-code: 87ms)
 GET /api/ai/settings 200 in 87ms (next.js: 1317µs, application-code: 86ms)
 GET /api/settings/whatsapp 200 in 82ms (next.js: 1614µs, application-code: 80ms)
 GET /api/users 200 in 115ms (next.js: 1625µs, application-code: 113ms)
 GET /api/settings/institution 200 in 73ms (next.js: 1709µs, application-code: 71ms)
 GET /api/surat 200 in 121ms (next.js: 1488µs, application-code: 120ms)
 GET /api/settings/module-visibility 200 in 24ms (next.js: 1899µs, application-code: 22ms)
 GET /api/ai/suggest-court-name?query=Pengadilan%20Agama%20Makassar 200 in 23ms (next.js: 2ms, application-code: 21ms)
 GET /api/users 200 in 35ms (next.js: 2ms, application-code: 33ms)
 POST /api/surat 201 in 115ms (next.js: 1867µs, application-code: 113ms)
 GET /login 200 in 43ms (next.js: 2ms, application-code: 41ms)
 GET /api/auth/get-session 200 in 18ms (next.js: 11ms, application-code: 7ms)
 GET /api/users/lookup?identifier=superadmin 200 in 25ms (next.js: 3ms, application-code: 22ms)
 POST /api/auth/sign-in/email 200 in 43ms (next.js: 1803µs, application-code: 41ms)
 GET /api/auth/get-session 200 in 58ms (next.js: 1800µs, application-code: 56ms)
 GET /portal 200 in 137ms (next.js: 6ms, application-code: 131ms)
 GET /portal 200 in 49ms (next.js: 4ms, application-code: 45ms)
 GET /portal 200 in 149ms (next.js: 6ms, application-code: 143ms)
 GET /api/users 200 in 56ms (next.js: 1829µs, application-code: 54ms)
 GET /api/disposisi 200 in 66ms (next.js: 1762µs, application-code: 65ms)
 GET /api/surat 200 in 106ms (next.js: 1762µs, application-code: 104ms)
 GET /api/settings/whatsapp 200 in 49ms (next.js: 1283µs, application-code: 48ms)
 GET /api/ai/settings 200 in 62ms (next.js: 1715µs, application-code: 60ms)
 GET /api/settings/institution 200 in 71ms (next.js: 1967µs, application-code: 69ms)
 GET /api/settings/module-visibility 200 in 79ms (next.js: 1805µs, application-code: 77ms)
 GET /portal 200 in 76ms (next.js: 3ms, application-code: 73ms)
 POST /api/ai/extract-surat 200 in 40ms (next.js: 2ms, application-code: 38ms)
 GET /admin/identitas-instansi 200 in 67ms (next.js: 3ms, application-code: 64ms)
 GET /api/auth/get-session 200 in 40ms (next.js: 10ms, application-code: 29ms)
 GET /api/disposisi 200 in 86ms (next.js: 1431µs, application-code: 85ms)
 GET /api/ai/settings 200 in 83ms (next.js: 1321µs, application-code: 82ms)
 GET /api/settings/whatsapp 200 in 79ms (next.js: 1751µs, application-code: 77ms)
 GET /api/users 200 in 112ms (next.js: 1728µs, application-code: 110ms)
 GET /api/settings/institution 200 in 54ms (next.js: 1794µs, application-code: 52ms)
 GET /api/surat 200 in 119ms (next.js: 1472µs, application-code: 118ms)
 GET /api/settings/module-visibility 200 in 26ms (next.js: 1947µs, application-code: 24ms)
 GET /api/ai/suggest-court-name?query=Pengadilan%20Agama%20Makassar 200 in 24ms (next.js: 1931µs, application-code: 22ms)
 GET /login 200 in 42ms (next.js: 2ms, application-code: 40ms)
 GET /api/auth/get-session 200 in 16ms (next.js: 11ms, application-code: 5ms)
 GET /api/users/lookup?identifier=superadmin 200 in 21ms (next.js: 1909µs, application-code: 19ms)
 POST /api/auth/sign-in/email 200 in 36ms (next.js: 2ms, application-code: 34ms)
 GET /portal 200 in 117ms (next.js: 3ms, application-code: 115ms)
 GET /api/auth/get-session 200 in 43ms (next.js: 3ms, application-code: 40ms)
 GET /portal 200 in 84ms (next.js: 3ms, application-code: 80ms)
 GET /portal 200 in 76ms (next.js: 4ms, application-code: 72ms)
 GET /api/disposisi 200 in 65ms (next.js: 1527µs, application-code: 64ms)
 GET /api/users 200 in 78ms (next.js: 2ms, application-code: 76ms)
 GET /api/surat 200 in 81ms (next.js: 1629µs, application-code: 80ms)
 GET /api/ai/settings 200 in 58ms (next.js: 1880µs, application-code: 56ms)
 GET /api/settings/whatsapp 200 in 70ms (next.js: 1793µs, application-code: 68ms)
 GET /api/settings/institution 200 in 66ms (next.js: 1430µs, application-code: 65ms)
 GET /api/settings/module-visibility 200 in 95ms (next.js: 1750µs, application-code: 93ms)
 GET /portal 200 in 89ms (next.js: 3ms, application-code: 86ms)
 GET /admin/identitas-instansi 200 in 108ms (next.js: 4ms, application-code: 104ms)
 GET /api/auth/get-session 200 in 41ms (next.js: 10ms, application-code: 31ms)
 GET /api/disposisi 200 in 91ms (next.js: 1352µs, application-code: 89ms)
 GET /api/ai/settings 200 in 88ms (next.js: 1223µs, application-code: 87ms)
 GET /api/settings/whatsapp 200 in 85ms (next.js: 1662µs, application-code: 83ms)
 GET /api/users 200 in 120ms (next.js: 1609µs, application-code: 119ms)
 GET /api/settings/institution 200 in 85ms (next.js: 1628µs, application-code: 83ms)
 GET /api/surat 200 in 129ms (next.js: 1421µs, application-code: 127ms)
 GET /api/settings/module-visibility 200 in 22ms (next.js: 2ms, application-code: 20ms)
 GET /api/ai/suggest-court-name?query=Pengadilan%20Agama%20Makassar 200 in 27ms (next.js: 1835µs, application-code: 26ms)
 GET /login 200 in 46ms (next.js: 2ms, application-code: 44ms)
 GET /api/auth/get-session 200 in 19ms (next.js: 9ms, application-code: 10ms)
 GET /api/users/lookup?identifier=superadmin 200 in 27ms (next.js: 1803µs, application-code: 25ms)
 POST /api/auth/sign-in/email 200 in 46ms (next.js: 2ms, application-code: 44ms)
 GET /portal 200 in 116ms (next.js: 3ms, application-code: 113ms)
 GET /api/auth/get-session 200 in 32ms (next.js: 1739µs, application-code: 31ms)
 GET /portal 200 in 73ms (next.js: 3ms, application-code: 69ms)
 GET /portal 200 in 51ms (next.js: 3ms, application-code: 48ms)
 GET /api/disposisi 200 in 61ms (next.js: 1496µs, application-code: 59ms)
 GET /api/users 200 in 86ms (next.js: 1947µs, application-code: 84ms)
 GET /api/surat 200 in 102ms (next.js: 1555µs, application-code: 100ms)
 GET /api/ai/settings 200 in 58ms (next.js: 1859µs, application-code: 56ms)
 GET /api/settings/whatsapp 200 in 50ms (next.js: 3ms, application-code: 48ms)
 GET /api/settings/institution 200 in 73ms (next.js: 1778µs, application-code: 71ms)
 GET /api/settings/module-visibility 200 in 77ms (next.js: 1754µs, application-code: 75ms)
 GET /portal 200 in 76ms (next.js: 3ms, application-code: 73ms)
 PUT /api/settings/whatsapp 200 in 35ms (next.js: 3ms, application-code: 32ms)
 POST /api/whatsapp/init 200 in 2.2s (next.js: 2.2s, application-code: 45ms)
 GET /api/whatsapp/qr 200 in 1747ms (next.js: 1698ms, application-code: 49ms)
 GET /api/whatsapp/qr 200 in 17ms (next.js: 1858µs, application-code: 15ms)
 GET /api/whatsapp/qr 200 in 22ms (next.js: 3ms, application-code: 20ms)
 GET /api/whatsapp/qr 200 in 15ms (next.js: 1615µs, application-code: 13ms)
 GET /api/users 200 in 42ms (next.js: 12ms, application-code: 31ms)
 PATCH /api/users/usr-hakim 200 in 2.7s (next.js: 2.7s, application-code: 75ms)
 GET /login 200 in 223ms (next.js: 60ms, application-code: 163ms)
 GET /api/auth/get-session 200 in 29ms (next.js: 18ms, application-code: 12ms)
 GET /login 200 in 150ms (next.js: 3ms, application-code: 147ms)
 GET /portal 200 in 249ms (next.js: 27ms, application-code: 222ms)
 GET /api/users/lookup?identifier=hakim 404 in 27ms (next.js: 11ms, application-code: 15ms)
 GET /api/auth/get-session 200 in 17ms (next.js: 3ms, application-code: 14ms)
 GET /api/users 200 in 228ms (next.js: 13ms, application-code: 215ms)
 GET /api/disposisi 200 in 188ms (next.js: 12ms, application-code: 176ms)
 GET /api/ai/settings 200 in 174ms (next.js: 20ms, application-code: 154ms)
 GET /api/settings/whatsapp 200 in 144ms (next.js: 12ms, application-code: 132ms)
 GET /api/settings/institution 200 in 127ms (next.js: 12ms, application-code: 115ms)
 GET /api/surat 200 in 246ms (next.js: 17ms, application-code: 229ms)
 GET /api/settings/module-visibility 200 in 36ms (next.js: 11ms, application-code: 25ms)
 GET /api/auth/get-session 200 in 8ms (next.js: 1516µs, application-code: 7ms)
 PATCH /api/users/usr-hakim 200 in 73ms (next.js: 13ms, application-code: 60ms)
 GET /login 200 in 43ms (next.js: 3ms, application-code: 41ms)
 GET /api/auth/get-session 200 in 17ms (next.js: 10ms, application-code: 7ms)
 GET /api/users/lookup?identifier=adminit 200 in 14ms (next.js: 3ms, application-code: 11ms)
 POST /api/auth/sign-in/email 200 in 50ms (next.js: 3ms, application-code: 48ms)
 GET /portal 200 in 105ms (next.js: 3ms, application-code: 102ms)
 GET /api/auth/get-session 200 in 32ms (next.js: 1808µs, application-code: 30ms)
 GET /portal 200 in 65ms (next.js: 3ms, application-code: 63ms)
 GET /portal 200 in 57ms (next.js: 3ms, application-code: 54ms)
 GET /api/disposisi 200 in 64ms (next.js: 1394µs, application-code: 62ms)
 GET /api/users 200 in 77ms (next.js: 1875µs, application-code: 75ms)
 GET /api/surat 200 in 99ms (next.js: 1486µs, application-code: 97ms)
 GET /api/ai/settings 200 in 54ms (next.js: 1860µs, application-code: 52ms)
 GET /api/settings/whatsapp 200 in 56ms (next.js: 1646µs, application-code: 55ms)
 GET /api/settings/institution 200 in 70ms (next.js: 1737µs, application-code: 68ms)
 GET /api/settings/module-visibility 200 in 78ms (next.js: 1708µs, application-code: 76ms)
 GET /portal 200 in 64ms (next.js: 3ms, application-code: 62ms)
 GET /api/users 200 in 32ms (next.js: 2ms, application-code: 29ms)
 GET /api/audit 403 in 1500ms (next.js: 1468ms, application-code: 32ms)
 GET /admin/mapping-user-jabatan 200 in 2.9s (next.js: 2.6s, application-code: 349ms)
 GET /api/settings/whatsapp 200 in 186ms (next.js: 9ms, application-code: 177ms)
 GET /api/disposisi 200 in 228ms (next.js: 9ms, application-code: 219ms)
 GET /api/ai/settings 200 in 217ms (next.js: 15ms, application-code: 202ms)
 GET /api/auth/get-session 200 in 84ms (next.js: 19ms, application-code: 64ms)
 GET /api/users 200 in 312ms (next.js: 14ms, application-code: 298ms)
 GET /api/surat 200 in 326ms (next.js: 15ms, application-code: 310ms)
 GET /api/settings/institution 200 in 93ms (next.js: 12ms, application-code: 81ms)
 GET /api/settings/module-visibility 200 in 71ms (next.js: 11ms, application-code: 61ms)
 GET /login 200 in 505ms (next.js: 18ms, application-code: 486ms)
 GET /login 200 in 412ms (next.js: 2ms, application-code: 410ms)
 GET /portal 200 in 586ms (next.js: 30ms, application-code: 556ms)
 GET /api/auth/get-session 200 in 10ms (next.js: 3ms, application-code: 7ms)
 GET /login 200 in 54ms (next.js: 3ms, application-code: 51ms)
 GET /api/auth/get-session 200 in 23ms (next.js: 13ms, application-code: 10ms)
 GET /api/users/lookup?identifier=superadmin 200 in 33ms (next.js: 10ms, application-code: 23ms)
 POST /api/auth/sign-in/email 200 in 44ms (next.js: 1803µs, application-code: 42ms)
 GET /portal 200 in 109ms (next.js: 3ms, application-code: 106ms)
 GET /api/auth/get-session 200 in 34ms (next.js: 1928µs, application-code: 32ms)
 GET /portal 200 in 73ms (next.js: 3ms, application-code: 70ms)
 GET /portal 200 in 58ms (next.js: 3ms, application-code: 55ms)
 GET /api/disposisi 200 in 78ms (next.js: 1509µs, application-code: 76ms)
 GET /api/users 200 in 91ms (next.js: 1775µs, application-code: 89ms)
 GET /api/surat 200 in 118ms (next.js: 1563µs, application-code: 117ms)
 GET /api/ai/settings 200 in 61ms (next.js: 1777µs, application-code: 60ms)
 GET /api/settings/whatsapp 200 in 88ms (next.js: 2ms, application-code: 86ms)
 GET /api/settings/institution 200 in 83ms (next.js: 1883µs, application-code: 81ms)
 GET /api/settings/module-visibility 200 in 88ms (next.js: 2ms, application-code: 86ms)
 GET /portal 200 in 76ms (next.js: 3ms, application-code: 73ms)
 GET /api/settings/module-visibility 200 in 18ms (next.js: 1945µs, application-code: 16ms)
 PUT /api/settings/module-visibility 200 in 42ms (next.js: 1687µs, application-code: 40ms)
