
> app_derry@1.0.0 dev
> node scripts/dev-server.js

[dev] Cleared legacy Turbopack cache to keep dev startup lighter.
[dev] Cleared stale Next dev server artifacts to avoid manifest corruption.
[dev] PostgreSQL belum terjangkau di 127.0.0.1:54329/aleta. Jika backend gagal konek, ALETA akan jatuh ke fallback in-memory khusus development.
[dev] Starting Next.js dev server with Webpack and NODE_OPTIONS="--max-old-space-size=2048".
▲ Next.js 16.2.3 (webpack)
- Local:         http://localhost:3000
- Network:       http://172.29.48.1:3000
- Environments: .env.local
✓ Ready in 879ms
[32m✔[0m [33mConsole Ninja[0m extension is connected to [33mNext.js[0m, see [36mhttps://tinyurl.com/2vt8jxzw[0m

○ Compiling /surat ...
 GET /surat?type=masuk 307 in 8.0s (next.js: 6.6s, application-code: 1418ms)
○ Compiling /login ...
 GET / 307 in 4.2s (next.js: 4.0s, application-code: 221ms)
 GET /login 200 in 70ms (next.js: 3ms, application-code: 67ms)
 GET /login 200 in 3.8s (next.js: 3.5s, application-code: 335ms)
 GET /api/users 401 in 2.6s (next.js: 2.5s, application-code: 110ms)
 GET /api/surat 401 in 2.6s (next.js: 2.5s, application-code: 112ms)
 GET /api/disposisi 401 in 2.6s (next.js: 2.5s, application-code: 115ms)
 GET /api/ai/settings 401 in 2.6s (next.js: 2.5s, application-code: 117ms)
 GET /api/settings/whatsapp 401 in 2.6s (next.js: 2.5s, application-code: 119ms)
○ Compiling /api/settings/whatsapp ...
 GET /api/auth/get-session 200 in 4.4s (next.js: 4.3s, application-code: 124ms)
 GET /api/settings/institution 401 in 2.0s (next.js: 1963ms, application-code: 52ms)
 POST /api/auth/sign-out 200 in 1998ms (next.js: 1951ms, application-code: 47ms)
 GET /api/auth/get-session 200 in 9ms (next.js: 1686µs, application-code: 7ms)
 GET / 307 in 232ms (next.js: 75ms, application-code: 157ms)
 GET /login 200 in 103ms (next.js: 18ms, application-code: 85ms)
 GET /api/users 401 in 14ms (next.js: 7ms, application-code: 6ms)
 GET /api/audit 401 in 1348ms (next.js: 1329ms, application-code: 19ms)
 GET /login 200 in 206ms (next.js: 58ms, application-code: 148ms)
 GET /login 200 in 37ms (next.js: 2ms, application-code: 35ms)
 GET /login 200 in 45ms (next.js: 3ms, application-code: 43ms)
 GET /login? 200 in 52ms (next.js: 2ms, application-code: 50ms)
 GET /login 200 in 42ms (next.js: 3ms, application-code: 39ms)
 GET /login? 200 in 52ms (next.js: 2ms, application-code: 50ms)
 GET /login 200 in 45ms (next.js: 2ms, application-code: 42ms)
 GET /login? 200 in 58ms (next.js: 3ms, application-code: 55ms)
 GET /login 200 in 49ms (next.js: 2ms, application-code: 47ms)
 GET /login 200 in 46ms (next.js: 2ms, application-code: 44ms)
 GET /api/auth/get-session 200 in 38ms (next.js: 22ms, application-code: 16ms)
 GET /api/auth/get-session 200 in 11ms (next.js: 2ms, application-code: 8ms)
 GET /api/users/lookup?identifier=superadmin 404 in 1583ms (next.js: 1541ms, application-code: 42ms)
 GET /login 200 in 100ms (next.js: 62ms, application-code: 38ms)
 GET /api/users/lookup?identifier=superadmin 404 in 18ms (next.js: 1848µs, application-code: 16ms)
 GET /api/auth/get-session 200 in 280ms (next.js: 254ms, application-code: 26ms)
 GET /api/auth/get-session 200 in 8ms (next.js: 1761µs, application-code: 6ms)
 GET /api/users/lookup?identifier=ketua 404 in 18ms (next.js: 2ms, application-code: 16ms)
 GET /login 200 in 34ms (next.js: 3ms, application-code: 32ms)
 GET /login 200 in 1814ms (next.js: 1602ms, application-code: 212ms)
 GET /api/auth/get-session 200 in 337ms (next.js: 308ms, application-code: 29ms)
 GET /login 200 in 98ms (next.js: 61ms, application-code: 37ms)
 GET /login 200 in 254ms (next.js: 3ms, application-code: 251ms)
 GET /api/auth/get-session 200 in 311ms (next.js: 282ms, application-code: 28ms)
 GET /login 200 in 38ms (next.js: 4ms, application-code: 34ms)
 GET /login 200 in 97ms (next.js: 65ms, application-code: 32ms)
 GET /api/auth/get-session 200 in 169ms (next.js: 147ms, application-code: 23ms)
 GET /api/auth/get-session 200 in 9ms (next.js: 1944µs, application-code: 7ms)
 GET /api/users/lookup?identifier=adminit 404 in 785ms (next.js: 722ms, application-code: 63ms)
 GET /login 200 in 72ms (next.js: 46ms, application-code: 27ms)
 GET /login 200 in 74ms (next.js: 46ms, application-code: 28ms)
 GET /api/auth/get-session 200 in 1930ms (next.js: 1898ms, application-code: 32ms)
 GET /login 200 in 152ms (next.js: 69ms, application-code: 83ms)
 GET /api/auth/get-session 200 in 1255ms (next.js: 1217ms, application-code: 39ms)
 GET /api/users/lookup?identifier=adminit 404 in 1307ms (next.js: 1249ms, application-code: 58ms)
 GET /login 200 in 83ms (next.js: 49ms, application-code: 34ms)
 GET /login 200 in 177ms (next.js: 3ms, application-code: 174ms)
 POST /api/auth/sign-in/email 401 in 71ms (next.js: 11ms, application-code: 60ms)
 GET /api/users 401 in 2.3s (next.js: 2.2s, application-code: 46ms)
 GET /api/audit 401 in 2.6s (next.js: 2.6s, application-code: 47ms)
 POST /api/auth/sign-in/email 401 in 2.6s (next.js: 2.6s, application-code: 64ms)
 GET /api/audit 401 in 7ms (next.js: 2ms, application-code: 5ms)
 GET /api/auth/get-session 200 in 11ms (next.js: 2ms, application-code: 8ms)
 GET /login 200 in 144ms (next.js: 70ms, application-code: 75ms)
 POST /api/auth/sign-in/email 401 in 24ms (next.js: 9ms, application-code: 16ms)
 GET /login 200 in 243ms (next.js: 206ms, application-code: 37ms)
 GET /api/auth/get-session 200 in 2.0s (next.js: 1978ms, application-code: 37ms)
 GET /login 200 in 172ms (next.js: 82ms, application-code: 91ms)
 GET /api/auth/get-session 200 in 1345ms (next.js: 1308ms, application-code: 37ms)
 GET /api/users/lookup?identifier=adminit 404 in 1399ms (next.js: 1337ms, application-code: 63ms)
 GET /login 200 in 89ms (next.js: 52ms, application-code: 37ms)
 GET /api/auth/get-session 200 in 25ms (next.js: 15ms, application-code: 10ms)
 GET /api/auth/get-session 200 in 13ms (next.js: 3ms, application-code: 11ms)
 GET / 307 in 1399ms (next.js: 1228ms, application-code: 172ms)
 GET /login 200 in 45ms (next.js: 16ms, application-code: 30ms)
 GET /login 200 in 87ms (next.js: 3ms, application-code: 84ms)
 GET /api/auth/get-session 200 in 191ms (next.js: 177ms, application-code: 14ms)
 GET /api/auth/get-session 200 in 8ms (next.js: 2ms, application-code: 6ms)
 GET /api/users/lookup?identifier=adminit 404 in 50ms (next.js: 16ms, application-code: 34ms)
 GET /api/users/lookup?identifier=adminit 404 in 20ms (next.js: 3ms, application-code: 18ms)
 GET /login 200 in 43ms (next.js: 2ms, application-code: 40ms)
 GET /api/auth/get-session 200 in 16ms (next.js: 9ms, application-code: 7ms)
 GET /api/users/lookup?identifier=adminit 404 in 13ms (next.js: 1992µs, application-code: 11ms)
 GET /api/users/lookup?identifier=superadmin 404 in 14ms (next.js: 1886µs, application-code: 12ms)
 GET /api/auth/get-session 200 in 24ms (next.js: 15ms, application-code: 9ms)
 GET /api/auth/get-session 200 in 11ms (next.js: 3ms, application-code: 8ms)
 GET /api/auth/get-session 200 in 20ms (next.js: 12ms, application-code: 8ms)
 GET /api/auth/get-session 200 in 12ms (next.js: 2ms, application-code: 10ms)
 GET /login 200 in 49ms (next.js: 2ms, application-code: 46ms)
 GET /api/auth/get-session 200 in 18ms (next.js: 9ms, application-code: 9ms)
 GET /api/users/lookup?identifier=superadmin 404 in 19ms (next.js: 3ms, application-code: 16ms)
 GET /api/auth/get-session 200 in 44ms (next.js: 31ms, application-code: 13ms)
 GET /api/auth/get-session 200 in 16ms (next.js: 3ms, application-code: 13ms)
 GET /api/auth/get-session 200 in 35ms (next.js: 25ms, application-code: 10ms)
 GET /api/auth/get-session 200 in 9ms (next.js: 2ms, application-code: 7ms)
 GET / 307 in 106ms (next.js: 3ms, application-code: 104ms)
 GET /login 200 in 58ms (next.js: 2ms, application-code: 56ms)
 GET /api/auth/get-session 200 in 21ms (next.js: 12ms, application-code: 9ms)
 GET /api/auth/get-session 200 in 13ms (next.js: 3ms, application-code: 10ms)
 GET /api/auth/get-session 200 in 21ms (next.js: 13ms, application-code: 8ms)
 GET /api/auth/get-session 200 in 8ms (next.js: 1917µs, application-code: 6ms)
 GET /api/auth/session 404 in 18ms (next.js: 11ms, application-code: 7ms)
 GET / 307 in 108ms (next.js: 3ms, application-code: 106ms)
 GET /login 200 in 49ms (next.js: 2ms, application-code: 47ms)
 GET /api/auth/get-session 200 in 18ms (next.js: 11ms, application-code: 7ms)
 GET /api/auth/get-session 200 in 19ms (next.js: 12ms, application-code: 7ms)
 GET /api/auth/get-session 200 in 9ms (next.js: 2ms, application-code: 7ms)
 GET /api/users/lookup?identifier=ketua 404 in 18ms (next.js: 1995µs, application-code: 16ms)
 GET /api/auth/get-session 200 in 52ms (next.js: 40ms, application-code: 12ms)
 GET /api/auth/get-session 200 in 13ms (next.js: 3ms, application-code: 10ms)
 GET /login 200 in 55ms (next.js: 2ms, application-code: 53ms)
 GET /api/auth/get-session 200 in 51ms (next.js: 40ms, application-code: 11ms)
 GET /api/users/lookup?identifier=superadmin 404 in 48ms (next.js: 6ms, application-code: 42ms)
