
> app_derry@1.0.0 dev
> node scripts/dev-server.js

[dev] Cleared legacy Turbopack cache to keep dev startup lighter.
[dev] Cleared stale Next dev server artifacts to avoid manifest corruption.
[dev] PostgreSQL belum terjangkau di 127.0.0.1:54329/aleta. Jika backend gagal konek, ALETA akan jatuh ke fallback in-memory khusus development.
[dev] Starting Next.js dev server with Webpack and NODE_OPTIONS="--max-old-space-size=2048".
▲ Next.js 16.2.3 (webpack)
- Local:         http://localhost:3000
- Network:       http://192.168.68.109:3000
- Environments: .env.local
✓ Ready in 832ms
[32m✔[0m [33mConsole Ninja[0m extension is connected to [33mNext.js[0m, see [36mhttps://tinyurl.com/2vt8jxzw[0m

○ Compiling /login ...
 GET /login 200 in 4.1s (next.js: 3.5s, application-code: 538ms)
 GET /api/auth/get-session 200 in 4.6s (next.js: 3.3s, application-code: 1318ms)
 GET /login 200 in 209ms (next.js: 59ms, application-code: 150ms)
 GET /login 200 in 56ms (next.js: 5ms, application-code: 52ms)
 GET /api/auth/get-session 200 in 30ms (next.js: 18ms, application-code: 12ms)
 GET /login 200 in 113ms (next.js: 5ms, application-code: 108ms)
 GET /api/auth/get-session 200 in 1607ms (next.js: 1552ms, application-code: 55ms)
 GET /api/users/lookup?identifier=superadmin 200 in 2.2s (next.js: 2.1s, application-code: 80ms)
 POST /api/auth/sign-in/email 200 in 73ms (next.js: 2ms, application-code: 70ms)
 GET /api/auth/get-session 200 in 2.1s (next.js: 2.1s, application-code: 78ms)
 GET /portal 200 in 2.3s (next.js: 2.1s, application-code: 218ms)
 GET /portal 200 in 65ms (next.js: 4ms, application-code: 62ms)
 GET /portal 200 in 126ms (next.js: 3ms, application-code: 122ms)
 GET /api/surat 200 in 2.5s (next.js: 2.3s, application-code: 134ms)
 GET /api/disposisi 200 in 2.4s (next.js: 2.3s, application-code: 136ms)
 GET /api/settings/whatsapp 200 in 2.4s (next.js: 2.3s, application-code: 143ms)
 GET /api/settings/institution 200 in 2.2s (next.js: 2.0s, application-code: 145ms)
 GET /api/ai/settings 200 in 2.4s (next.js: 2.3s, application-code: 157ms)
 GET /api/users 200 in 2.6s (next.js: 2.3s, application-code: 279ms)
 GET /portal 200 in 166ms (next.js: 68ms, application-code: 98ms)
○ Compiling /admin/status-whatsapp ...
 GET /api/settings/module-visibility 200 in 2.9s (next.js: 2.7s, application-code: 204ms)
 GET /admin/status-whatsapp 200 in 2.8s (next.js: 2.5s, application-code: 277ms)
 GET /api/surat 200 in 197ms (next.js: 12ms, application-code: 186ms)
 GET /api/disposisi 200 in 184ms (next.js: 7ms, application-code: 177ms)
 GET /api/settings/whatsapp 200 in 157ms (next.js: 11ms, application-code: 146ms)
 GET /api/ai/settings 200 in 182ms (next.js: 14ms, application-code: 168ms)
 GET /api/auth/get-session 200 in 66ms (next.js: 19ms, application-code: 47ms)
 GET /api/users 200 in 257ms (next.js: 10ms, application-code: 247ms)
 GET /api/settings/institution 200 in 58ms (next.js: 6ms, application-code: 52ms)
 GET /api/settings/module-visibility 200 in 54ms (next.js: 2ms, application-code: 51ms)
 GET /login 200 in 394ms (next.js: 20ms, application-code: 375ms)
 GET /api/auth/get-session 200 in 2.3s (next.js: 2.3s, application-code: 23ms)
 GET /api/whatsapp/status 200 in 3.9s (next.js: 3.7s, application-code: 179ms)
 GET /api/whatsapp/status 200 in 3.9s (next.js: 3.7s, application-code: 181ms)
 GET /login 200 in 152ms (next.js: 28ms, application-code: 124ms)
 GET /admin/status-whatsapp 200 in 96ms (next.js: 14ms, application-code: 82ms)
 POST /api/whatsapp/init 200 in 3.2s (next.js: 3.0s, application-code: 201ms)
 GET /api/whatsapp/status 200 in 34ms (next.js: 7ms, application-code: 27ms)
 GET /dashboard 200 in 2.7s (next.js: 2.3s, application-code: 385ms)
 GET /api/surat 200 in 269ms (next.js: 17ms, application-code: 252ms)
 GET /api/auth/get-session 200 in 108ms (next.js: 16ms, application-code: 91ms)
 GET /api/disposisi 200 in 259ms (next.js: 12ms, application-code: 247ms)
 GET /api/settings/whatsapp 200 in 191ms (next.js: 22ms, application-code: 169ms)
 GET /api/ai/settings 200 in 251ms (next.js: 36ms, application-code: 215ms)
 GET /api/users 200 in 358ms (next.js: 14ms, application-code: 343ms)
 GET /api/settings/institution 200 in 85ms (next.js: 13ms, application-code: 72ms)
 GET /api/settings/module-visibility 200 in 75ms (next.js: 12ms, application-code: 63ms)
 GET /login 200 in 507ms (next.js: 10ms, application-code: 497ms)
 GET /manajemen-surat 200 in 2.8s (next.js: 2.6s, application-code: 205ms)
 GET /manajemen-surat 200 in 31ms (next.js: 4ms, application-code: 27ms)
 GET /api/whatsapp/status 200 in 159ms (next.js: 105ms, application-code: 54ms)
 GET /api/whatsapp/status 200 in 41ms (next.js: 2ms, application-code: 38ms)
 GET /api/auth/get-session 200 in 27ms (next.js: 16ms, application-code: 10ms)
 GET /manajemen-surat 200 in 392ms (next.js: 3ms, application-code: 389ms)
 GET /api/auth/get-session 200 in 19ms (next.js: 2ms, application-code: 16ms)
 GET /api/surat 200 in 154ms (next.js: 6ms, application-code: 149ms)
 GET /api/disposisi 200 in 147ms (next.js: 4ms, application-code: 143ms)
 GET /api/settings/whatsapp 200 in 118ms (next.js: 9ms, application-code: 109ms)
 GET /api/ai/settings 200 in 159ms (next.js: 21ms, application-code: 138ms)
 GET /api/settings/institution 200 in 117ms (next.js: 10ms, application-code: 106ms)
 GET /api/users 200 in 220ms (next.js: 12ms, application-code: 207ms)
 GET /api/settings/module-visibility 200 in 42ms (next.js: 10ms, application-code: 31ms)
 GET /api/whatsapp/status 200 in 27ms (next.js: 2ms, application-code: 25ms)
 GET /api/whatsapp/status 200 in 115ms (next.js: 1978µs, application-code: 114ms)
 GET /api/whatsapp/status 200 in 2.6s (next.js: 2.4s, application-code: 160ms)
 GET /api/whatsapp/status 200 in 90ms (next.js: 1999µs, application-code: 88ms)
 GET /admin 200 in 4.4s (next.js: 4.2s, application-code: 238ms)
 GET /api/surat 200 in 165ms (next.js: 9ms, application-code: 156ms)
 GET /api/disposisi 200 in 154ms (next.js: 6ms, application-code: 148ms)
 GET /api/settings/whatsapp 200 in 118ms (next.js: 10ms, application-code: 109ms)
 GET /api/ai/settings 200 in 155ms (next.js: 20ms, application-code: 135ms)
 GET /api/auth/get-session 200 in 53ms (next.js: 12ms, application-code: 41ms)
 GET /api/users 200 in 242ms (next.js: 12ms, application-code: 229ms)
 GET /api/settings/institution 200 in 68ms (next.js: 12ms, application-code: 55ms)
 GET /api/settings/module-visibility 200 in 57ms (next.js: 11ms, application-code: 47ms)
 GET /login 200 in 366ms (next.js: 19ms, application-code: 348ms)
 GET /api/whatsapp/status 200 in 56ms (next.js: 2ms, application-code: 54ms)
 GET /api/whatsapp/status 200 in 64ms (next.js: 2ms, application-code: 62ms)
 GET /api/system/db-status 200 in 1918ms (next.js: 1861ms, application-code: 57ms)
 GET /api/system/db-status 200 in 1927ms (next.js: 1868ms, application-code: 59ms)
 GET /api/auth/get-session 200 in 19ms (next.js: 13ms, application-code: 7ms)
 GET /admin 200 in 206ms (next.js: 32ms, application-code: 174ms)
 GET /api/auth/get-session 200 in 95ms (next.js: 12ms, application-code: 84ms)
 GET /api/surat 200 in 180ms (next.js: 8ms, application-code: 172ms)
 GET /api/disposisi 200 in 170ms (next.js: 8ms, application-code: 162ms)
 GET /api/ai/settings 200 in 166ms (next.js: 21ms, application-code: 145ms)
 GET /api/settings/whatsapp 200 in 139ms (next.js: 11ms, application-code: 128ms)
 GET /api/users 200 in 244ms (next.js: 13ms, application-code: 230ms)
 GET /api/settings/institution 200 in 131ms (next.js: 11ms, application-code: 120ms)
 GET /api/settings/module-visibility 200 in 38ms (next.js: 11ms, application-code: 28ms)
 GET /api/whatsapp/status 200 in 142ms (next.js: 86ms, application-code: 56ms)
 GET /api/system/db-status 200 in 77ms (next.js: 3ms, application-code: 74ms)
 GET /api/system/db-status 200 in 66ms (next.js: 1978µs, application-code: 64ms)
 GET /api/whatsapp/status 200 in 74ms (next.js: 1795µs, application-code: 72ms)
 GET /admin/status-whatsapp 200 in 101ms (next.js: 25ms, application-code: 76ms)
 GET /api/auth/get-session 200 in 47ms (next.js: 10ms, application-code: 37ms)
 GET /api/surat 200 in 91ms (next.js: 1581µs, application-code: 90ms)
 GET /api/disposisi 200 in 88ms (next.js: 1617µs, application-code: 87ms)
 GET /api/ai/settings 200 in 90ms (next.js: 1559µs, application-code: 89ms)
 GET /api/settings/whatsapp 200 in 85ms (next.js: 1751µs, application-code: 83ms)
 GET /api/users 200 in 128ms (next.js: 1870µs, application-code: 126ms)
 GET /api/settings/institution 200 in 86ms (next.js: 1800µs, application-code: 84ms)
 GET /api/settings/module-visibility 200 in 25ms (next.js: 1723µs, application-code: 23ms)
 GET /api/whatsapp/status 200 in 30ms (next.js: 1785µs, application-code: 28ms)
 GET /api/whatsapp/status 200 in 32ms (next.js: 2ms, application-code: 30ms)
 GET /api/whatsapp/status 200 in 45ms (next.js: 6ms, application-code: 39ms)
 POST /api/whatsapp/deactivate 200 in 2.3s (next.js: 2.1s, application-code: 191ms)
 GET /dashboard 200 in 173ms (next.js: 39ms, application-code: 134ms)
 GET /api/surat 200 in 166ms (next.js: 7ms, application-code: 159ms)
 GET /api/disposisi 200 in 158ms (next.js: 5ms, application-code: 153ms)
 GET /api/settings/whatsapp 200 in 128ms (next.js: 11ms, application-code: 117ms)
 GET /api/ai/settings 200 in 169ms (next.js: 21ms, application-code: 148ms)
 GET /api/auth/get-session 200 in 62ms (next.js: 13ms, application-code: 48ms)
 GET /api/users 200 in 257ms (next.js: 16ms, application-code: 241ms)
 GET /api/settings/institution 200 in 71ms (next.js: 13ms, application-code: 58ms)
 GET /api/settings/module-visibility 200 in 61ms (next.js: 12ms, application-code: 49ms)
 GET /login 200 in 391ms (next.js: 20ms, application-code: 370ms)
 GET /manajemen-surat 200 in 87ms (next.js: 29ms, application-code: 58ms)
 GET /manajemen-surat 200 in 28ms (next.js: 4ms, application-code: 24ms)
 GET /api/whatsapp/status 200 in 44ms (next.js: 1957µs, application-code: 42ms)
 GET /api/whatsapp/status 200 in 38ms (next.js: 2ms, application-code: 36ms)
 GET /admin 200 in 88ms (next.js: 13ms, application-code: 75ms)
 GET /api/auth/get-session 200 in 8ms (next.js: 1741µs, application-code: 6ms)
 GET /api/auth/get-session 200 in 48ms (next.js: 10ms, application-code: 38ms)
 GET /api/surat 200 in 100ms (next.js: 1943µs, application-code: 98ms)
 GET /api/disposisi 200 in 96ms (next.js: 2ms, application-code: 94ms)
 GET /api/ai/settings 200 in 96ms (next.js: 1616µs, application-code: 95ms)
 GET /api/settings/whatsapp 200 in 90ms (next.js: 1757µs, application-code: 89ms)
 GET /api/users 200 in 139ms (next.js: 2ms, application-code: 137ms)
 GET /api/settings/institution 200 in 93ms (next.js: 2ms, application-code: 91ms)
 GET /api/settings/module-visibility 200 in 23ms (next.js: 2ms, application-code: 20ms)
 GET /api/system/db-status 200 in 64ms (next.js: 6ms, application-code: 58ms)
 GET /api/whatsapp/status 200 in 76ms (next.js: 1884µs, application-code: 74ms)
 GET /api/whatsapp/status 200 in 65ms (next.js: 1766µs, application-code: 64ms)
 GET /api/system/db-status 200 in 60ms (next.js: 3ms, application-code: 58ms)
 GET /login 200 in 77ms (next.js: 50ms, application-code: 27ms)
 GET /login 200 in 169ms (next.js: 3ms, application-code: 166ms)
 GET /api/auth/get-session 200 in 359ms (next.js: 332ms, application-code: 26ms)
 GET /login 200 in 438ms (next.js: 4ms, application-code: 434ms)
 GET /api/auth/get-session 200 in 1795ms (next.js: 1771ms, application-code: 23ms)
 GET /api/users/lookup?identifier=superadmin 200 in 2.1s (next.js: 2.0s, application-code: 52ms)
 POST /api/auth/sign-in/email 200 in 45ms (next.js: 1893µs, application-code: 43ms)
 GET /portal 200 in 232ms (next.js: 81ms, application-code: 151ms)
 GET /api/auth/get-session 200 in 35ms (next.js: 2ms, application-code: 33ms)
 GET /portal 200 in 84ms (next.js: 3ms, application-code: 81ms)
 GET /portal 200 in 51ms (next.js: 3ms, application-code: 47ms)
○ Compiling /api/settings/institution ...
 GET /api/surat 200 in 3.8s (next.js: 3.6s, application-code: 211ms)
 GET /api/disposisi 200 in 3.8s (next.js: 3.6s, application-code: 213ms)
 GET /api/settings/whatsapp 200 in 3.7s (next.js: 3.5s, application-code: 215ms)
 GET /api/settings/institution 200 in 3.1s (next.js: 2.9s, application-code: 217ms)
 GET /api/ai/settings 200 in 3.8s (next.js: 3.5s, application-code: 228ms)
 GET /api/users 200 in 3.8s (next.js: 3.6s, application-code: 253ms)
 GET /login 200 in 187ms (next.js: 59ms, application-code: 128ms)
 GET /api/settings/module-visibility 200 in 2.2s (next.js: 2.0s, application-code: 134ms)
 GET /portal 200 in 2.2s (next.js: 2.0s, application-code: 169ms)
 GET /portal 200 in 81ms (next.js: 3ms, application-code: 78ms)
 GET /login 200 in 159ms (next.js: 32ms, application-code: 127ms)
 GET /portal 200 in 103ms (next.js: 13ms, application-code: 90ms)
 POST /api/whatsapp/deactivate 200 in 1719ms (next.js: 1526ms, application-code: 193ms)
 GET /admin/status-whatsapp 200 in 2.4s (next.js: 2.0s, application-code: 374ms)
 GET /api/auth/get-session 200 in 264ms (next.js: 29ms, application-code: 235ms)
 GET /api/surat 200 in 210ms (next.js: 23ms, application-code: 187ms)
 GET /api/disposisi 200 in 183ms (next.js: 17ms, application-code: 166ms)
 GET /api/settings/whatsapp 200 in 134ms (next.js: 11ms, application-code: 122ms)
 GET /api/ai/settings 200 in 169ms (next.js: 26ms, application-code: 143ms)
 GET /api/users 200 in 287ms (next.js: 17ms, application-code: 270ms)
 GET /api/settings/institution 200 in 133ms (next.js: 12ms, application-code: 121ms)
 GET /api/settings/module-visibility 200 in 42ms (next.js: 12ms, application-code: 30ms)
 GET /api/whatsapp/status 200 in 2.7s (next.js: 2.6s, application-code: 47ms)
 GET /api/whatsapp/status 200 in 2.7s (next.js: 2.7s, application-code: 48ms)
 POST /api/whatsapp/init 200 in 1775ms (next.js: 1745ms, application-code: 31ms)
 GET /api/whatsapp/status 200 in 35ms (next.js: 12ms, application-code: 23ms)
 GET /api/whatsapp/status 200 in 26ms (next.js: 3ms, application-code: 23ms)
 GET /api/whatsapp/status 200 in 24ms (next.js: 1751µs, application-code: 22ms)
 GET /api/whatsapp/status 200 in 21ms (next.js: 1867µs, application-code: 19ms)
 GET /dashboard 200 in 1603ms (next.js: 1309ms, application-code: 294ms)
 GET /api/auth/get-session 200 in 427ms (next.js: 28ms, application-code: 399ms)
 GET /api/surat 200 in 249ms (next.js: 20ms, application-code: 229ms)
 GET /api/disposisi 200 in 227ms (next.js: 14ms, application-code: 213ms)
 GET /api/ai/settings 200 in 244ms (next.js: 21ms, application-code: 223ms)
 GET /api/settings/whatsapp 200 in 212ms (next.js: 10ms, application-code: 202ms)
 GET /api/users 200 in 559ms (next.js: 234ms, application-code: 326ms)
 GET /api/settings/institution 200 in 120ms (next.js: 12ms, application-code: 108ms)
 GET /api/settings/module-visibility 200 in 75ms (next.js: 12ms, application-code: 62ms)
 GET /manajemen-surat 200 in 3.3s (next.js: 3.1s, application-code: 179ms)
 GET /manajemen-surat 200 in 29ms (next.js: 4ms, application-code: 25ms)
 GET /api/whatsapp/status 200 in 122ms (next.js: 84ms, application-code: 38ms)
 GET /api/whatsapp/status 200 in 34ms (next.js: 1782µs, application-code: 32ms)
 GET /admin 200 in 164ms (next.js: 23ms, application-code: 142ms)
 GET /api/auth/get-session 200 in 122ms (next.js: 18ms, application-code: 104ms)
 GET /api/surat 200 in 170ms (next.js: 16ms, application-code: 154ms)
 GET /api/disposisi 200 in 153ms (next.js: 10ms, application-code: 142ms)
 GET /api/settings/whatsapp 200 in 116ms (next.js: 10ms, application-code: 106ms)
 GET /api/ai/settings 200 in 146ms (next.js: 21ms, application-code: 125ms)
 GET /api/users 200 in 231ms (next.js: 13ms, application-code: 218ms)
 GET /api/settings/institution 200 in 114ms (next.js: 11ms, application-code: 103ms)
 GET /api/settings/module-visibility 200 in 39ms (next.js: 12ms, application-code: 27ms)
 GET /api/whatsapp/status 200 in 66ms (next.js: 2ms, application-code: 64ms)
 GET /api/system/db-status 200 in 3.6s (next.js: 3.5s, application-code: 83ms)
 GET /api/system/db-status 200 in 3.5s (next.js: 3.5s, application-code: 85ms)
 GET /api/whatsapp/status 200 in 741ms (next.js: 653ms, application-code: 87ms)
 GET /api/whatsapp/status 200 in 3.6s (next.js: 3.5s, application-code: 88ms)
 GET /admin/status-whatsapp 200 in 246ms (next.js: 66ms, application-code: 180ms)
 GET /api/auth/get-session 200 in 143ms (next.js: 22ms, application-code: 121ms)
 GET /api/surat 200 in 185ms (next.js: 18ms, application-code: 168ms)
 GET /api/disposisi 200 in 165ms (next.js: 11ms, application-code: 154ms)
 GET /api/settings/whatsapp 200 in 122ms (next.js: 12ms, application-code: 110ms)
 GET /api/ai/settings 200 in 157ms (next.js: 27ms, application-code: 130ms)
 GET /api/users 200 in 244ms (next.js: 14ms, application-code: 230ms)
 GET /api/settings/institution 200 in 117ms (next.js: 11ms, application-code: 106ms)
 GET /api/settings/module-visibility 200 in 37ms (next.js: 11ms, application-code: 26ms)
 GET /api/whatsapp/status 200 in 41ms (next.js: 2ms, application-code: 38ms)
 GET /api/whatsapp/status 200 in 36ms (next.js: 2ms, application-code: 34ms)
 POST /api/whatsapp/deactivate 200 in 168ms (next.js: 11ms, application-code: 157ms)
 GET /dashboard 200 in 89ms (next.js: 24ms, application-code: 64ms)
 GET /api/auth/get-session 200 in 47ms (next.js: 10ms, application-code: 37ms)
 GET /api/surat 200 in 101ms (next.js: 2ms, application-code: 99ms)
 GET /api/disposisi 200 in 97ms (next.js: 2ms, application-code: 95ms)
 GET /api/ai/settings 200 in 97ms (next.js: 2ms, application-code: 95ms)
 GET /api/settings/whatsapp 200 in 90ms (next.js: 1846µs, application-code: 88ms)
 GET /api/users 200 in 139ms (next.js: 1743µs, application-code: 137ms)
 GET /api/settings/institution 200 in 92ms (next.js: 2ms, application-code: 90ms)
 GET /api/settings/module-visibility 200 in 24ms (next.js: 1796µs, application-code: 22ms)
 GET /manajemen-surat 200 in 77ms (next.js: 15ms, application-code: 62ms)
 GET /manajemen-surat 200 in 30ms (next.js: 4ms, application-code: 26ms)
 GET /api/whatsapp/status 200 in 38ms (next.js: 3ms, application-code: 35ms)
 GET /api/whatsapp/status 200 in 43ms (next.js: 3ms, application-code: 40ms)
 GET /admin 200 in 72ms (next.js: 14ms, application-code: 59ms)
 GET /api/auth/get-session 200 in 47ms (next.js: 11ms, application-code: 36ms)
 GET /api/surat 200 in 100ms (next.js: 2ms, application-code: 98ms)
 GET /api/disposisi 200 in 96ms (next.js: 1769µs, application-code: 95ms)
 GET /api/ai/settings 200 in 97ms (next.js: 1744µs, application-code: 95ms)
 GET /api/settings/whatsapp 200 in 90ms (next.js: 1960µs, application-code: 88ms)
 GET /api/users 200 in 139ms (next.js: 1800µs, application-code: 137ms)
 GET /api/settings/institution 200 in 90ms (next.js: 1763µs, application-code: 89ms)
 GET /api/settings/module-visibility 200 in 24ms (next.js: 1796µs, application-code: 23ms)
 GET /api/whatsapp/status 200 in 73ms (next.js: 2ms, application-code: 70ms)
 GET /api/system/db-status 200 in 72ms (next.js: 2ms, application-code: 70ms)
 GET /api/system/db-status 200 in 61ms (next.js: 3ms, application-code: 58ms)
 GET /api/whatsapp/status 200 in 69ms (next.js: 1827µs, application-code: 67ms)
 GET /api/auth/get-session 200 in 22ms (next.js: 12ms, application-code: 10ms)
 GET /api/auth/get-session 200 in 11ms (next.js: 2ms, application-code: 9ms)
 GET /api/users/lookup?identifier=superadmin 200 in 38ms (next.js: 11ms, application-code: 27ms)
 POST /api/auth/sign-in/email 200 in 54ms (next.js: 8ms, application-code: 47ms)
 GET /portal 200 in 152ms (next.js: 29ms, application-code: 123ms)
 GET /api/auth/get-session 200 in 43ms (next.js: 2ms, application-code: 41ms)
 GET /portal 200 in 89ms (next.js: 3ms, application-code: 86ms)
 GET /portal 200 in 69ms (next.js: 4ms, application-code: 65ms)
 GET /api/surat 200 in 68ms (next.js: 1760µs, application-code: 66ms)
 GET /api/disposisi 200 in 65ms (next.js: 1879µs, application-code: 63ms)
 GET /api/users 200 in 101ms (next.js: 2ms, application-code: 99ms)
 GET /api/ai/settings 200 in 81ms (next.js: 2ms, application-code: 78ms)
 GET /api/settings/whatsapp 200 in 71ms (next.js: 1921µs, application-code: 69ms)
 GET /api/settings/institution 200 in 67ms (next.js: 2ms, application-code: 65ms)
 GET /api/settings/module-visibility 200 in 95ms (next.js: 2ms, application-code: 93ms)
 GET /portal 200 in 80ms (next.js: 3ms, application-code: 77ms)
 GET /admin 200 in 24ms (next.js: 4ms, application-code: 19ms)
 GET /api/whatsapp/status 200 in 63ms (next.js: 3ms, application-code: 60ms)
 GET /api/system/db-status 200 in 63ms (next.js: 1747µs, application-code: 61ms)
 GET /api/system/db-status 200 in 60ms (next.js: 2ms, application-code: 58ms)
 GET /api/whatsapp/status 200 in 70ms (next.js: 3ms, application-code: 67ms)
 GET /admin/status-whatsapp 200 in 21ms (next.js: 3ms, application-code: 18ms)
 GET /api/whatsapp/status 200 in 40ms (next.js: 3ms, application-code: 38ms)
 GET /api/whatsapp/status 200 in 35ms (next.js: 1893µs, application-code: 33ms)
 GET /admin/pengaturan-ai 200 in 4.4s (next.js: 4.1s, application-code: 294ms)
 GET /api/auth/get-session 200 in 79ms (next.js: 36ms, application-code: 43ms)
 GET /api/auth/get-session 200 in 18ms (next.js: 1953µs, application-code: 16ms)
 POST /api/ai/providers/test-connection 200 in 4.1s (next.js: 2.4s, application-code: 1704ms)
 PUT /api/ai/settings 200 in 1077ms (next.js: 998ms, application-code: 79ms)
 GET /api/ai/settings 200 in 23ms (next.js: 2ms, application-code: 21ms)
 GET /api/auth/get-session 200 in 40ms (next.js: 21ms, application-code: 20ms)
 GET /api/auth/get-session 200 in 19ms (next.js: 2ms, application-code: 17ms)
 GET /api/auth/get-session 200 in 41ms (next.js: 17ms, application-code: 24ms)
 GET /api/auth/get-session 200 in 22ms (next.js: 3ms, application-code: 19ms)
 GET /api/auth/get-session 200 in 37ms (next.js: 15ms, application-code: 23ms)
 GET /api/auth/get-session 200 in 18ms (next.js: 4ms, application-code: 14ms)
 GET /api/auth/get-session 200 in 37ms (next.js: 13ms, application-code: 25ms)
 GET /api/auth/get-session 200 in 17ms (next.js: 2ms, application-code: 15ms)
 GET /api/auth/get-session 200 in 39ms (next.js: 17ms, application-code: 21ms)
 GET /api/auth/get-session 200 in 23ms (next.js: 2ms, application-code: 21ms)
 GET /api/auth/get-session 200 in 35ms (next.js: 11ms, application-code: 24ms)
 GET /api/auth/get-session 200 in 25ms (next.js: 3ms, application-code: 22ms)
 PUT /api/ai/settings 401 in 9ms (next.js: 1709µs, application-code: 8ms)
 PUT /api/ai/settings 401 in 10ms (next.js: 1796µs, application-code: 8ms)
 PUT /api/ai/settings 401 in 9ms (next.js: 1683µs, application-code: 8ms)
 PUT /api/ai/settings 401 in 8ms (next.js: 1728µs, application-code: 7ms)
 PUT /api/ai/settings 401 in 6ms (next.js: 1676µs, application-code: 4ms)
 PUT /api/ai/settings 401 in 7ms (next.js: 1752µs, application-code: 5ms)
 PUT /api/ai/settings 401 in 6ms (next.js: 1720µs, application-code: 5ms)
 PUT /api/ai/settings 401 in 7ms (next.js: 1955µs, application-code: 5ms)
 GET /admin/pengaturan-ai 307 in 331ms (next.js: 70ms, application-code: 262ms)
 GET /login 200 in 80ms (next.js: 15ms, application-code: 64ms)
 GET /api/auth/get-session 200 in 15ms (next.js: 9ms, application-code: 6ms)
 GET /api/users 401 in 3.3s (next.js: 3.3s, application-code: 48ms)
 GET /api/surat 401 in 3.3s (next.js: 3.3s, application-code: 48ms)
 GET /api/disposisi 401 in 3.3s (next.js: 3.3s, application-code: 48ms)
 GET /api/settings/whatsapp 401 in 3.3s (next.js: 3.2s, application-code: 48ms)
 GET /api/settings/institution 401 in 3.3s (next.js: 3.2s, application-code: 48ms)
 GET /api/ai/settings 401 in 3.3s (next.js: 3.3s, application-code: 47ms)
○ Compiling /api/settings/institution ...
 GET /api/settings/module-visibility 401 in 3.5s (next.js: 3.5s, application-code: 64ms)
 POST /api/auth/sign-out 200 in 3.4s (next.js: 3.4s, application-code: 59ms)
 GET /login 200 in 3.5s (next.js: 3.4s, application-code: 90ms)
 GET /api/auth/get-session 200 in 11ms (next.js: 2ms, application-code: 9ms)
 GET /api/users/lookup?identifier=superadmin 200 in 2.1s (next.js: 2.1s, application-code: 28ms)
 POST /api/auth/sign-in/email 401 in 158ms (next.js: 123ms, application-code: 35ms)
 GET /api/users/lookup?identifier=superadmin 200 in 19ms (next.js: 3ms, application-code: 16ms)
 POST /api/auth/sign-in/email 200 in 68ms (next.js: 11ms, application-code: 57ms)
 GET /portal 200 in 209ms (next.js: 72ms, application-code: 137ms)
 GET /api/auth/get-session 200 in 30ms (next.js: 2ms, application-code: 27ms)
 GET /portal 200 in 211ms (next.js: 3ms, application-code: 208ms)
 GET /portal 200 in 155ms (next.js: 4ms, application-code: 151ms)
 GET /api/surat 200 in 138ms (next.js: 18ms, application-code: 120ms)
 GET /api/disposisi 200 in 151ms (next.js: 13ms, application-code: 139ms)
 GET /api/users 200 in 254ms (next.js: 12ms, application-code: 243ms)
 GET /api/ai/settings 200 in 190ms (next.js: 24ms, application-code: 166ms)
 GET /api/settings/whatsapp 200 in 166ms (next.js: 13ms, application-code: 154ms)
 GET /api/settings/institution 200 in 164ms (next.js: 16ms, application-code: 148ms)
 GET /api/settings/module-visibility 200 in 146ms (next.js: 16ms, application-code: 130ms)
 GET /portal 200 in 117ms (next.js: 4ms, application-code: 113ms)
 GET /admin 200 in 52ms (next.js: 29ms, application-code: 23ms)
 GET /api/system/db-status 200 in 5.5s (next.js: 5.4s, application-code: 112ms)
 GET /api/system/db-status 200 in 5.5s (next.js: 5.4s, application-code: 115ms)
 GET /api/whatsapp/status 200 in 5.5s (next.js: 5.4s, application-code: 119ms)
 GET /api/whatsapp/status 200 in 5.6s (next.js: 5.5s, application-code: 121ms)
 GET /admin/pengaturan-ai 200 in 4.2s (next.js: 4.1s, application-code: 136ms)
 GET /admin/pengaturan-ai 200 in 62ms (next.js: 3ms, application-code: 59ms)
 PUT /api/ai/settings 200 in 71ms (next.js: 22ms, application-code: 49ms)
▲ Next.js 16.2.3 (webpack)
- Local:         http://localhost:3000
- Network:       http://192.168.68.109:3000
- Environments: .env.local
✓ Ready in 738ms
[32m✔[0m [33mConsole Ninja[0m extension is connected to [33mNext.js[0m, see [36mhttps://tinyurl.com/2vt8jxzw[0m

○ Compiling /admin/pengaturan-ai ...
 GET /admin/identitas-instansi 200 in 4.7s (next.js: 4.2s, application-code: 537ms)
 GET /api/ai/settings 200 in 10.9s (next.js: 9.3s, application-code: 1600ms)
 GET /admin/pengaturan-ai 200 in 10.9s (next.js: 9.2s, application-code: 1729ms)
○ Compiling /api/settings/whatsapp ...
 GET /api/surat 200 in 4.1s (next.js: 4.0s, application-code: 133ms)
 GET /api/disposisi 200 in 4.1s (next.js: 4.0s, application-code: 135ms)
 GET /api/settings/whatsapp 200 in 4.1s (next.js: 4.0s, application-code: 137ms)
 GET /api/ai/settings 200 in 4.1s (next.js: 4.0s, application-code: 145ms)
 GET /api/users 200 in 4.1s (next.js: 4.0s, application-code: 159ms)
 GET /api/auth/get-session 200 in 5.2s (next.js: 5.2s, application-code: 32ms)
 GET /api/auth/get-session 200 in 1958ms (next.js: 1907ms, application-code: 51ms)
 GET /api/settings/institution 200 in 3.1s (next.js: 3.0s, application-code: 87ms)
 GET /api/settings/module-visibility 200 in 3.1s (next.js: 3.0s, application-code: 95ms)
 GET /api/auth/get-session 200 in 14ms (next.js: 3ms, application-code: 11ms)
 GET /api/auth/get-session 200 in 35ms (next.js: 16ms, application-code: 20ms)
 GET /api/auth/get-session 200 in 14ms (next.js: 2ms, application-code: 12ms)
 PUT /api/ai/settings 200 in 55ms (next.js: 9ms, application-code: 46ms)
 GET /api/ai/settings 200 in 23ms (next.js: 1743µs, application-code: 21ms)
 PUT /api/ai/settings 200 in 70ms (next.js: 3ms, application-code: 68ms)
 GET /api/ai/settings 200 in 20ms (next.js: 1902µs, application-code: 18ms)
 PUT /api/ai/settings 200 in 44ms (next.js: 1841µs, application-code: 42ms)
 GET /api/ai/settings 200 in 19ms (next.js: 1775µs, application-code: 17ms)
 PUT /api/ai/settings 200 in 43ms (next.js: 1794µs, application-code: 41ms)
 GET /api/ai/settings 200 in 18ms (next.js: 2ms, application-code: 16ms)
 PUT /api/ai/settings 200 in 42ms (next.js: 2ms, application-code: 40ms)
 GET /api/ai/settings 200 in 17ms (next.js: 1879µs, application-code: 15ms)
 PUT /api/ai/settings 200 in 47ms (next.js: 1811µs, application-code: 45ms)
 GET /api/ai/settings 200 in 21ms (next.js: 1793µs, application-code: 19ms)
 GET /admin 200 in 2.6s (next.js: 2.3s, application-code: 329ms)
 GET /api/system/db-status 200 in 3.0s (next.js: 2.8s, application-code: 187ms)
 GET /api/system/db-status 200 in 3.0s (next.js: 2.8s, application-code: 189ms)
 GET /api/whatsapp/status 200 in 3.0s (next.js: 2.8s, application-code: 192ms)
 GET /api/whatsapp/status 200 in 3.0s (next.js: 2.8s, application-code: 194ms)
 GET /admin 200 in 183ms (next.js: 51ms, application-code: 132ms)
 GET /portal 200 in 1745ms (next.js: 1569ms, application-code: 176ms)
 GET /manajemen-surat 200 in 2.3s (next.js: 2.2s, application-code: 158ms)
 GET /api/whatsapp/status 200 in 249ms (next.js: 196ms, application-code: 53ms)
 GET /api/whatsapp/status 200 in 39ms (next.js: 2ms, application-code: 37ms)
 GET /surat?type=masuk 200 in 2.7s (next.js: 2.5s, application-code: 157ms)
 GET /admin/identitas-instansi 200 in 1654ms (next.js: 1498ms, application-code: 157ms)
 GET /api/ai/suggest-court-name?query=Pengadilan%20Agama%20Makassar%20Kelas%20IA 409 in 1562ms (next.js: 1499ms, application-code: 63ms)
 GET /portal 200 in 71ms (next.js: 41ms, application-code: 31ms)
 GET /api/auth/get-session 200 in 105ms (next.js: 29ms, application-code: 77ms)
 GET /api/auth/get-session 200 in 19ms (next.js: 3ms, application-code: 16ms)
 GET /api/auth/get-session 200 in 43ms (next.js: 19ms, application-code: 24ms)
 GET /api/auth/get-session 200 in 17ms (next.js: 1994µs, application-code: 15ms)
 GET /api/auth/get-session 200 in 31ms (next.js: 14ms, application-code: 17ms)
 GET /api/auth/get-session 200 in 19ms (next.js: 2ms, application-code: 17ms)
 GET /api/auth/get-session 200 in 37ms (next.js: 15ms, application-code: 23ms)
 GET /api/auth/get-session 200 in 18ms (next.js: 2ms, application-code: 16ms)
 GET /api/auth/get-session 200 in 41ms (next.js: 18ms, application-code: 24ms)
 GET /api/auth/get-session 200 in 19ms (next.js: 3ms, application-code: 17ms)
 GET /api/auth/get-session 200 in 38ms (next.js: 13ms, application-code: 24ms)
 GET /api/auth/get-session 200 in 16ms (next.js: 2ms, application-code: 13ms)
 GET /api/auth/get-session 200 in 34ms (next.js: 15ms, application-code: 19ms)
 GET /api/auth/get-session 200 in 22ms (next.js: 2ms, application-code: 20ms)
 GET /api/auth/get-session 200 in 42ms (next.js: 17ms, application-code: 25ms)
 GET /api/auth/get-session 200 in 25ms (next.js: 4ms, application-code: 22ms)
 GET /admin 200 in 53ms (next.js: 25ms, application-code: 28ms)
 GET /api/whatsapp/status 200 in 283ms (next.js: 217ms, application-code: 66ms)
 GET /api/system/db-status 200 in 76ms (next.js: 10ms, application-code: 67ms)
 GET /api/whatsapp/status 200 in 68ms (next.js: 1960µs, application-code: 66ms)
 GET /api/system/db-status 200 in 59ms (next.js: 1901µs, application-code: 57ms)
 GET /api/auth/get-session 200 in 35ms (next.js: 16ms, application-code: 19ms)
 GET /api/auth/get-session 200 in 18ms (next.js: 3ms, application-code: 15ms)
 GET /admin 200 in 262ms (next.js: 78ms, application-code: 184ms)
 GET /api/auth/get-session 200 in 32ms (next.js: 20ms, application-code: 13ms)
 GET /api/auth/get-session 200 in 11ms (next.js: 1862µs, application-code: 9ms)
 GET /api/auth/get-session 200 in 32ms (next.js: 18ms, application-code: 14ms)
 GET /api/auth/get-session 200 in 20ms (next.js: 4ms, application-code: 16ms)
 GET /api/auth/get-session 200 in 59ms (next.js: 12ms, application-code: 47ms)
 GET /api/auth/get-session 200 in 17ms (next.js: 3ms, application-code: 14ms)
 GET /api/auth/get-session 200 in 43ms (next.js: 18ms, application-code: 25ms)
 GET /api/auth/get-session 200 in 30ms (next.js: 5ms, application-code: 24ms)
 GET /admin 200 in 120ms (next.js: 3ms, application-code: 117ms)
 GET /api/auth/get-session 200 in 37ms (next.js: 15ms, application-code: 23ms)
 GET /api/auth/get-session 200 in 16ms (next.js: 3ms, application-code: 13ms)
 GET /admin 200 in 531ms (next.js: 168ms, application-code: 363ms)
 GET /admin 200 in 428ms (next.js: 215ms, application-code: 212ms)
 GET /api/auth/get-session 200 in 1935ms (next.js: 1884ms, application-code: 51ms)
 GET /api/auth/get-session 200 in 21ms (next.js: 3ms, application-code: 18ms)
 GET /admin/identitas-instansi 307 in 311ms (next.js: 97ms, application-code: 214ms)
 GET /login 200 in 3.7s (next.js: 2.3s, application-code: 1371ms)
 GET /admin 200 in 1557ms (next.js: 49ms, application-code: 1508ms)
 GET /login 200 in 44ms (next.js: 3ms, application-code: 41ms)
 GET /api/auth/get-session 200 in 40ms (next.js: 26ms, application-code: 14ms)
 GET /admin 200 in 194ms (next.js: 4ms, application-code: 191ms)
 GET /api/auth/get-session 200 in 18ms (next.js: 2ms, application-code: 15ms)
○ Compiling /api/users/lookup ...
 GET /api/users/lookup?identifier=superadmin 200 in 3.5s (next.js: 3.4s, application-code: 72ms)
 GET /api/surat 200 in 6.1s (next.js: 5.9s, application-code: 235ms)
 GET /api/disposisi 200 in 6.1s (next.js: 5.8s, application-code: 236ms)
 GET /api/settings/whatsapp 200 in 6.1s (next.js: 5.8s, application-code: 239ms)
 GET /api/settings/institution 200 in 6.1s (next.js: 5.8s, application-code: 241ms)
 GET /api/ai/settings 200 in 6.1s (next.js: 5.8s, application-code: 254ms)
 GET /api/users 200 in 6.2s (next.js: 5.9s, application-code: 312ms)
 GET /login 200 in 264ms (next.js: 56ms, application-code: 208ms)
 POST /api/auth/sign-in/email 200 in 116ms (next.js: 16ms, application-code: 100ms)
 GET /api/auth/get-session 200 in 2.6s (next.js: 2.5s, application-code: 91ms)
 GET /api/settings/module-visibility 200 in 2.9s (next.js: 2.6s, application-code: 228ms)
 GET /portal 200 in 2.8s (next.js: 2.5s, application-code: 271ms)
 GET /api/surat 200 in 80ms (next.js: 10ms, application-code: 70ms)
 GET /portal 200 in 120ms (next.js: 3ms, application-code: 117ms)
 GET /api/users 200 in 128ms (next.js: 9ms, application-code: 119ms)
 GET /admin 200 in 3.0s (next.js: 2.6s, application-code: 363ms)
 GET /api/disposisi 200 in 73ms (next.js: 6ms, application-code: 67ms)
 GET /portal 200 in 274ms (next.js: 3ms, application-code: 271ms)
 GET /api/ai/settings 200 in 102ms (next.js: 15ms, application-code: 88ms)
 GET /api/settings/whatsapp 200 in 83ms (next.js: 6ms, application-code: 77ms)
 GET /api/settings/institution 200 in 121ms (next.js: 7ms, application-code: 114ms)
 GET /api/settings/module-visibility 200 in 124ms (next.js: 3ms, application-code: 121ms)
 GET /portal 200 in 97ms (next.js: 3ms, application-code: 93ms)
 GET /api/system/db-status 200 in 3.2s (next.js: 2.9s, application-code: 318ms)
 GET /api/system/db-status 200 in 3.2s (next.js: 2.9s, application-code: 320ms)
 GET /api/whatsapp/status 200 in 3.2s (next.js: 2.9s, application-code: 324ms)
 GET /api/whatsapp/status 200 in 3.2s (next.js: 2.9s, application-code: 327ms)
 GET /portal 200 in 241ms (next.js: 13ms, application-code: 228ms)
 GET /admin 200 in 209ms (next.js: 13ms, application-code: 197ms)
 GET /admin/identitas-instansi 200 in 3.2s (next.js: 2.8s, application-code: 451ms)
 GET /api/auth/get-session 200 in 74ms (next.js: 11ms, application-code: 63ms)
 GET /api/surat 200 in 143ms (next.js: 14ms, application-code: 129ms)
 GET /api/disposisi 200 in 127ms (next.js: 9ms, application-code: 117ms)
 GET /api/ai/settings 200 in 123ms (next.js: 8ms, application-code: 116ms)
 GET /api/settings/whatsapp 200 in 114ms (next.js: 4ms, application-code: 110ms)
 GET /api/users 200 in 194ms (next.js: 6ms, application-code: 189ms)
 GET /api/settings/institution 200 in 55ms (next.js: 5ms, application-code: 49ms)
 GET /api/settings/module-visibility 200 in 46ms (next.js: 6ms, application-code: 40ms)
 GET /admin 200 in 297ms (next.js: 3ms, application-code: 294ms)
 GET /api/auth/get-session 200 in 16ms (next.js: 1735µs, application-code: 14ms)
 GET /api/surat 200 in 3.4s (next.js: 3.2s, application-code: 188ms)
 GET /api/disposisi 200 in 3.4s (next.js: 3.2s, application-code: 189ms)
 GET /api/settings/whatsapp 200 in 3.4s (next.js: 3.2s, application-code: 193ms)
 GET /api/settings/institution 200 in 3.4s (next.js: 3.2s, application-code: 195ms)
 GET /api/ai/settings 200 in 3.4s (next.js: 3.2s, application-code: 208ms)
 GET /api/ai/suggest-court-name?query=palu 200 in 3.5s (next.js: 3.2s, application-code: 276ms)
 GET /api/users 200 in 3.4s (next.js: 3.2s, application-code: 277ms)
 GET /api/settings/module-visibility 200 in 93ms (next.js: 5ms, application-code: 88ms)
 GET /admin/identitas-instansi 200 in 267ms (next.js: 28ms, application-code: 239ms)
 GET /admin 200 in 88ms (next.js: 13ms, application-code: 75ms)
 GET /api/system/db-status 200 in 56ms (next.js: 6ms, application-code: 51ms)
 GET /api/whatsapp/status 200 in 205ms (next.js: 143ms, application-code: 62ms)
 GET /api/system/db-status 200 in 46ms (next.js: 1304µs, application-code: 45ms)
 GET /api/whatsapp/status 200 in 52ms (next.js: 1672µs, application-code: 50ms)
 GET /api/ai/suggest-court-name?query=palu 200 in 47ms (next.js: 3ms, application-code: 44ms)
 GET /admin 200 in 491ms (next.js: 112ms, application-code: 379ms)
 GET /login 200 in 201ms (next.js: 20ms, application-code: 181ms)
 GET /api/auth/get-session 200 in 40ms (next.js: 24ms, application-code: 16ms)
 GET /admin 200 in 183ms (next.js: 3ms, application-code: 179ms)
 GET /api/users/lookup?identifier=superadmin 200 in 30ms (next.js: 15ms, application-code: 15ms)
 POST /api/auth/sign-in/email 200 in 61ms (next.js: 2ms, application-code: 59ms)
 GET /api/auth/get-session 200 in 65ms (next.js: 4ms, application-code: 62ms)
 GET /portal 200 in 162ms (next.js: 27ms, application-code: 135ms)
 GET /portal 200 in 74ms (next.js: 4ms, application-code: 70ms)
 GET /portal 200 in 200ms (next.js: 4ms, application-code: 195ms)
 GET /api/users 200 in 122ms (next.js: 12ms, application-code: 109ms)
 GET /api/surat 200 in 126ms (next.js: 19ms, application-code: 107ms)
 GET /api/disposisi 200 in 112ms (next.js: 19ms, application-code: 93ms)
 GET /api/settings/whatsapp 200 in 103ms (next.js: 10ms, application-code: 94ms)
 GET /api/ai/settings 200 in 139ms (next.js: 22ms, application-code: 117ms)
 GET /api/settings/institution 200 in 81ms (next.js: 12ms, application-code: 69ms)
 GET /api/settings/module-visibility 200 in 101ms (next.js: 11ms, application-code: 90ms)
 GET /api/auth/get-session 200 in 24ms (next.js: 10ms, application-code: 13ms)
 GET /portal 200 in 95ms (next.js: 3ms, application-code: 92ms)
 GET /api/surat 200 in 122ms (next.js: 1692µs, application-code: 120ms)
 GET /api/disposisi 200 in 119ms (next.js: 1580µs, application-code: 118ms)
 GET /api/settings/whatsapp 200 in 112ms (next.js: 2ms, application-code: 110ms)
 GET /api/settings/institution 200 in 108ms (next.js: 1546µs, application-code: 107ms)
 GET /api/ai/settings 200 in 126ms (next.js: 1673µs, application-code: 124ms)
 GET /api/users 200 in 159ms (next.js: 2ms, application-code: 157ms)
 GET /api/settings/module-visibility 200 in 37ms (next.js: 1830µs, application-code: 35ms)
 GET /admin/identitas-instansi 200 in 296ms (next.js: 38ms, application-code: 258ms)
 GET /api/system/db-status 200 in 57ms (next.js: 10ms, application-code: 47ms)
 GET /api/whatsapp/status 200 in 244ms (next.js: 181ms, application-code: 63ms)
 GET /api/system/db-status 200 in 54ms (next.js: 1498µs, application-code: 52ms)
 GET /api/whatsapp/status 200 in 61ms (next.js: 1740µs, application-code: 59ms)
 GET /api/auth/get-session 200 in 25ms (next.js: 10ms, application-code: 15ms)
 GET /api/surat 200 in 99ms (next.js: 1484µs, application-code: 97ms)
 GET /api/disposisi 200 in 95ms (next.js: 1400µs, application-code: 93ms)
 GET /api/settings/whatsapp 200 in 88ms (next.js: 1470µs, application-code: 87ms)
 GET /api/ai/settings 200 in 111ms (next.js: 1440µs, application-code: 109ms)
 GET /api/users 200 in 133ms (next.js: 2ms, application-code: 131ms)
 GET /api/settings/institution 200 in 92ms (next.js: 1963µs, application-code: 90ms)
 GET /api/settings/module-visibility 200 in 19ms (next.js: 1889µs, application-code: 17ms)
 GET /api/ai/suggest-court-name?query=palu 200 in 45ms (next.js: 14ms, application-code: 32ms)
 GET /api/ai/suggest-court-name?query=palu 200 in 30ms (next.js: 1922µs, application-code: 28ms)
 GET /api/auth/get-session 200 in 27ms (next.js: 13ms, application-code: 14ms)
 GET /login 200 in 37ms (next.js: 5ms, application-code: 33ms)
 GET /api/auth/get-session 200 in 10ms (next.js: 2ms, application-code: 8ms)
 GET /login 200 in 23ms (next.js: 3ms, application-code: 20ms)
 GET /api/users/lookup?identifier=superadmin 200 in 29ms (next.js: 1812µs, application-code: 28ms)
 POST /api/auth/sign-in/email 200 in 53ms (next.js: 9ms, application-code: 44ms)
 GET /portal 200 in 127ms (next.js: 3ms, application-code: 123ms)
 GET /api/auth/get-session 200 in 40ms (next.js: 3ms, application-code: 37ms)
 GET /portal 200 in 81ms (next.js: 4ms, application-code: 77ms)
 GET /portal 200 in 106ms (next.js: 4ms, application-code: 103ms)
 GET /api/surat 200 in 84ms (next.js: 1460µs, application-code: 82ms)
 GET /api/disposisi 200 in 89ms (next.js: 1790µs, application-code: 88ms)
 GET /api/ai/settings 200 in 100ms (next.js: 1600µs, application-code: 98ms)
 GET /api/settings/whatsapp 200 in 93ms (next.js: 1899µs, application-code: 91ms)
 GET /api/users 200 in 133ms (next.js: 1736µs, application-code: 131ms)
 GET /api/settings/institution 200 in 82ms (next.js: 1919µs, application-code: 80ms)
 GET /api/settings/module-visibility 200 in 82ms (next.js: 3ms, application-code: 80ms)
 GET /portal 200 in 76ms (next.js: 3ms, application-code: 73ms)
 GET /manajemen-surat 200 in 2.7s (next.js: 2.3s, application-code: 380ms)
 GET /admin 200 in 55ms (next.js: 34ms, application-code: 21ms)
 GET /admin 200 in 167ms (next.js: 3ms, application-code: 164ms)
 GET /admin 200 in 97ms (next.js: 3ms, application-code: 94ms)
 GET /api/system/db-status 200 in 7.8s (next.js: 7.6s, application-code: 144ms)
 GET /api/system/db-status 200 in 7.8s (next.js: 7.6s, application-code: 147ms)
 GET /api/whatsapp/status 200 in 7.8s (next.js: 7.6s, application-code: 151ms)
 GET /api/whatsapp/status 200 in 7.8s (next.js: 7.6s, application-code: 153ms)
 GET /admin/identitas-instansi 200 in 2.8s (next.js: 2.6s, application-code: 174ms)
 GET /admin/visibility-role 200 in 7.7s (next.js: 7.5s, application-code: 175ms)
 GET /admin/pengaturan-ai 200 in 2.8s (next.js: 2.6s, application-code: 145ms)
 GET /admin/identitas-instansi 200 in 48ms (next.js: 29ms, application-code: 20ms)
 GET /api/ai/suggest-court-name?query=pal 200 in 789ms (next.js: 614ms, application-code: 175ms)
 GET /api/ai/suggest-court-name?query=Pengadilan%20Agama%20Makassar%20Kelas%20IA 200 in 3.5s (next.js: 3.3s, application-code: 179ms)
 GET /admin/identitas-instansi 200 in 156ms (next.js: 44ms, application-code: 112ms)
 GET /api/ai/suggest-court-name?query=palu 200 in 30ms (next.js: 1683µs, application-code: 28ms)
 GET /api/ai/suggest-court-name?query=donggala 200 in 26ms (next.js: 2ms, application-code: 24ms)
 GET /api/ai/suggest-court-name?query=Pengadilan%20Agama%20Donggala 200 in 64ms (next.js: 3ms, application-code: 61ms)
 GET /api/auth/get-session 200 in 42ms (next.js: 24ms, application-code: 17ms)
 GET /api/auth/get-session 200 in 14ms (next.js: 2ms, application-code: 11ms)
 GET /api/ai/suggest-court-name?query=Pengadilan%20Agama%20Donggala 200 in 38ms (next.js: 1865µs, application-code: 36ms)
 GET /api/ai/suggest-court-name?query=pengadilan 200 in 29ms (next.js: 1896µs, application-code: 27ms)
 GET /api/ai/suggest-court-name?query=pengadilan%20agama 200 in 32ms (next.js: 1782µs, application-code: 31ms)
 GET /api/ai/suggest-court-name?query=pengadilan%20agama%20d 200 in 29ms (next.js: 1705µs, application-code: 27ms)
 GET /api/ai/suggest-court-name?query=pengadilan%20agama%20do 200 in 30ms (next.js: 1724µs, application-code: 28ms)
 GET /api/ai/suggest-court-name?query=pengadilan%20agama%20 200 in 25ms (next.js: 1859µs, application-code: 24ms)
 GET /api/ai/suggest-court-name?query=pengadilan%20agama%20ku 200 in 25ms (next.js: 2ms, application-code: 23ms)
 GET /api/ai/suggest-court-name?query=pengadilan%20agama%20kun 200 in 28ms (next.js: 2ms, application-code: 26ms)
 GET /api/ai/suggest-court-name?query=pengadilan%20agama%20kuni 200 in 31ms (next.js: 1999µs, application-code: 29ms)
 GET /api/ai/suggest-court-name?query=pengadilan%20agama%20kuningan 200 in 29ms (next.js: 1705µs, application-code: 27ms)
 GET /api/auth/get-session 200 in 26ms (next.js: 14ms, application-code: 12ms)
 GET /api/auth/get-session 200 in 17ms (next.js: 3ms, application-code: 14ms)
 GET /api/ai/suggest-court-name?query=pengadilan%20agama%20kuningan 200 in 34ms (next.js: 1974µs, application-code: 32ms)
 GET /api/ai/suggest-court-name?query=pengadilan%20agama%20kuningan 200 in 30ms (next.js: 1764µs, application-code: 28ms)
 GET /api/auth/get-session 200 in 25ms (next.js: 14ms, application-code: 11ms)
 GET /api/auth/get-session 200 in 14ms (next.js: 3ms, application-code: 11ms)
 GET /api/ai/suggest-court-name?query=pengadilan%20agama%20kuningan 200 in 30ms (next.js: 3ms, application-code: 27ms)
 GET /api/auth/get-session 200 in 27ms (next.js: 13ms, application-code: 13ms)
 GET /api/auth/get-session 200 in 11ms (next.js: 1586µs, application-code: 10ms)
 GET /api/auth/get-session 200 in 37ms (next.js: 17ms, application-code: 21ms)
 GET /api/auth/get-session 200 in 16ms (next.js: 1769µs, application-code: 14ms)
 GET /admin/pengaturan-ai 200 in 54ms (next.js: 28ms, application-code: 27ms)
 GET /admin/identitas-instansi 200 in 25ms (next.js: 3ms, application-code: 22ms)
 GET /api/ai/suggest-court-name?query=Pengadilan%20Agama%20Makassar%20Kelas%20IA 200 in 45ms (next.js: 2ms, application-code: 43ms)
 GET /api/ai/suggest-court-name?query=Pengadilan%20Agama%20Palu%20Kelas%20IA 200 in 37ms (next.js: 2ms, application-code: 34ms)
 GET /api/ai/suggest-court-name?query=don 200 in 30ms (next.js: 2ms, application-code: 28ms)
 GET /api/auth/get-session 200 in 20ms (next.js: 11ms, application-code: 9ms)
 GET /api/auth/get-session 200 in 16ms (next.js: 2ms, application-code: 13ms)
 GET /api/ai/suggest-court-name?query=Pengadilan%20Agama%20Donggala 200 in 37ms (next.js: 3ms, application-code: 34ms)
 GET /api/ai/suggest-court-name?query=pta 200 in 32ms (next.js: 1888µs, application-code: 30ms)
 GET /api/auth/get-session 200 in 25ms (next.js: 12ms, application-code: 13ms)
 GET /api/auth/get-session 200 in 11ms (next.js: 1812µs, application-code: 9ms)
 GET /api/ai/suggest-court-name?query=Pengadilan%20Tinggi%20Agama%20Makassar 200 in 31ms (next.js: 2ms, application-code: 29ms)
 GET /api/ai/suggest-court-name?query=mah 200 in 34ms (next.js: 1954µs, application-code: 32ms)
 GET /api/ai/suggest-court-name?query=Mahkamah%20Agung%20Republik%20Indonesia 200 in 28ms (next.js: 1688µs, application-code: 27ms)
 GET /api/ai/suggest-court-name?query=donggala 200 in 27ms (next.js: 1888µs, application-code: 25ms)
 GET /api/auth/get-session 200 in 33ms (next.js: 15ms, application-code: 17ms)
 GET /api/auth/get-session 200 in 16ms (next.js: 3ms, application-code: 13ms)
 GET /api/ai/suggest-court-name?query=Pengadilan%20Agama%20Donggala 200 in 30ms (next.js: 1700µs, application-code: 28ms)
 GET /api/ai/suggest-court-name?query=mahkam 200 in 29ms (next.js: 1757µs, application-code: 27ms)
 GET /api/auth/get-session 200 in 32ms (next.js: 14ms, application-code: 18ms)
 GET /api/auth/get-session 200 in 12ms (next.js: 1795µs, application-code: 11ms)
 GET /api/ai/suggest-court-name?query=Mahkamah%20Agung%20Republik%20Indonesia 200 in 33ms (next.js: 2ms, application-code: 31ms)
 GET /api/ai/suggest-court-name?query=pn%20pal 200 in 28ms (next.js: 2ms, application-code: 26ms)
 GET /api/ai/suggest-court-name?query=pn%20paly 200 in 25ms (next.js: 2ms, application-code: 22ms)
 GET /api/ai/suggest-court-name?query=pn%20pal 200 in 29ms (next.js: 1982µs, application-code: 27ms)
 GET /api/auth/get-session 200 in 33ms (next.js: 12ms, application-code: 21ms)
 GET /api/auth/get-session 200 in 13ms (next.js: 2ms, application-code: 11ms)
 GET /api/auth/get-session 200 in 29ms (next.js: 16ms, application-code: 13ms)
 GET /api/auth/get-session 200 in 11ms (next.js: 1737µs, application-code: 9ms)
 GET /api/auth/get-session 200 in 27ms (next.js: 13ms, application-code: 14ms)
 GET /api/auth/get-session 200 in 15ms (next.js: 1776µs, application-code: 14ms)
 GET /api/auth/get-session 200 in 32ms (next.js: 16ms, application-code: 16ms)
 GET /api/auth/get-session 200 in 14ms (next.js: 2ms, application-code: 12ms)
 GET /api/auth/get-session 200 in 36ms (next.js: 14ms, application-code: 21ms)
 GET /api/auth/get-session 200 in 13ms (next.js: 1600µs, application-code: 11ms)
 GET /api/auth/get-session 200 in 65ms (next.js: 11ms, application-code: 54ms)
 GET /api/auth/get-session 200 in 37ms (next.js: 2ms, application-code: 35ms)
 GET /api/auth/get-session 200 in 26ms (next.js: 12ms, application-code: 14ms)
 GET /api/auth/get-session 200 in 17ms (next.js: 1767µs, application-code: 15ms)
 GET /api/auth/get-session 200 in 33ms (next.js: 17ms, application-code: 16ms)
 GET /api/auth/get-session 200 in 19ms (next.js: 2ms, application-code: 16ms)
 GET /admin/identitas-instansi 200 in 84ms (next.js: 3ms, application-code: 81ms)
 GET /admin/identitas-instansi 200 in 531ms (next.js: 190ms, application-code: 341ms)
 GET /admin/identitas-instansi 200 in 380ms (next.js: 88ms, application-code: 292ms)
 GET /admin/identitas-instansi 200 in 233ms (next.js: 59ms, application-code: 175ms)
 GET /admin/identitas-instansi 200 in 45ms (next.js: 4ms, application-code: 41ms)
 GET /login 200 in 52ms (next.js: 17ms, application-code: 35ms)
 GET /login 200 in 18ms (next.js: 2ms, application-code: 16ms)
 GET /portal 200 in 100ms (next.js: 23ms, application-code: 77ms)
 GET /portal 200 in 74ms (next.js: 3ms, application-code: 71ms)
 GET /login 200 in 44ms (next.js: 2ms, application-code: 41ms)
 GET /login 200 in 24ms (next.js: 2ms, application-code: 22ms)
 GET /portal 200 in 303ms (next.js: 5ms, application-code: 298ms)
 GET /login 200 in 1898ms (next.js: 1852ms, application-code: 47ms)
 GET /login 200 in 19ms (next.js: 2ms, application-code: 17ms)
 GET /login 200 in 104ms (next.js: 73ms, application-code: 31ms)
 GET /portal 200 in 377ms (next.js: 25ms, application-code: 353ms)
 GET /portal 200 in 66ms (next.js: 3ms, application-code: 63ms)
 GET /login 200 in 53ms (next.js: 2ms, application-code: 51ms)
 GET /login 200 in 33ms (next.js: 2ms, application-code: 31ms)
▲ Next.js 16.2.3 (webpack)
- Local:         http://localhost:3000
- Network:       http://192.168.68.109:3000
- Environments: .env.local
✓ Ready in 774ms
[32m✔[0m [33mConsole Ninja[0m extension is connected to [33mNext.js[0m, see [36mhttps://tinyurl.com/2vt8jxzw[0m

○ Compiling /login ...
 GET /login 200 in 4.3s (next.js: 3.7s, application-code: 550ms)
○ Compiling /api/settings/whatsapp ...
 GET /api/users 401 in 5.3s (next.js: 4.0s, application-code: 1267ms)
 GET /api/surat 401 in 5.3s (next.js: 4.0s, application-code: 1267ms)
 GET /api/disposisi 401 in 5.1s (next.js: 3.9s, application-code: 1267ms)
 GET /api/ai/settings 401 in 5.1s (next.js: 3.9s, application-code: 1267ms)
 GET /api/settings/whatsapp 401 in 5.1s (next.js: 3.9s, application-code: 1266ms)
 GET /api/auth/get-session 200 in 5.3s (next.js: 5.1s, application-code: 201ms)
 GET /api/settings/institution 401 in 1685ms (next.js: 1638ms, application-code: 47ms)
 GET /api/settings/module-visibility 401 in 1683ms (next.js: 1636ms, application-code: 47ms)
 POST /api/auth/sign-out 200 in 1669ms (next.js: 1628ms, application-code: 41ms)
 GET /api/auth/get-session 200 in 11ms (next.js: 3ms, application-code: 8ms)
 GET /login 200 in 254ms (next.js: 62ms, application-code: 191ms)
 GET /login 200 in 50ms (next.js: 3ms, application-code: 47ms)
 GET /api/auth/get-session 200 in 38ms (next.js: 23ms, application-code: 16ms)
 GET /login 200 in 107ms (next.js: 3ms, application-code: 104ms)
 GET /api/auth/get-session 200 in 9ms (next.js: 2ms, application-code: 7ms)
 GET /api/users/lookup?identifier=superadmin 200 in 1470ms (next.js: 1436ms, application-code: 35ms)
 GET /login 200 in 409ms (next.js: 51ms, application-code: 357ms)
 GET /login 200 in 329ms (next.js: 2ms, application-code: 326ms)
 POST /api/auth/sign-in/email 200 in 322ms (next.js: 222ms, application-code: 100ms)
 GET /api/auth/get-session 200 in 3.1s (next.js: 3.0s, application-code: 91ms)
 GET /portal 200 in 3.2s (next.js: 3.0s, application-code: 266ms)
 GET /portal 200 in 63ms (next.js: 3ms, application-code: 61ms)
 GET /login 200 in 154ms (next.js: 16ms, application-code: 138ms)
 GET /portal 200 in 104ms (next.js: 3ms, application-code: 101ms)
 GET /api/surat 200 in 2.6s (next.js: 2.5s, application-code: 121ms)
 GET /api/disposisi 200 in 2.6s (next.js: 2.4s, application-code: 122ms)
 GET /api/settings/whatsapp 200 in 2.6s (next.js: 2.4s, application-code: 131ms)
 GET /api/settings/institution 200 in 2.3s (next.js: 2.2s, application-code: 134ms)
 GET /api/ai/settings 200 in 2.6s (next.js: 2.4s, application-code: 145ms)
 GET /api/users 200 in 2.7s (next.js: 2.5s, application-code: 171ms)
○ Compiling /api/settings/module-visibility ...
 GET /api/settings/module-visibility 200 in 1873ms (next.js: 1751ms, application-code: 122ms)
 GET /portal 200 in 1871ms (next.js: 1722ms, application-code: 149ms)
 GET /portal 200 in 84ms (next.js: 3ms, application-code: 81ms)
 GET /admin/identitas-instansi 200 in 2.1s (next.js: 1768ms, application-code: 363ms)
 GET /api/surat 200 in 195ms (next.js: 18ms, application-code: 176ms)
 GET /api/disposisi 200 in 175ms (next.js: 6ms, application-code: 169ms)
 GET /api/settings/whatsapp 200 in 146ms (next.js: 6ms, application-code: 139ms)
 GET /api/ai/settings 200 in 175ms (next.js: 16ms, application-code: 159ms)
 GET /api/auth/get-session 200 in 66ms (next.js: 25ms, application-code: 42ms)
 GET /api/users 200 in 261ms (next.js: 12ms, application-code: 249ms)
 GET /api/settings/institution 200 in 56ms (next.js: 6ms, application-code: 49ms)
 GET /api/settings/module-visibility 200 in 52ms (next.js: 6ms, application-code: 46ms)
 GET /login 200 in 393ms (next.js: 22ms, application-code: 370ms)
 GET /api/auth/get-session 200 in 12ms (next.js: 3ms, application-code: 9ms)
 GET /api/ai/suggest-court-name?query=palu 200 in 1833ms (next.js: 1784ms, application-code: 49ms)
 POST /api/settings/institution/enrich 200 in 3.2s (next.js: 1549ms, application-code: 1686ms)
 GET /api/ai/suggest-court-name?query=sungguminasa 200 in 69ms (next.js: 18ms, application-code: 51ms)
 POST /api/settings/institution/enrich 200 in 4.9s (next.js: 3ms, application-code: 4.9s)
 GET /api/ai/suggest-court-name?query=pta%20palu 200 in 41ms (next.js: 3ms, application-code: 38ms)
 POST /api/settings/institution/enrich 200 in 2.7s (next.js: 2ms, application-code: 2.7s)
 GET /login 200 in 255ms (next.js: 216ms, application-code: 39ms)
 GET /login 200 in 170ms (next.js: 3ms, application-code: 167ms)
 GET /login 200 in 81ms (next.js: 3ms, application-code: 77ms)
 GET /api/auth/get-session 200 in 1675ms (next.js: 1647ms, application-code: 29ms)
 GET /login 200 in 94ms (next.js: 58ms, application-code: 36ms)
 GET /api/auth/get-session 200 in 8ms (next.js: 1758µs, application-code: 7ms)
 GET /login 200 in 178ms (next.js: 3ms, application-code: 175ms)
 GET /api/auth/get-session 200 in 19ms (next.js: 11ms, application-code: 8ms)
 GET /login 200 in 43ms (next.js: 2ms, application-code: 41ms)
 GET /api/auth/get-session 200 in 20ms (next.js: 10ms, application-code: 10ms)
 GET /api/users/lookup?identifier=superadmin 200 in 621ms (next.js: 592ms, application-code: 29ms)
 POST /api/auth/sign-in/email 200 in 262ms (next.js: 186ms, application-code: 77ms)
 GET /api/auth/get-session 200 in 1485ms (next.js: 1420ms, application-code: 64ms)
 GET /portal 200 in 1637ms (next.js: 1432ms, application-code: 205ms)
 GET /portal 200 in 77ms (next.js: 4ms, application-code: 74ms)
 GET /portal 200 in 153ms (next.js: 4ms, application-code: 148ms)
○ Compiling /api/settings/institution ...
 GET /api/surat 200 in 4.3s (next.js: 4.1s, application-code: 130ms)
 GET /api/disposisi 200 in 4.2s (next.js: 4.1s, application-code: 132ms)
 GET /api/settings/whatsapp 200 in 4.2s (next.js: 4.1s, application-code: 135ms)
 GET /api/settings/institution 200 in 4.1s (next.js: 3.9s, application-code: 137ms)
 GET /api/ai/settings 200 in 4.2s (next.js: 4.1s, application-code: 148ms)
 GET /api/users 200 in 4.3s (next.js: 4.1s, application-code: 174ms)
 GET /api/settings/module-visibility 200 in 2.1s (next.js: 2.0s, application-code: 82ms)
 GET /portal 200 in 2.1s (next.js: 2.0s, application-code: 99ms)
 GET /login 200 in 198ms (next.js: 18ms, application-code: 179ms)
 GET /api/auth/get-session 200 in 33ms (next.js: 22ms, application-code: 12ms)
 GET /login 200 in 49ms (next.js: 2ms, application-code: 46ms)
 GET /api/auth/get-session 200 in 23ms (next.js: 11ms, application-code: 11ms)
 GET /api/users/lookup?identifier=superadmin 200 in 34ms (next.js: 12ms, application-code: 21ms)
 POST /api/auth/sign-in/email 200 in 54ms (next.js: 1831µs, application-code: 52ms)
 GET /portal 200 in 114ms (next.js: 3ms, application-code: 111ms)
 GET /api/auth/get-session 200 in 36ms (next.js: 2ms, application-code: 34ms)
 GET /portal 200 in 77ms (next.js: 3ms, application-code: 74ms)
 GET /portal 200 in 100ms (next.js: 4ms, application-code: 97ms)
 GET /api/surat 200 in 94ms (next.js: 17ms, application-code: 77ms)
 GET /api/disposisi 200 in 74ms (next.js: 11ms, application-code: 63ms)
 GET /api/users 200 in 148ms (next.js: 10ms, application-code: 138ms)
 GET /api/ai/settings 200 in 114ms (next.js: 22ms, application-code: 92ms)
 GET /api/settings/whatsapp 200 in 79ms (next.js: 10ms, application-code: 69ms)
 GET /api/settings/institution 200 in 66ms (next.js: 10ms, application-code: 56ms)
 GET /api/settings/module-visibility 200 in 85ms (next.js: 3ms, application-code: 82ms)
 GET /portal 200 in 65ms (next.js: 3ms, application-code: 62ms)
 GET /login 200 in 42ms (next.js: 2ms, application-code: 40ms)
 GET /api/auth/get-session 200 in 19ms (next.js: 12ms, application-code: 7ms)
 GET /api/users/lookup?identifier=superadmin 200 in 19ms (next.js: 2ms, application-code: 17ms)
 POST /api/auth/sign-in/email 200 in 38ms (next.js: 3ms, application-code: 36ms)
 GET /portal 200 in 121ms (next.js: 4ms, application-code: 117ms)
 GET /api/auth/get-session 200 in 32ms (next.js: 2ms, application-code: 30ms)
 GET /portal 200 in 76ms (next.js: 3ms, application-code: 73ms)
 GET /portal 200 in 88ms (next.js: 4ms, application-code: 84ms)
 GET /api/surat 200 in 105ms (next.js: 2ms, application-code: 103ms)
 GET /api/disposisi 200 in 102ms (next.js: 2ms, application-code: 100ms)
 GET /api/users 200 in 137ms (next.js: 3ms, application-code: 134ms)
 GET /api/ai/settings 200 in 116ms (next.js: 3ms, application-code: 113ms)
 GET /api/settings/whatsapp 200 in 110ms (next.js: 3ms, application-code: 107ms)
 GET /api/settings/institution 200 in 105ms (next.js: 3ms, application-code: 102ms)
 GET /api/settings/module-visibility 200 in 177ms (next.js: 2ms, application-code: 175ms)
 GET /portal 200 in 69ms (next.js: 3ms, application-code: 66ms)
 GET /admin/identitas-instansi 200 in 158ms (next.js: 23ms, application-code: 135ms)
 GET /api/auth/get-session 200 in 48ms (next.js: 10ms, application-code: 38ms)
 GET /api/surat 200 in 88ms (next.js: 1541µs, application-code: 87ms)
 GET /api/disposisi 200 in 85ms (next.js: 1823µs, application-code: 83ms)
 GET /api/settings/whatsapp 200 in 78ms (next.js: 1370µs, application-code: 77ms)
 GET /api/ai/settings 200 in 90ms (next.js: 1500µs, application-code: 89ms)
 GET /api/users 200 in 123ms (next.js: 1776µs, application-code: 121ms)
 GET /api/settings/institution 200 in 77ms (next.js: 2ms, application-code: 75ms)
 GET /api/settings/module-visibility 200 in 24ms (next.js: 1819µs, application-code: 22ms)
 GET /api/ai/suggest-court-name?query=palu 200 in 2.2s (next.js: 2.1s, application-code: 57ms)
 POST /api/settings/institution/enrich 200 in 1531ms (next.js: 1306ms, application-code: 225ms)
 GET /login 200 in 91ms (next.js: 16ms, application-code: 75ms)
 GET /admin/identitas-instansi 200 in 198ms (next.js: 65ms, application-code: 133ms)
 GET /api/ai/suggest-court-name?query=sungguminasa 200 in 48ms (next.js: 20ms, application-code: 29ms)
 POST /api/settings/institution/enrich 200 in 6.0s (next.js: 1798µs, application-code: 6.0s)
 GET /api/ai/suggest-court-name?query=pta%20palu 200 in 44ms (next.js: 2ms, application-code: 42ms)
 POST /api/settings/institution/enrich 200 in 37ms (next.js: 2ms, application-code: 35ms)
 GET /login 200 in 192ms (next.js: 162ms, application-code: 29ms)
 GET /login 200 in 156ms (next.js: 2ms, application-code: 154ms)
 GET /api/auth/get-session 200 in 744ms (next.js: 720ms, application-code: 23ms)
 GET /api/users/lookup?identifier=superadmin 200 in 752ms (next.js: 726ms, application-code: 26ms)
 POST /api/auth/sign-in/email 200 in 148ms (next.js: 99ms, application-code: 49ms)
 GET /portal 200 in 195ms (next.js: 60ms, application-code: 135ms)
 GET /api/auth/get-session 200 in 36ms (next.js: 2ms, application-code: 34ms)
 GET /portal 200 in 79ms (next.js: 3ms, application-code: 76ms)
 GET /portal 200 in 47ms (next.js: 4ms, application-code: 43ms)
○ Compiling /api/settings/institution ...
 GET /api/surat 200 in 4.0s (next.js: 3.8s, application-code: 136ms)
 GET /api/disposisi 200 in 4.0s (next.js: 3.8s, application-code: 138ms)
 GET /api/settings/whatsapp 200 in 3.9s (next.js: 3.8s, application-code: 157ms)
 GET /api/users 200 in 4.0s (next.js: 3.8s, application-code: 158ms)
 GET /api/ai/settings 200 in 4.0s (next.js: 3.8s, application-code: 160ms)
 GET /api/settings/institution 200 in 3.4s (next.js: 3.2s, application-code: 160ms)
 GET /login 200 in 249ms (next.js: 69ms, application-code: 180ms)
 GET /api/auth/get-session 200 in 35ms (next.js: 22ms, application-code: 13ms)
 GET /api/users/lookup?identifier=superadmin 200 in 31ms (next.js: 11ms, application-code: 20ms)
 POST /api/auth/sign-in/email 200 in 52ms (next.js: 3ms, application-code: 49ms)
 GET /portal 200 in 180ms (next.js: 37ms, application-code: 143ms)
 GET /api/auth/get-session 200 in 45ms (next.js: 3ms, application-code: 42ms)
 GET /portal 200 in 91ms (next.js: 3ms, application-code: 88ms)
 GET /portal 200 in 86ms (next.js: 5ms, application-code: 81ms)
 GET /api/surat 200 in 73ms (next.js: 3ms, application-code: 70ms)
 GET /api/disposisi 200 in 74ms (next.js: 1786µs, application-code: 72ms)
 GET /api/users 200 in 121ms (next.js: 2ms, application-code: 119ms)
 GET /api/ai/settings 200 in 118ms (next.js: 3ms, application-code: 115ms)
 GET /api/settings/whatsapp 200 in 101ms (next.js: 1997µs, application-code: 99ms)
 GET /api/settings/institution 200 in 93ms (next.js: 3ms, application-code: 90ms)
 GET /api/settings/module-visibility 200 in 3.4s (next.js: 3.3s, application-code: 104ms)
 GET /portal 200 in 3.3s (next.js: 3.2s, application-code: 120ms)
 GET /login 200 in 141ms (next.js: 16ms, application-code: 125ms)
 GET /api/auth/get-session 200 in 29ms (next.js: 19ms, application-code: 10ms)
 GET /api/users/lookup?identifier=superadmin 200 in 27ms (next.js: 12ms, application-code: 15ms)
 POST /api/auth/sign-in/email 200 in 41ms (next.js: 1673µs, application-code: 39ms)
 GET /portal 200 in 111ms (next.js: 3ms, application-code: 108ms)
 GET /api/auth/get-session 200 in 35ms (next.js: 3ms, application-code: 32ms)
 GET /portal 200 in 77ms (next.js: 3ms, application-code: 74ms)
 GET /portal 200 in 102ms (next.js: 4ms, application-code: 98ms)
 GET /api/surat 200 in 81ms (next.js: 16ms, application-code: 65ms)
 GET /api/disposisi 200 in 66ms (next.js: 11ms, application-code: 54ms)
 GET /api/users 200 in 156ms (next.js: 10ms, application-code: 146ms)
 GET /api/ai/settings 200 in 114ms (next.js: 23ms, application-code: 91ms)
 GET /api/settings/whatsapp 200 in 77ms (next.js: 10ms, application-code: 67ms)
 GET /api/settings/institution 200 in 63ms (next.js: 10ms, application-code: 52ms)
 GET /api/settings/module-visibility 200 in 81ms (next.js: 2ms, application-code: 79ms)
 GET /portal 200 in 60ms (next.js: 3ms, application-code: 57ms)
 GET /admin/identitas-instansi 200 in 144ms (next.js: 25ms, application-code: 119ms)
 GET /api/auth/get-session 200 in 23ms (next.js: 10ms, application-code: 13ms)
 GET /api/surat 200 in 86ms (next.js: 1660µs, application-code: 84ms)
 GET /api/disposisi 200 in 82ms (next.js: 1579µs, application-code: 81ms)
 GET /api/ai/settings 200 in 88ms (next.js: 1417µs, application-code: 86ms)
 GET /api/settings/whatsapp 200 in 85ms (next.js: 1378µs, application-code: 83ms)
 GET /api/users 200 in 124ms (next.js: 3ms, application-code: 122ms)
 GET /api/settings/institution 200 in 82ms (next.js: 1933µs, application-code: 80ms)
 GET /api/settings/module-visibility 200 in 26ms (next.js: 2ms, application-code: 24ms)
 GET /api/ai/suggest-court-name?query=palu 200 in 1608ms (next.js: 1561ms, application-code: 47ms)
 POST /api/settings/institution/enrich 200 in 3.5s (next.js: 1574ms, application-code: 1957ms)
 GET /api/ai/suggest-court-name?query=sungguminasa 200 in 44ms (next.js: 19ms, application-code: 24ms)
 POST /api/settings/institution/enrich 200 in 3.6s (next.js: 2ms, application-code: 3.6s)
 GET /api/ai/suggest-court-name?query=pta%20palu 200 in 45ms (next.js: 3ms, application-code: 42ms)
 POST /api/settings/institution/enrich 200 in 12.1s (next.js: 1828µs, application-code: 12.1s)
 GET /login 200 in 333ms (next.js: 169ms, application-code: 164ms)
 GET /api/auth/get-session 200 in 890ms (next.js: 856ms, application-code: 34ms)
 GET /api/users/lookup?identifier=superadmin 200 in 659ms (next.js: 642ms, application-code: 17ms)
 POST /api/auth/sign-in/email 200 in 140ms (next.js: 97ms, application-code: 43ms)
 GET /portal 200 in 207ms (next.js: 76ms, application-code: 130ms)
 GET /api/auth/get-session 200 in 34ms (next.js: 1882µs, application-code: 33ms)
 GET /portal 200 in 71ms (next.js: 3ms, application-code: 68ms)
 GET /portal 200 in 37ms (next.js: 3ms, application-code: 34ms)
○ Compiling /api/settings/institution ...
 GET /api/surat 200 in 4.0s (next.js: 3.9s, application-code: 104ms)
 GET /api/disposisi 200 in 4.0s (next.js: 3.9s, application-code: 106ms)
 GET /api/settings/whatsapp 200 in 3.9s (next.js: 3.8s, application-code: 108ms)
 GET /api/settings/institution 200 in 3.4s (next.js: 3.3s, application-code: 109ms)
 GET /api/ai/settings 200 in 4.0s (next.js: 3.9s, application-code: 119ms)
 GET /api/users 200 in 4.0s (next.js: 3.9s, application-code: 140ms)
 GET /api/settings/module-visibility 200 in 2.4s (next.js: 2.4s, application-code: 93ms)
 GET /portal 200 in 2.4s (next.js: 2.3s, application-code: 110ms)
 GET /admin/identitas-instansi 200 in 723ms (next.js: 24ms, application-code: 699ms)
 GET /api/auth/get-session 200 in 119ms (next.js: 21ms, application-code: 98ms)
 GET /api/surat 200 in 174ms (next.js: 16ms, application-code: 158ms)
 GET /api/disposisi 200 in 156ms (next.js: 13ms, application-code: 143ms)
 GET /api/ai/settings 200 in 147ms (next.js: 22ms, application-code: 125ms)
 GET /api/settings/whatsapp 200 in 120ms (next.js: 13ms, application-code: 107ms)
 GET /api/users 200 in 230ms (next.js: 14ms, application-code: 216ms)
 GET /api/settings/institution 200 in 110ms (next.js: 11ms, application-code: 100ms)
 GET /api/settings/module-visibility 200 in 28ms (next.js: 1914µs, application-code: 26ms)
 GET /api/ai/suggest-court-name?query=palu 200 in 1950ms (next.js: 1911ms, application-code: 39ms)
 POST /api/settings/institution/enrich 200 in 1801ms (next.js: 1599ms, application-code: 203ms)
 GET /login 200 in 87ms (next.js: 17ms, application-code: 70ms)
 GET /admin/identitas-instansi 200 in 188ms (next.js: 59ms, application-code: 128ms)
 GET /api/ai/suggest-court-name?query=sungguminasa 200 in 71ms (next.js: 22ms, application-code: 48ms)
 POST /api/settings/institution/enrich 200 in 42ms (next.js: 2ms, application-code: 40ms)
 GET /api/ai/suggest-court-name?query=pta%20palu 200 in 44ms (next.js: 2ms, application-code: 41ms)
 POST /api/settings/institution/enrich 200 in 12.1s (next.js: 2ms, application-code: 12.1s)
 GET /login 200 in 332ms (next.js: 171ms, application-code: 161ms)
 GET /api/auth/get-session 200 in 1341ms (next.js: 1314ms, application-code: 26ms)
 GET /api/users/lookup?identifier=superadmin 200 in 650ms (next.js: 627ms, application-code: 24ms)
 POST /api/auth/sign-in/email 200 in 229ms (next.js: 173ms, application-code: 57ms)
 GET /portal 200 in 205ms (next.js: 67ms, application-code: 138ms)
 GET /api/auth/get-session 200 in 36ms (next.js: 1850µs, application-code: 35ms)
 GET /portal 200 in 73ms (next.js: 4ms, application-code: 69ms)
 GET /portal 200 in 41ms (next.js: 3ms, application-code: 38ms)
○ Compiling /api/settings/institution ...
 GET /api/surat 200 in 4.2s (next.js: 4.1s, application-code: 104ms)
 GET /api/disposisi 200 in 4.2s (next.js: 4.1s, application-code: 105ms)
 GET /api/settings/whatsapp 200 in 4.2s (next.js: 4.0s, application-code: 106ms)
 GET /api/settings/institution 200 in 3.5s (next.js: 3.4s, application-code: 108ms)
 GET /api/ai/settings 200 in 4.2s (next.js: 4.1s, application-code: 118ms)
 GET /api/users 200 in 4.3s (next.js: 4.1s, application-code: 146ms)
 GET /api/settings/module-visibility 200 in 2.2s (next.js: 2.1s, application-code: 86ms)
 GET /portal 200 in 2.2s (next.js: 2.1s, application-code: 101ms)
 GET /admin/identitas-instansi 200 in 345ms (next.js: 26ms, application-code: 318ms)
 GET /api/auth/get-session 200 in 119ms (next.js: 22ms, application-code: 97ms)
 GET /api/surat 200 in 168ms (next.js: 16ms, application-code: 151ms)
 GET /api/disposisi 200 in 153ms (next.js: 11ms, application-code: 142ms)
 GET /api/ai/settings 200 in 146ms (next.js: 23ms, application-code: 123ms)
 GET /api/settings/whatsapp 200 in 117ms (next.js: 11ms, application-code: 106ms)
 GET /api/users 200 in 221ms (next.js: 13ms, application-code: 208ms)
 GET /api/settings/institution 200 in 100ms (next.js: 11ms, application-code: 90ms)
 GET /api/settings/module-visibility 200 in 26ms (next.js: 1962µs, application-code: 24ms)
 GET /api/ai/suggest-court-name?query=palu 200 in 2.2s (next.js: 2.1s, application-code: 41ms)
 POST /api/settings/institution/enrich 200 in 1791ms (next.js: 1587ms, application-code: 205ms)
 GET /login 200 in 99ms (next.js: 18ms, application-code: 81ms)
 GET /admin/identitas-instansi 200 in 199ms (next.js: 58ms, application-code: 141ms)
 GET /api/ai/suggest-court-name?query=sungguminasa 200 in 68ms (next.js: 24ms, application-code: 45ms)
 POST /api/settings/institution/enrich 200 in 2.6s (next.js: 2ms, application-code: 2.6s)
 GET /api/ai/suggest-court-name?query=pta%20palu 200 in 58ms (next.js: 3ms, application-code: 55ms)
 POST /api/settings/institution/enrich 200 in 2.6s (next.js: 1896µs, application-code: 2.6s)
 GET /login 200 in 165ms (next.js: 2ms, application-code: 163ms)
 GET /api/auth/get-session 200 in 35ms (next.js: 25ms, application-code: 11ms)
 GET /api/users/lookup?identifier=superadmin 200 in 34ms (next.js: 14ms, application-code: 20ms)
 POST /api/auth/sign-in/email 200 in 40ms (next.js: 2ms, application-code: 38ms)
 GET /portal 200 in 130ms (next.js: 28ms, application-code: 102ms)
 GET /api/auth/get-session 200 in 31ms (next.js: 1956µs, application-code: 29ms)
 GET /portal 200 in 72ms (next.js: 3ms, application-code: 69ms)
 GET /portal 200 in 100ms (next.js: 4ms, application-code: 96ms)
 GET /api/surat 200 in 91ms (next.js: 18ms, application-code: 73ms)
 GET /api/disposisi 200 in 71ms (next.js: 11ms, application-code: 60ms)
 GET /api/users 200 in 138ms (next.js: 11ms, application-code: 127ms)
 GET /api/ai/settings 200 in 113ms (next.js: 15ms, application-code: 98ms)
 GET /api/settings/whatsapp 200 in 89ms (next.js: 11ms, application-code: 78ms)
 GET /api/settings/institution 200 in 76ms (next.js: 10ms, application-code: 66ms)
 GET /api/settings/module-visibility 200 in 88ms (next.js: 10ms, application-code: 78ms)
 GET /portal 200 in 59ms (next.js: 3ms, application-code: 57ms)
 GET /admin/identitas-instansi 200 in 122ms (next.js: 3ms, application-code: 120ms)
 GET /api/auth/get-session 200 in 45ms (next.js: 9ms, application-code: 35ms)
 GET /api/surat 200 in 85ms (next.js: 1411µs, application-code: 84ms)
 GET /api/disposisi 200 in 83ms (next.js: 1358µs, application-code: 81ms)
 GET /api/ai/settings 200 in 85ms (next.js: 1328µs, application-code: 84ms)
 GET /api/settings/whatsapp 200 in 81ms (next.js: 1866µs, application-code: 79ms)
 GET /api/users 200 in 122ms (next.js: 1804µs, application-code: 120ms)
 GET /api/settings/institution 200 in 61ms (next.js: 1830µs, application-code: 59ms)
 GET /api/settings/module-visibility 200 in 31ms (next.js: 1977µs, application-code: 29ms)
 GET /api/ai/suggest-court-name?query=sungguminasa 200 in 28ms (next.js: 1840µs, application-code: 26ms)
 POST /api/settings/institution/enrich 200 in 30ms (next.js: 2ms, application-code: 28ms)
 GET /api/auth/get-session 200 in 20ms (next.js: 11ms, application-code: 10ms)
 GET /api/auth/get-session 200 in 14ms (next.js: 3ms, application-code: 11ms)
 GET /api/users/lookup?identifier=superadmin 200 in 17ms (next.js: 1935µs, application-code: 15ms)
 POST /api/auth/sign-in/email 200 in 53ms (next.js: 9ms, application-code: 44ms)
 GET /portal 200 in 136ms (next.js: 3ms, application-code: 132ms)
 GET /api/auth/get-session 200 in 31ms (next.js: 2ms, application-code: 29ms)
 GET /portal 200 in 78ms (next.js: 5ms, application-code: 73ms)
 GET /portal 200 in 72ms (next.js: 3ms, application-code: 69ms)
 GET /api/surat 200 in 52ms (next.js: 2ms, application-code: 49ms)
 GET /api/disposisi 200 in 50ms (next.js: 1737µs, application-code: 49ms)
 GET /api/users 200 in 84ms (next.js: 1786µs, application-code: 82ms)
 GET /api/settings/whatsapp 200 in 66ms (next.js: 1615µs, application-code: 64ms)
 GET /api/ai/settings 200 in 79ms (next.js: 1847µs, application-code: 77ms)
 GET /api/settings/institution 200 in 66ms (next.js: 1853µs, application-code: 64ms)
 GET /api/settings/module-visibility 200 in 122ms (next.js: 1985µs, application-code: 120ms)
 GET /portal 200 in 86ms (next.js: 4ms, application-code: 82ms)
 GET /admin 200 in 3.9s (next.js: 3.6s, application-code: 266ms)
 GET /api/auth/get-session 200 in 81ms (next.js: 31ms, application-code: 49ms)
 GET /api/auth/get-session 200 in 19ms (next.js: 2ms, application-code: 17ms)
 GET /admin 200 in 30ms (next.js: 4ms, application-code: 26ms)
 GET /admin 200 in 216ms (next.js: 3ms, application-code: 213ms)
 GET /admin 200 in 166ms (next.js: 8ms, application-code: 158ms)
 GET /api/system/db-status 200 in 5.7s (next.js: 5.0s, application-code: 720ms)
 GET /api/system/db-status 200 in 5.7s (next.js: 5.0s, application-code: 724ms)
 GET /api/whatsapp/status 200 in 5.7s (next.js: 5.0s, application-code: 728ms)
 GET /api/whatsapp/status 200 in 5.7s (next.js: 5.0s, application-code: 732ms)
 GET /admin/identitas-instansi 200 in 3.6s (next.js: 2.8s, application-code: 777ms)
 GET /admin/identitas-instansi 200 in 150ms (next.js: 6ms, application-code: 145ms)
 GET /api/ai/suggest-court-name?query=Pengadilan%20Agama%20Makassar%20Kelas%20IA 200 in 2.1s (next.js: 1992ms, application-code: 141ms)
 GET /admin/identitas-instansi 200 in 121ms (next.js: 31ms, application-code: 89ms)
 GET /api/ai/suggest-court-name?query=donggala 200 in 29ms (next.js: 1869µs, application-code: 27ms)
 POST /api/settings/institution/enrich 200 in 2.4s (next.js: 1844ms, application-code: 601ms)
 GET /api/ai/suggest-court-name?query=Pengadilan%20Agama%20Donggala 200 in 45ms (next.js: 14ms, application-code: 31ms)
 GET /api/ai/suggest-court-name?query=pal 200 in 30ms (next.js: 1876µs, application-code: 28ms)
 GET /api/ai/suggest-court-name?query=palu 200 in 51ms (next.js: 2ms, application-code: 49ms)
 POST /api/settings/institution/enrich 200 in 39ms (next.js: 2ms, application-code: 37ms)
 GET /api/ai/suggest-court-name?query=Pengadilan%20Negeri%20Palu 200 in 34ms (next.js: 2ms, application-code: 32ms)
 GET /api/ai/suggest-court-name?query=jakarta 200 in 35ms (next.js: 3ms, application-code: 33ms)
 GET /api/ai/suggest-court-name?query=jakarta 200 in 30ms (next.js: 2ms, application-code: 28ms)
 GET /api/ai/suggest-court-name?query=Jak 200 in 30ms (next.js: 2ms, application-code: 28ms)
 GET /api/ai/suggest-court-name?query=Jakar 200 in 50ms (next.js: 3ms, application-code: 47ms)
 GET /api/ai/suggest-court-name?query=Jakarta 200 in 37ms (next.js: 2ms, application-code: 35ms)
 GET /api/ai/suggest-court-name?query=Jakarta%20 200 in 34ms (next.js: 2ms, application-code: 32ms)
 GET /api/ai/suggest-court-name?query=Jakarta%20Pusat 200 in 31ms (next.js: 2ms, application-code: 29ms)
 GET /api/ai/suggest-court-name?query=Jakarta%20Pusat 200 in 34ms (next.js: 1884µs, application-code: 32ms)
 GET /api/ai/suggest-court-name?query=Pengadilan%20Agama 200 in 29ms (next.js: 2ms, application-code: 26ms)
 GET /api/ai/suggest-court-name?query=Pengadilan%20Agama%20 200 in 29ms (next.js: 2ms, application-code: 27ms)
 GET /api/ai/suggest-court-name?query=Pengadilan%20Agama%20Ja 200 in 30ms (next.js: 1971µs, application-code: 28ms)
 GET /api/ai/suggest-court-name?query=Pengadilan%20Agama%20Jak 200 in 31ms (next.js: 2ms, application-code: 29ms)
 GET /api/ai/suggest-court-name?query=Pengadilan%20Agama%20Jaka 200 in 24ms (next.js: 1879µs, application-code: 22ms)
 GET /api/ai/suggest-court-name?query=Pengadilan%20Agama%20Jakar 200 in 24ms (next.js: 1736µs, application-code: 22ms)
 GET /api/ai/suggest-court-name?query=Pengadilan%20Agama%20Jakarta 200 in 27ms (next.js: 1778µs, application-code: 25ms)
 POST /api/settings/institution/enrich 200 in 923ms (next.js: 1929µs, application-code: 921ms)
 GET /api/ai/suggest-court-name?query=Pengadilan%20Agama%20Bulukumba 200 in 26ms (next.js: 1887µs, application-code: 24ms)
 GET /api/ai/suggest-court-name?query=pal 200 in 47ms (next.js: 3ms, application-code: 44ms)
 POST /api/settings/institution/enrich 200 in 3.0s (next.js: 2ms, application-code: 3.0s)
 GET /api/ai/suggest-court-name?query=Pengadilan%20Tinggi%20Sulawesi%20Tengah 200 in 31ms (next.js: 1992µs, application-code: 29ms)
 GET /api/ai/suggest-court-name?query=dongga 200 in 28ms (next.js: 2ms, application-code: 26ms)
 POST /api/settings/institution/enrich 200 in 34ms (next.js: 1877µs, application-code: 32ms)
 GET /api/ai/suggest-court-name?query=Pengadilan%20Agama%20Donggala 200 in 27ms (next.js: 2ms, application-code: 24ms)
 GET /api/ai/suggest-court-name?query=pengad 200 in 25ms (next.js: 1998µs, application-code: 23ms)
 GET /api/ai/suggest-court-name?query=pengadi 200 in 29ms (next.js: 1958µs, application-code: 27ms)
 GET /api/ai/suggest-court-name?query=pengadil 200 in 31ms (next.js: 2ms, application-code: 29ms)
 GET /api/ai/suggest-court-name?query=tingg 200 in 28ms (next.js: 1973µs, application-code: 26ms)
 POST /api/settings/institution/enrich 200 in 26ms (next.js: 1863µs, application-code: 24ms)
 GET /api/ai/suggest-court-name?query=Pengadilan%20Tinggi%20Agama%20Palu 200 in 27ms (next.js: 2ms, application-code: 25ms)
 GET /api/ai/suggest-court-name?query=tinggi 200 in 31ms (next.js: 1843µs, application-code: 29ms)
 POST /api/settings/institution/enrich 200 in 30ms (next.js: 2ms, application-code: 28ms)
 GET /api/ai/suggest-court-name?query=Pengadilan%20Tinggi%20Sulawesi%20Tengah 200 in 27ms (next.js: 2ms, application-code: 25ms)
 POST /api/settings/institution/enrich 200 in 24ms (next.js: 1917µs, application-code: 22ms)
 PUT /api/settings/institution 400 in 2.5s (next.js: 2.5s, application-code: 53ms)
 GET /admin/identitas-instansi 200 in 338ms (next.js: 71ms, application-code: 266ms)
○ Compiling /api/settings/whatsapp ...
 GET /api/auth/get-session 200 in 4.3s (next.js: 4.2s, application-code: 77ms)
 GET /api/surat 200 in 4.3s (next.js: 4.1s, application-code: 138ms)
 GET /api/disposisi 200 in 4.3s (next.js: 4.1s, application-code: 139ms)
 GET /api/settings/whatsapp 200 in 4.3s (next.js: 4.1s, application-code: 141ms)
 GET /api/ai/settings 200 in 4.3s (next.js: 4.1s, application-code: 162ms)
 GET /api/users 200 in 4.3s (next.js: 4.1s, application-code: 186ms)
 GET /api/settings/institution 200 in 59ms (next.js: 12ms, application-code: 47ms)
 GET /api/settings/module-visibility 200 in 1291ms (next.js: 1250ms, application-code: 41ms)
▲ Next.js 16.2.3 (webpack)
- Local:         http://localhost:3000
- Network:       http://192.168.68.109:3000
- Environments: .env.local
✓ Ready in 739ms
[32m✔[0m [33mConsole Ninja[0m extension is connected to [33mNext.js[0m, see [36mhttps://tinyurl.com/2vt8jxzw[0m

○ Compiling /admin/identitas-instansi ...
 GET /api/ai/suggest-court-name?query=pengad 200 in 2.9s (next.js: 1247ms, application-code: 1620ms)
 GET /api/ai/suggest-court-name?query=Pengadilan%20Agama%20Makassar%20Kelas%20IA 200 in 5.4s (next.js: 3.7s, application-code: 1625ms)
 GET /api/ai/suggest-court-name?query=pengad 200 in 11ms (next.js: 4ms, application-code: 7ms)
 GET /admin/identitas-instansi 200 in 9.7s (next.js: 8.0s, application-code: 1741ms)
 GET /api/surat 200 in 2.6s (next.js: 2.5s, application-code: 136ms)
 GET /api/disposisi 200 in 2.6s (next.js: 2.5s, application-code: 138ms)
 GET /api/settings/whatsapp 200 in 2.6s (next.js: 2.5s, application-code: 140ms)
 GET /api/ai/settings 200 in 2.6s (next.js: 2.5s, application-code: 146ms)
 GET /api/users 200 in 2.6s (next.js: 2.5s, application-code: 161ms)
○ Compiling /api/settings/module-visibility ...
 GET /api/auth/get-session 200 in 3.9s (next.js: 3.8s, application-code: 114ms)
 GET /api/settings/institution 200 in 1894ms (next.js: 1832ms, application-code: 62ms)
 GET /api/settings/module-visibility 200 in 1895ms (next.js: 1829ms, application-code: 66ms)
 GET /api/ai/suggest-court-name?query=Pengadilan%20Agama%20Makassar%20Kelas%20IA 200 in 54ms (next.js: 20ms, application-code: 34ms)
 PUT /api/settings/institution 400 in 29ms (next.js: 8ms, application-code: 21ms)
 PUT /api/settings/institution 400 in 21ms (next.js: 1766µs, application-code: 19ms)
 GET /api/ai/suggest-court-name?query=Pengadilan%20Agama%20Palu%20Kelas%20IA 200 in 31ms (next.js: 8ms, application-code: 23ms)
 GET /api/ai/suggest-court-name?query=tinggi 200 in 26ms (next.js: 1850µs, application-code: 24ms)
 POST /api/settings/institution/enrich 200 in 48ms (next.js: 3ms, application-code: 45ms)
 PUT /api/settings/institution 400 in 21ms (next.js: 2ms, application-code: 19ms)
 POST /api/settings/institution/enrich 200 in 20.2s (next.js: 1442ms, application-code: 18.7s)
 GET /api/auth/get-session 200 in 69ms (next.js: 23ms, application-code: 46ms)
 GET /api/auth/get-session 200 in 18ms (next.js: 2ms, application-code: 16ms)
 PUT /api/settings/institution 200 in 47ms (next.js: 2ms, application-code: 45ms)
 GET /api/auth/get-session 200 in 31ms (next.js: 17ms, application-code: 14ms)
 GET /api/auth/get-session 200 in 12ms (next.js: 1851µs, application-code: 10ms)
 GET /api/ai/suggest-court-name?query=Pengadilan%20Tinggi%20Sulawesi%20Tengah 200 in 28ms (next.js: 1993µs, application-code: 26ms)
 GET /api/ai/suggest-court-name?query=palyu 200 in 28ms (next.js: 1731µs, application-code: 26ms)
 GET /api/ai/suggest-court-name?query=pal 200 in 25ms (next.js: 3ms, application-code: 23ms)
 GET /api/ai/suggest-court-name?query=palu 200 in 25ms (next.js: 1947µs, application-code: 23ms)
 POST /api/settings/institution/enrich 200 in 27ms (next.js: 1793µs, application-code: 26ms)
 GET / 307 in 1637ms (next.js: 1477ms, application-code: 160ms)
 GET /login 200 in 1066ms (next.js: 910ms, application-code: 156ms)
 GET /api/users 401 in 1574ms (next.js: 1514ms, application-code: 60ms)
 GET /api/surat 401 in 1573ms (next.js: 1512ms, application-code: 60ms)
 GET /api/disposisi 401 in 1572ms (next.js: 1512ms, application-code: 60ms)
 GET /api/ai/settings 401 in 1572ms (next.js: 1512ms, application-code: 60ms)
 GET /api/settings/whatsapp 401 in 1571ms (next.js: 1511ms, application-code: 60ms)
 GET /api/auth/get-session 200 in 1756ms (next.js: 1707ms, application-code: 49ms)
○ Compiling /api/settings/module-visibility ...
 GET /api/settings/institution 401 in 2.1s (next.js: 2.1s, application-code: 40ms)
 GET /api/settings/module-visibility 401 in 2.1s (next.js: 2.1s, application-code: 40ms)
 POST /api/auth/sign-out 200 in 2.1s (next.js: 2.1s, application-code: 38ms)
 GET /api/auth/get-session 200 in 8ms (next.js: 1701µs, application-code: 6ms)
 GET /api/users/lookup?identifier=superadmin 200 in 1346ms (next.js: 1291ms, application-code: 56ms)
 POST /api/auth/sign-in/email 200 in 174ms (next.js: 102ms, application-code: 72ms)
 GET /api/auth/get-session 200 in 3.1s (next.js: 3.0s, application-code: 66ms)
 GET /portal 200 in 3.3s (next.js: 3.1s, application-code: 256ms)
 GET /api/surat 200 in 89ms (next.js: 17ms, application-code: 72ms)
 GET /portal 200 in 140ms (next.js: 3ms, application-code: 137ms)
 GET /api/users 200 in 139ms (next.js: 14ms, application-code: 125ms)
 GET /api/disposisi 200 in 112ms (next.js: 11ms, application-code: 101ms)
 GET /portal 200 in 320ms (next.js: 4ms, application-code: 317ms)
 GET /api/ai/settings 200 in 118ms (next.js: 22ms, application-code: 95ms)
 GET /api/settings/whatsapp 200 in 97ms (next.js: 11ms, application-code: 87ms)
 GET /api/settings/institution 200 in 103ms (next.js: 10ms, application-code: 92ms)
 GET /api/settings/module-visibility 200 in 98ms (next.js: 10ms, application-code: 88ms)
 GET /portal 200 in 77ms (next.js: 3ms, application-code: 74ms)
 GET /api/auth/get-session 200 in 30ms (next.js: 12ms, application-code: 17ms)
 GET /api/auth/get-session 200 in 16ms (next.js: 3ms, application-code: 13ms)
 GET /admin 200 in 2.3s (next.js: 2.2s, application-code: 166ms)
 GET /api/system/db-status 200 in 4.6s (next.js: 4.4s, application-code: 204ms)
 GET /api/system/db-status 200 in 4.6s (next.js: 4.4s, application-code: 207ms)
 GET /api/whatsapp/status 200 in 4.6s (next.js: 4.4s, application-code: 211ms)
 GET /api/whatsapp/status 200 in 4.6s (next.js: 4.4s, application-code: 213ms)
 GET /admin 200 in 287ms (next.js: 31ms, application-code: 256ms)
 GET /api/auth/get-session 200 in 60ms (next.js: 31ms, application-code: 29ms)
 GET /api/auth/get-session 200 in 16ms (next.js: 2ms, application-code: 14ms)
 GET /api/auth/get-session 200 in 26ms (next.js: 11ms, application-code: 15ms)
 GET /api/auth/get-session 200 in 14ms (next.js: 2ms, application-code: 12ms)
 GET /api/auth/get-session 200 in 30ms (next.js: 13ms, application-code: 17ms)
 GET /api/auth/get-session 200 in 15ms (next.js: 3ms, application-code: 13ms)
 GET /api/auth/get-session 200 in 33ms (next.js: 13ms, application-code: 20ms)
 GET /api/auth/get-session 200 in 21ms (next.js: 3ms, application-code: 18ms)
 GET /api/auth/get-session 200 in 27ms (next.js: 10ms, application-code: 17ms)
 GET /api/auth/get-session 200 in 13ms (next.js: 1614µs, application-code: 12ms)
 GET /api/auth/get-session 200 in 82ms (next.js: 13ms, application-code: 69ms)
 GET /api/auth/get-session 200 in 21ms (next.js: 3ms, application-code: 18ms)
 GET /api/auth/get-session 200 in 31ms (next.js: 12ms, application-code: 19ms)
 GET /api/auth/get-session 200 in 21ms (next.js: 3ms, application-code: 18ms)
 GET /api/auth/get-session 200 in 24ms (next.js: 13ms, application-code: 11ms)
 GET /api/auth/get-session 200 in 13ms (next.js: 1670µs, application-code: 11ms)
