⚠ ./node_modules/pg-mem/index.js
Critical dependency: require function is used in a way in which dependencies cannot be statically extracted

Import trace for requested module:
./node_modules/pg-mem/index.js
./src/server/db/client.ts
./src/app/api/auth/[...all]/route.ts
[ALETA DB] PostgreSQL belum tersedia, memakai fallback database in-memory untuk mode development.
⚠ ./node_modules/pg-mem/index.js
Critical dependency: require function is used in a way in which dependencies cannot be statically extracted

Import trace for requested module:
./node_modules/pg-mem/index.js
./src/server/db/client.ts
./src/app/api/auth/[...all]/route.ts
⚠ ./node_modules/pg-mem/index.js
Critical dependency: require function is used in a way in which dependencies cannot be statically extracted

Import trace for requested module:
./node_modules/pg-mem/index.js
./src/server/db/client.ts
./src/app/api/auth/[...all]/route.ts
[browser] Image with src "/mahkamah-agung-logo.png" has either width or height modified, but not the other. If you use CSS to change the size of your image, also include the styles 'width: "auto"' or 'height: "auto"' to maintain the aspect ratio.
⚠ ./node_modules/pg-mem/index.js
Critical dependency: require function is used in a way in which dependencies cannot be statically extracted

Import trace for requested module:
./node_modules/pg-mem/index.js
./src/server/db/client.ts
./src/app/api/auth/[...all]/route.ts
⚠ ./node_modules/pg-mem/index.js
Critical dependency: require function is used in a way in which dependencies cannot be statically extracted

Import trace for requested module:
./node_modules/pg-mem/index.js
./src/server/db/client.ts
./src/app/api/auth/[...all]/route.ts
⚠ ./node_modules/pg-mem/index.js
Critical dependency: require function is used in a way in which dependencies cannot be statically extracted

Import trace for requested module:
./node_modules/pg-mem/index.js
./src/server/db/client.ts
./src/app/api/auth/[...all]/route.ts
⚠ ./node_modules/pg-mem/index.js
Critical dependency: require function is used in a way in which dependencies cannot be statically extracted

Import trace for requested module:
./node_modules/pg-mem/index.js
./src/server/db/client.ts
./src/app/api/auth/[...all]/route.ts
⚠ ./node_modules/pg-mem/index.js
Critical dependency: require function is used in a way in which dependencies cannot be statically extracted

Import trace for requested module:
./node_modules/pg-mem/index.js
./src/server/db/client.ts
./src/app/api/auth/[...all]/route.ts
⚠ ./node_modules/pg-mem/index.js
Critical dependency: require function is used in a way in which dependencies cannot be statically extracted

Import trace for requested module:
./node_modules/pg-mem/index.js
./src/server/db/client.ts
./src/app/api/auth/[...all]/route.ts
⚠ ./node_modules/pg-mem/index.js
Critical dependency: require function is used in a way in which dependencies cannot be statically extracted

Import trace for requested module:
./node_modules/pg-mem/index.js
./src/server/db/client.ts
./src/app/api/auth/[...all]/route.ts
⚠ ./node_modules/pg-mem/index.js
Critical dependency: require function is used in a way in which dependencies cannot be statically extracted

Import trace for requested module:
./node_modules/pg-mem/index.js
./src/server/db/client.ts
./src/app/api/auth/[...all]/route.ts
⚠ ./node_modules/pg-mem/index.js
Critical dependency: require function is used in a way in which dependencies cannot be statically extracted

Import trace for requested module:
./node_modules/pg-mem/index.js
./src/server/db/client.ts
./src/app/api/auth/[...all]/route.ts
⚠ ./node_modules/pg-mem/index.js
Critical dependency: require function is used in a way in which dependencies cannot be statically extracted

Import trace for requested module:
./node_modules/pg-mem/index.js
./src/server/db/client.ts
./src/app/api/auth/[...all]/route.ts
⚠ ./node_modules/pg-mem/index.js
Critical dependency: require function is used in a way in which dependencies cannot be statically extracted

Import trace for requested module:
./node_modules/pg-mem/index.js
./src/server/db/client.ts
./src/app/api/auth/[...all]/route.ts
⚠ ./node_modules/pg-mem/index.js
Critical dependency: require function is used in a way in which dependencies cannot be statically extracted

Import trace for requested module:
./node_modules/pg-mem/index.js
./src/server/db/client.ts
./src/app/api/auth/[...all]/route.ts
⚠ ./node_modules/pg-mem/index.js
Critical dependency: require function is used in a way in which dependencies cannot be statically extracted

Import trace for requested module:
./node_modules/pg-mem/index.js
./src/server/db/client.ts
./src/app/api/auth/[...all]/route.ts
⚠ ./node_modules/pg-mem/index.js
Critical dependency: require function is used in a way in which dependencies cannot be statically extracted

Import trace for requested module:
./node_modules/pg-mem/index.js
./src/server/db/client.ts
./src/app/api/auth/[...all]/route.ts
⚠ ./node_modules/pg-mem/index.js
Critical dependency: require function is used in a way in which dependencies cannot be statically extracted

Import trace for requested module:
./node_modules/pg-mem/index.js
./src/server/db/client.ts
./src/app/api/auth/[...all]/route.ts
⚠ ./node_modules/pg-mem/index.js
Critical dependency: require function is used in a way in which dependencies cannot be statically extracted

Import trace for requested module:
./node_modules/pg-mem/index.js
./src/server/db/client.ts
./src/app/api/ai/extract-surat/route.ts
⚠ ./node_modules/pg-mem/index.js
Critical dependency: require function is used in a way in which dependencies cannot be statically extracted

Import trace for requested module:
./node_modules/pg-mem/index.js
./src/server/db/client.ts
./src/app/api/ai/extract-surat/route.ts
⚠ ./node_modules/pg-mem/index.js
Critical dependency: require function is used in a way in which dependencies cannot be statically extracted

Import trace for requested module:
./node_modules/pg-mem/index.js
./src/server/db/client.ts
./src/app/api/ai/extract-surat/route.ts
⚠ ./node_modules/pg-mem/index.js
Critical dependency: require function is used in a way in which dependencies cannot be statically extracted

Import trace for requested module:
./node_modules/pg-mem/index.js
./src/server/db/client.ts
./src/app/api/ai/extract-surat/route.ts
⚠ ./node_modules/pg-mem/index.js
Critical dependency: require function is used in a way in which dependencies cannot be statically extracted

Import trace for requested module:
./node_modules/pg-mem/index.js
./src/server/db/client.ts
./src/app/api/ai/extract-surat/route.ts
⚠ ./node_modules/pg-mem/index.js
Critical dependency: require function is used in a way in which dependencies cannot be statically extracted

Import trace for requested module:
./node_modules/pg-mem/index.js
./src/server/db/client.ts
./src/app/api/ai/extract-surat/route.ts
⚠ ./node_modules/pg-mem/index.js
Critical dependency: require function is used in a way in which dependencies cannot be statically extracted

Import trace for requested module:
./node_modules/pg-mem/index.js
./src/server/db/client.ts
./src/app/api/surat/route.ts
⚠ Fast Refresh had to perform a full reload due to a runtime error.
⚠ Fast Refresh had to perform a full reload due to a runtime error.
⚠ ./node_modules/pg-mem/index.js
Critical dependency: require function is used in a way in which dependencies cannot be statically extracted

Import trace for requested module:
./node_modules/pg-mem/index.js
./src/server/db/client.ts
./src/app/api/auth/[...all]/route.ts
⚠ ./node_modules/pg-mem/index.js
Critical dependency: require function is used in a way in which dependencies cannot be statically extracted

Import trace for requested module:
./node_modules/pg-mem/index.js
./src/server/db/client.ts
./src/app/api/auth/[...all]/route.ts
⚠ ./node_modules/pg-mem/index.js
Critical dependency: require function is used in a way in which dependencies cannot be statically extracted

Import trace for requested module:
./node_modules/pg-mem/index.js
./src/server/db/client.ts
./src/app/api/auth/[...all]/route.ts
⚠ Fast Refresh had to perform a full reload due to a runtime error.
⚠ ./node_modules/pg-mem/index.js
Critical dependency: require function is used in a way in which dependencies cannot be statically extracted

Import trace for requested module:
./node_modules/pg-mem/index.js
./src/server/db/client.ts
./src/app/api/auth/[...all]/route.ts
⚠ ./node_modules/pg-mem/index.js
Critical dependency: require function is used in a way in which dependencies cannot be statically extracted

Import trace for requested module:
./node_modules/pg-mem/index.js
./src/server/db/client.ts
./src/app/api/auth/[...all]/route.ts
⚠ ./node_modules/pg-mem/index.js
Critical dependency: require function is used in a way in which dependencies cannot be statically extracted

Import trace for requested module:
./node_modules/pg-mem/index.js
./src/server/db/client.ts
./src/app/api/auth/[...all]/route.ts
⚠ ./node_modules/pg-mem/index.js
Critical dependency: require function is used in a way in which dependencies cannot be statically extracted

Import trace for requested module:
./node_modules/pg-mem/index.js
./src/server/db/client.ts
./src/app/api/auth/[...all]/route.ts
⚠ ./node_modules/pg-mem/index.js
Critical dependency: require function is used in a way in which dependencies cannot be statically extracted

Import trace for requested module:
./node_modules/pg-mem/index.js
./src/server/db/client.ts
./src/app/api/auth/[...all]/route.ts
⚠ ./node_modules/pg-mem/index.js
Critical dependency: require function is used in a way in which dependencies cannot be statically extracted

Import trace for requested module:
./node_modules/pg-mem/index.js
./src/server/db/client.ts
./src/app/api/auth/[...all]/route.ts
⚠ ./node_modules/pg-mem/index.js
Critical dependency: require function is used in a way in which dependencies cannot be statically extracted

Import trace for requested module:
./node_modules/pg-mem/index.js
./src/server/db/client.ts
./src/app/api/auth/[...all]/route.ts
⚠ ./node_modules/pg-mem/index.js
Critical dependency: require function is used in a way in which dependencies cannot be statically extracted

Import trace for requested module:
./node_modules/pg-mem/index.js
./src/server/db/client.ts
./src/app/api/auth/[...all]/route.ts
⚠ ./node_modules/pg-mem/index.js
Critical dependency: require function is used in a way in which dependencies cannot be statically extracted

Import trace for requested module:
./node_modules/pg-mem/index.js
./src/server/db/client.ts
./src/app/api/auth/[...all]/route.ts
⚠ ./node_modules/pg-mem/index.js
Critical dependency: require function is used in a way in which dependencies cannot be statically extracted

Import trace for requested module:
./node_modules/pg-mem/index.js
./src/server/db/client.ts
./src/app/api/auth/[...all]/route.ts
[browser] Image with src "/mahkamah-agung-logo.png" has either width or height modified, but not the other. If you use CSS to change the size of your image, also include the styles 'width: "auto"' or 'height: "auto"' to maintain the aspect ratio.
⚠ ./node_modules/pg-mem/index.js
Critical dependency: require function is used in a way in which dependencies cannot be statically extracted

Import trace for requested module:
./node_modules/pg-mem/index.js
./src/server/db/client.ts
./src/app/api/auth/[...all]/route.ts
⚠ ./node_modules/pg-mem/index.js
Critical dependency: require function is used in a way in which dependencies cannot be statically extracted

Import trace for requested module:
./node_modules/pg-mem/index.js
./src/server/db/client.ts
./src/app/api/auth/[...all]/route.ts
⚠ ./node_modules/pg-mem/index.js
Critical dependency: require function is used in a way in which dependencies cannot be statically extracted

Import trace for requested module:
./node_modules/pg-mem/index.js
./src/server/db/client.ts
./src/app/api/auth/[...all]/route.ts
⚠ ./node_modules/pg-mem/index.js
Critical dependency: require function is used in a way in which dependencies cannot be statically extracted

Import trace for requested module:
./node_modules/pg-mem/index.js
./src/server/db/client.ts
./src/app/api/auth/[...all]/route.ts
⚠ ./node_modules/pg-mem/index.js
Critical dependency: require function is used in a way in which dependencies cannot be statically extracted

Import trace for requested module:
./node_modules/pg-mem/index.js
./src/server/db/client.ts
./src/app/api/auth/[...all]/route.ts
⚠ ./node_modules/pg-mem/index.js
Critical dependency: require function is used in a way in which dependencies cannot be statically extracted

Import trace for requested module:
./node_modules/pg-mem/index.js
./src/server/db/client.ts
./src/app/api/auth/[...all]/route.ts
[browser] Image with src "/mahkamah-agung-logo.png" has either width or height modified, but not the other. If you use CSS to change the size of your image, also include the styles 'width: "auto"' or 'height: "auto"' to maintain the aspect ratio.
⚠ ./node_modules/pg-mem/index.js
Critical dependency: require function is used in a way in which dependencies cannot be statically extracted

Import trace for requested module:
./node_modules/pg-mem/index.js
./src/server/db/client.ts
./src/app/api/auth/[...all]/route.ts
⚠ ./node_modules/pg-mem/index.js
Critical dependency: require function is used in a way in which dependencies cannot be statically extracted

Import trace for requested module:
./node_modules/pg-mem/index.js
./src/server/db/client.ts
./src/app/api/auth/[...all]/route.ts
⚠ ./node_modules/pg-mem/index.js
Critical dependency: require function is used in a way in which dependencies cannot be statically extracted

Import trace for requested module:
./node_modules/pg-mem/index.js
./src/server/db/client.ts
./src/app/api/auth/[...all]/route.ts
⚠ ./node_modules/pg-mem/index.js
Critical dependency: require function is used in a way in which dependencies cannot be statically extracted

Import trace for requested module:
./node_modules/pg-mem/index.js
./src/server/db/client.ts
./src/app/api/auth/[...all]/route.ts
⚠ ./node_modules/pg-mem/index.js
Critical dependency: require function is used in a way in which dependencies cannot be statically extracted

Import trace for requested module:
./node_modules/pg-mem/index.js
./src/server/db/client.ts
./src/app/api/auth/[...all]/route.ts
[browser] Encountered two children with the same key, `notifikasi`. Keys should be unique so that components maintain their identity across updates. Non-unique keys may cause children to be duplicated and/or omitted — the behavior is unsupported and could change in a future version. 
[browser] Encountered two children with the same key, `notifikasi`. Keys should be unique so that components maintain their identity across updates. Non-unique keys may cause children to be duplicated and/or omitted — the behavior is unsupported and could change in a future version. 
[browser] Encountered two children with the same key, `notifikasi`. Keys should be unique so that components maintain their identity across updates. Non-unique keys may cause children to be duplicated and/or omitted — the behavior is unsupported and could change in a future version. 
[browser] Encountered two children with the same key, `notifikasi`. Keys should be unique so that components maintain their identity across updates. Non-unique keys may cause children to be duplicated and/or omitted — the behavior is unsupported and could change in a future version. 
[browser] Encountered two children with the same key, `notifikasi`. Keys should be unique so that components maintain their identity across updates. Non-unique keys may cause children to be duplicated and/or omitted — the behavior is unsupported and could change in a future version. 
⚠ ./node_modules/pg-mem/index.js
Critical dependency: require function is used in a way in which dependencies cannot be statically extracted

Import trace for requested module:
./node_modules/pg-mem/index.js
./src/server/db/client.ts
./src/app/api/auth/[...all]/route.ts
⚠ ./node_modules/pg-mem/index.js
Critical dependency: require function is used in a way in which dependencies cannot be statically extracted

Import trace for requested module:
./node_modules/pg-mem/index.js
./src/server/db/client.ts
./src/app/api/auth/[...all]/route.ts
⚠ ./node_modules/pg-mem/index.js
Critical dependency: require function is used in a way in which dependencies cannot be statically extracted

Import trace for requested module:
./node_modules/pg-mem/index.js
./src/server/db/client.ts
./src/app/api/auth/[...all]/route.ts
⚠ ./node_modules/pg-mem/index.js
Critical dependency: require function is used in a way in which dependencies cannot be statically extracted

Import trace for requested module:
./node_modules/pg-mem/index.js
./src/server/db/client.ts
./src/app/api/auth/[...all]/route.ts
⚠ ./node_modules/pg-mem/index.js
Critical dependency: require function is used in a way in which dependencies cannot be statically extracted

Import trace for requested module:
./node_modules/pg-mem/index.js
./src/server/db/client.ts
./src/app/api/auth/[...all]/route.ts
⚠ ./node_modules/pg-mem/index.js
Critical dependency: require function is used in a way in which dependencies cannot be statically extracted

Import trace for requested module:
./node_modules/pg-mem/index.js
./src/server/db/client.ts
./src/app/api/auth/[...all]/route.ts
⚠ ./node_modules/pg-mem/index.js
Critical dependency: require function is used in a way in which dependencies cannot be statically extracted

Import trace for requested module:
./node_modules/pg-mem/index.js
./src/server/db/client.ts
./src/app/api/auth/[...all]/route.ts
⚠ ./node_modules/pg-mem/index.js
Critical dependency: require function is used in a way in which dependencies cannot be statically extracted

Import trace for requested module:
./node_modules/pg-mem/index.js
./src/server/db/client.ts
./src/app/api/auth/[...all]/route.ts
⚠ ./node_modules/pg-mem/index.js
Critical dependency: require function is used in a way in which dependencies cannot be statically extracted

Import trace for requested module:
./node_modules/pg-mem/index.js
./src/server/db/client.ts
./src/app/api/auth/[...all]/route.ts
⚠ ./node_modules/pg-mem/index.js
Critical dependency: require function is used in a way in which dependencies cannot be statically extracted

Import trace for requested module:
./node_modules/pg-mem/index.js
./src/server/db/client.ts
./src/app/api/auth/[...all]/route.ts
⚠ ./node_modules/pg-mem/index.js
Critical dependency: require function is used in a way in which dependencies cannot be statically extracted

Import trace for requested module:
./node_modules/pg-mem/index.js
./src/server/db/client.ts
./src/app/api/auth/[...all]/route.ts
⚠ Fast Refresh had to perform a full reload. Read more: https://nextjs.org/docs/messages/fast-refresh-reload
⚠ ./node_modules/pg-mem/index.js
Critical dependency: require function is used in a way in which dependencies cannot be statically extracted

Import trace for requested module:
./node_modules/pg-mem/index.js
./src/server/db/client.ts
./src/app/api/auth/[...all]/route.ts
⚠ Server is approaching the used memory threshold, restarting...
⚠ Server is approaching the used memory threshold, restarting...
⚠ Server is approaching the used memory threshold, restarting...
⚠ Server is approaching the used memory threshold, restarting...
⚠ Server is approaching the used memory threshold, restarting...
⚠ ./node_modules/pg-mem/index.js
Critical dependency: require function is used in a way in which dependencies cannot be statically extracted

Import trace for requested module:
./node_modules/pg-mem/index.js
./src/server/db/client.ts
./src/app/api/settings/institution/route.ts
[ALETA DB] PostgreSQL belum tersedia, memakai fallback database in-memory untuk mode development.
⚠ ./node_modules/pg-mem/index.js
Critical dependency: require function is used in a way in which dependencies cannot be statically extracted

Import trace for requested module:
./node_modules/pg-mem/index.js
./src/server/db/client.ts
./src/app/api/settings/institution/route.ts
⚠ ./node_modules/pg-mem/index.js
Critical dependency: require function is used in a way in which dependencies cannot be statically extracted

Import trace for requested module:
./node_modules/pg-mem/index.js
./src/server/db/client.ts
./src/app/api/settings/institution/route.ts
⚠ ./node_modules/pg-mem/index.js
Critical dependency: require function is used in a way in which dependencies cannot be statically extracted

Import trace for requested module:
./node_modules/pg-mem/index.js
./src/server/db/client.ts
./src/app/api/settings/institution/route.ts
⚠ Fast Refresh had to perform a full reload. Read more: https://nextjs.org/docs/messages/fast-refresh-reload
[browser] Image with src "/mahkamah-agung-logo.png" has either width or height modified, but not the other. If you use CSS to change the size of your image, also include the styles 'width: "auto"' or 'height: "auto"' to maintain the aspect ratio.
⚠ ./node_modules/pg-mem/index.js
Critical dependency: require function is used in a way in which dependencies cannot be statically extracted

Import trace for requested module:
./node_modules/pg-mem/index.js
./src/server/db/client.ts
./src/app/api/auth/[...all]/route.ts
⚠ ./node_modules/pg-mem/index.js
Critical dependency: require function is used in a way in which dependencies cannot be statically extracted

Import trace for requested module:
./node_modules/pg-mem/index.js
./src/server/db/client.ts
./src/app/api/auth/[...all]/route.ts
⚠ ./node_modules/pg-mem/index.js
Critical dependency: require function is used in a way in which dependencies cannot be statically extracted

Import trace for requested module:
./node_modules/pg-mem/index.js
./src/server/db/client.ts
./src/app/api/auth/[...all]/route.ts
⚠ ./node_modules/pg-mem/index.js
Critical dependency: require function is used in a way in which dependencies cannot be statically extracted

Import trace for requested module:
./node_modules/pg-mem/index.js
./src/server/db/client.ts
./src/app/api/auth/[...all]/route.ts
⚠ ./node_modules/pg-mem/index.js
Critical dependency: require function is used in a way in which dependencies cannot be statically extracted

Import trace for requested module:
./node_modules/pg-mem/index.js
./src/server/db/client.ts
./src/app/api/auth/[...all]/route.ts
⚠ ./node_modules/pg-mem/index.js
Critical dependency: require function is used in a way in which dependencies cannot be statically extracted

Import trace for requested module:
./node_modules/pg-mem/index.js
./src/server/db/client.ts
./src/app/api/auth/[...all]/route.ts
⚠ ./node_modules/pg-mem/index.js
Critical dependency: require function is used in a way in which dependencies cannot be statically extracted

Import trace for requested module:
./node_modules/pg-mem/index.js
./src/server/db/client.ts
./src/app/api/auth/[...all]/route.ts
⚠ ./node_modules/pg-mem/index.js
Critical dependency: require function is used in a way in which dependencies cannot be statically extracted

Import trace for requested module:
./node_modules/pg-mem/index.js
./src/server/db/client.ts
./src/app/api/auth/[...all]/route.ts
⚠ ./node_modules/pg-mem/index.js
Critical dependency: require function is used in a way in which dependencies cannot be statically extracted

Import trace for requested module:
./node_modules/pg-mem/index.js
./src/server/db/client.ts
./src/app/api/auth/[...all]/route.ts
⚠ ./node_modules/pg-mem/index.js
Critical dependency: require function is used in a way in which dependencies cannot be statically extracted

Import trace for requested module:
./node_modules/pg-mem/index.js
./src/server/db/client.ts
./src/app/api/auth/[...all]/route.ts
⚠ ./node_modules/pg-mem/index.js
Critical dependency: require function is used in a way in which dependencies cannot be statically extracted

Import trace for requested module:
./node_modules/pg-mem/index.js
./src/server/db/client.ts
./src/app/api/audit/route.ts
⚠ ./node_modules/pg-mem/index.js
Critical dependency: require function is used in a way in which dependencies cannot be statically extracted

Import trace for requested module:
./node_modules/pg-mem/index.js
./src/server/db/client.ts
./src/app/api/audit/route.ts
⚠ ./node_modules/pg-mem/index.js
Critical dependency: require function is used in a way in which dependencies cannot be statically extracted

Import trace for requested module:
./node_modules/pg-mem/index.js
./src/server/db/client.ts
./src/app/api/audit/route.ts
⚠ ./node_modules/pg-mem/index.js
Critical dependency: require function is used in a way in which dependencies cannot be statically extracted

Import trace for requested module:
./node_modules/pg-mem/index.js
./src/server/db/client.ts
./src/app/api/audit/route.ts
