[ALETA DB] PostgreSQL belum tersedia, memakai fallback database in-memory untuk mode development.
⚠ ./node_modules/pg-mem/index.js
Critical dependency: require function is used in a way in which dependencies cannot be statically extracted

Import trace for requested module:
./node_modules/pg-mem/index.js
./src/server/db/client.ts
./src/app/api/auth/[...all]/route.ts
⚠ ./node_modules/pg-mem/index.js
Critical dependency: require function is used in a way in which dependencies cannot be statically extracted

Import trace for requested module:
./node_modules/pg-mem/index.js
./src/server/db/client.ts
./src/app/api/auth/[...all]/route.ts
⚠ ./node_modules/pg-mem/index.js
Critical dependency: require function is used in a way in which dependencies cannot be statically extracted

Import trace for requested module:
./node_modules/pg-mem/index.js
./src/server/db/client.ts
./src/app/api/auth/[...all]/route.ts
⚠ ./node_modules/pg-mem/index.js
Critical dependency: require function is used in a way in which dependencies cannot be statically extracted

Import trace for requested module:
./node_modules/pg-mem/index.js
./src/server/db/client.ts
./src/app/api/auth/[...all]/route.ts
⚠ ./node_modules/pg-mem/index.js
Critical dependency: require function is used in a way in which dependencies cannot be statically extracted

Import trace for requested module:
./node_modules/pg-mem/index.js
./src/server/db/client.ts
./src/app/api/auth/[...all]/route.ts
⚠ Blocked cross-origin request to Next.js dev resource /_next/webpack-hmr from "127.0.0.1".
Cross-origin access to Next.js dev resources is blocked by default for safety.

To allow this host in development, add it to "allowedDevOrigins" in next.config.js and restart the dev server:

// next.config.js
module.exports = {
  allowedDevOrigins: ['127.0.0.1'],
}

Read more: https://nextjs.org/docs/app/api-reference/config/next-config-js/allowedDevOrigins
[browser] Image with src "/mahkamah-agung-logo.png" has either width or height modified, but not the other. If you use CSS to change the size of your image, also include the styles 'width: "auto"' or 'height: "auto"' to maintain the aspect ratio.
⚠ ./node_modules/pg-mem/index.js
Critical dependency: require function is used in a way in which dependencies cannot be statically extracted

Import trace for requested module:
./node_modules/pg-mem/index.js
./src/server/db/client.ts
./src/app/api/auth/[...all]/route.ts
⚠ Fast Refresh had to perform a full reload. Read more: https://nextjs.org/docs/messages/fast-refresh-reload
⚠ Fast Refresh had to perform a full reload. Read more: https://nextjs.org/docs/messages/fast-refresh-reload
[browser] Image with src "/mahkamah-agung-logo.png" has either width or height modified, but not the other. If you use CSS to change the size of your image, also include the styles 'width: "auto"' or 'height: "auto"' to maintain the aspect ratio.
2026-04-18T09:01:10.993Z ERROR [Better Auth]: User not found { email: 'rahmawati@pa.go.id' }
2026-04-18T09:01:13.658Z ERROR [Better Auth]: User not found { email: 'rahmawati@pa.go.id' }
2026-04-18T09:01:25.106Z ERROR [Better Auth]: User not found { email: 'rahmawati@pa.go.id' }
[browser] Image with src "/mahkamah-agung-logo.png" has either width or height modified, but not the other. If you use CSS to change the size of your image, also include the styles 'width: "auto"' or 'height: "auto"' to maintain the aspect ratio.
[browser] Image with src "/mahkamah-agung-logo.png" has either width or height modified, but not the other. If you use CSS to change the size of your image, also include the styles 'width: "auto"' or 'height: "auto"' to maintain the aspect ratio.
[browser] Image with src "/mahkamah-agung-logo.png" has either width or height modified, but not the other. If you use CSS to change the size of your image, also include the styles 'width: "auto"' or 'height: "auto"' to maintain the aspect ratio.
[browser] Image with src "/mahkamah-agung-logo.png" has either width or height modified, but not the other. If you use CSS to change the size of your image, also include the styles 'width: "auto"' or 'height: "auto"' to maintain the aspect ratio.
