
> app_derry@1.0.0 dev
> node scripts/dev-server.js

[dev] Cleared legacy Turbopack cache to keep dev startup lighter.
[dev] Cleared stale Next dev server artifacts to avoid manifest corruption.
[dev] PostgreSQL belum terjangkau di 127.0.0.1:54329/aleta. Jika backend gagal konek, ALETA akan jatuh ke fallback in-memory khusus development.
[dev] Starting Next.js dev server with Webpack and NODE_OPTIONS="--max-old-space-size=2048".
▲ Next.js 16.2.3 (webpack)
- Local:         http://localhost:3000
- Network:       http://172.29.48.1:3000
- Environments: .env.local
✓ Ready in 814ms
[32m✔[0m [33mConsole Ninja[0m extension is connected to [33mNext.js[0m, see [36mhttps://tinyurl.com/2vt8jxzw[0m

○ Compiling /login ...
 GET /login 200 in 2.8s (next.js: 2.5s, application-code: 306ms)
 GET /login 200 in 4.5s (next.js: 3.8s, application-code: 694ms)
 GET /api/auth/get-session 200 in 4.3s (next.js: 3.4s, application-code: 919ms)
 GET /login 200 in 283ms (next.js: 72ms, application-code: 211ms)
 GET /login 200 in 50ms (next.js: 3ms, application-code: 46ms)
 GET /api/auth/get-session 200 in 25ms (next.js: 13ms, application-code: 12ms)
 GET /login 200 in 95ms (next.js: 4ms, application-code: 91ms)
 GET /api/auth/get-session 200 in 1415ms (next.js: 1360ms, application-code: 55ms)
 GET /api/users/lookup?identifier=superadmin 200 in 1845ms (next.js: 1771ms, application-code: 74ms)
 POST /api/auth/sign-in/email 200 in 62ms (next.js: 2ms, application-code: 60ms)
 GET /api/auth/get-session 200 in 1950ms (next.js: 1874ms, application-code: 76ms)
 GET /portal 200 in 2.1s (next.js: 1860ms, application-code: 212ms)
 GET /portal 200 in 60ms (next.js: 3ms, application-code: 57ms)
 GET /portal 200 in 116ms (next.js: 3ms, application-code: 113ms)
 GET /api/settings/whatsapp 200 in 2.6s (next.js: 2.5s, application-code: 133ms)
 GET /api/settings/institution 200 in 2.4s (next.js: 2.2s, application-code: 135ms)
 GET /api/disposisi 200 in 2.6s (next.js: 2.5s, application-code: 151ms)
 GET /api/ai/settings 200 in 2.6s (next.js: 2.5s, application-code: 153ms)
 GET /api/users 200 in 2.8s (next.js: 2.5s, application-code: 288ms)
 GET /api/surat 200 in 2.8s (next.js: 2.5s, application-code: 318ms)
 GET /portal 200 in 179ms (next.js: 66ms, application-code: 113ms)
○ Compiling /api/settings/module-visibility ...
 GET /api/settings/module-visibility 200 in 1055ms (next.js: 993ms, application-code: 62ms)
 GET /api/settings/module-visibility 200 in 1266ms (next.js: 1202ms, application-code: 64ms)
 PUT /api/settings/module-visibility 200 in 47ms (next.js: 1871µs, application-code: 46ms)
 GET /login 200 in 216ms (next.js: 169ms, application-code: 47ms)
 GET /login 200 in 180ms (next.js: 3ms, application-code: 177ms)
 GET /login 200 in 38ms (next.js: 2ms, application-code: 36ms)
 GET /login 200 in 80ms (next.js: 3ms, application-code: 77ms)
 GET /api/auth/get-session 200 in 1098ms (next.js: 1070ms, application-code: 29ms)
 GET /api/auth/get-session 200 in 995ms (next.js: 962ms, application-code: 33ms)
 GET /api/users/lookup?identifier=adminit 200 in 1064ms (next.js: 1011ms, application-code: 52ms)
 POST /api/auth/sign-in/email 200 in 56ms (next.js: 1757µs, application-code: 54ms)
 GET /api/auth/get-session 200 in 2.1s (next.js: 2.1s, application-code: 78ms)
 GET /portal 200 in 2.3s (next.js: 2.1s, application-code: 235ms)
 GET /portal 200 in 69ms (next.js: 4ms, application-code: 65ms)
 GET /portal 200 in 126ms (next.js: 4ms, application-code: 122ms)
 GET /api/settings/whatsapp 200 in 2.9s (next.js: 2.8s, application-code: 95ms)
 GET /api/settings/institution 200 in 2.8s (next.js: 2.7s, application-code: 96ms)
 GET /api/disposisi 200 in 2.9s (next.js: 2.8s, application-code: 106ms)
 GET /api/ai/settings 200 in 2.9s (next.js: 2.8s, application-code: 108ms)
 GET /api/users 200 in 3.0s (next.js: 2.9s, application-code: 134ms)
○ Compiling /api/settings/module-visibility ...
 GET /api/surat 200 in 3.0s (next.js: 2.9s, application-code: 142ms)
 GET /api/settings/module-visibility 200 in 2.1s (next.js: 1992ms, application-code: 73ms)
 GET /portal 200 in 2.1s (next.js: 1960ms, application-code: 94ms)
 GET /api/users 200 in 39ms (next.js: 12ms, application-code: 26ms)
 PATCH /api/users/usr-super 403 in 2.3s (next.js: 2.3s, application-code: 27ms)
 GET /login 200 in 206ms (next.js: 48ms, application-code: 158ms)
 GET /api/auth/get-session 200 in 37ms (next.js: 25ms, application-code: 12ms)
 GET /login 200 in 105ms (next.js: 3ms, application-code: 102ms)
 GET /api/users/lookup?identifier=superadmin 200 in 28ms (next.js: 12ms, application-code: 16ms)
 POST /api/auth/sign-in/email 200 in 46ms (next.js: 2ms, application-code: 44ms)
 GET /portal 200 in 149ms (next.js: 16ms, application-code: 133ms)
 GET /api/auth/get-session 200 in 43ms (next.js: 3ms, application-code: 40ms)
 GET /portal 200 in 93ms (next.js: 3ms, application-code: 90ms)
 GET /portal 200 in 125ms (next.js: 4ms, application-code: 121ms)
 GET /api/disposisi 200 in 73ms (next.js: 12ms, application-code: 61ms)
 GET /api/users 200 in 150ms (next.js: 11ms, application-code: 139ms)
 GET /api/surat 200 in 172ms (next.js: 20ms, application-code: 152ms)
 GET /api/ai/settings 200 in 131ms (next.js: 19ms, application-code: 112ms)
 GET /api/settings/whatsapp 200 in 103ms (next.js: 13ms, application-code: 91ms)
 GET /api/auth/get-session 200 in 10ms (next.js: 3ms, application-code: 8ms)
 GET /api/settings/institution 200 in 95ms (next.js: 12ms, application-code: 83ms)
 GET /api/settings/module-visibility 200 in 121ms (next.js: 8ms, application-code: 112ms)
 GET /portal 200 in 76ms (next.js: 4ms, application-code: 72ms)
 GET /api/ai/settings 200 in 18ms (next.js: 2ms, application-code: 16ms)
 GET /api/settings/whatsapp 200 in 16ms (next.js: 1998µs, application-code: 14ms)
 GET /login 200 in 44ms (next.js: 2ms, application-code: 41ms)
 GET /api/auth/get-session 200 in 18ms (next.js: 12ms, application-code: 6ms)
 GET /api/users/lookup?identifier=superadmin 200 in 19ms (next.js: 2ms, application-code: 16ms)
 POST /api/auth/sign-in/email 200 in 41ms (next.js: 1870µs, application-code: 39ms)
 GET /portal 200 in 142ms (next.js: 5ms, application-code: 137ms)
 GET /api/auth/get-session 200 in 42ms (next.js: 2ms, application-code: 39ms)
 GET /portal 200 in 97ms (next.js: 4ms, application-code: 93ms)
 GET /portal 200 in 65ms (next.js: 4ms, application-code: 61ms)
 GET /api/disposisi 200 in 55ms (next.js: 1947µs, application-code: 53ms)
 GET /api/users 200 in 69ms (next.js: 3ms, application-code: 66ms)
 GET /api/surat 200 in 87ms (next.js: 1844µs, application-code: 85ms)
 GET /api/ai/settings 200 in 47ms (next.js: 1790µs, application-code: 45ms)
 GET /api/settings/whatsapp 200 in 77ms (next.js: 2ms, application-code: 75ms)
 GET /api/settings/institution 200 in 74ms (next.js: 1643µs, application-code: 72ms)
 GET /api/settings/module-visibility 200 in 84ms (next.js: 1730µs, application-code: 82ms)
 GET /portal 200 in 68ms (next.js: 6ms, application-code: 62ms)
 GET /manajemen-surat 200 in 2.5s (next.js: 2.1s, application-code: 373ms)
 GET /api/settings/whatsapp 200 in 117ms (next.js: 9ms, application-code: 108ms)
 GET /api/disposisi 200 in 158ms (next.js: 10ms, application-code: 148ms)
 GET /api/ai/settings 200 in 147ms (next.js: 15ms, application-code: 132ms)
 GET /api/auth/get-session 200 in 58ms (next.js: 13ms, application-code: 45ms)
 GET /api/users 200 in 234ms (next.js: 18ms, application-code: 216ms)
 GET /api/surat 200 in 229ms (next.js: 16ms, application-code: 213ms)
 GET /api/settings/institution 200 in 56ms (next.js: 11ms, application-code: 45ms)
 GET /api/settings/module-visibility 200 in 40ms (next.js: 4ms, application-code: 36ms)
 GET /login 200 in 364ms (next.js: 15ms, application-code: 349ms)
 GET /api/whatsapp/qr 200 in 2.4s (next.js: 2.3s, application-code: 121ms)
 GET /api/whatsapp/qr 200 in 35ms (next.js: 2ms, application-code: 32ms)
 GET /manajemen-surat 200 in 147ms (next.js: 34ms, application-code: 113ms)
 GET /api/auth/get-session 200 in 20ms (next.js: 12ms, application-code: 8ms)
 GET /manajemen-surat 200 in 181ms (next.js: 3ms, application-code: 178ms)
 GET /api/auth/get-session 200 in 12ms (next.js: 2ms, application-code: 10ms)
 GET /api/disposisi 200 in 152ms (next.js: 10ms, application-code: 142ms)
 GET /api/users 200 in 195ms (next.js: 14ms, application-code: 181ms)
 GET /api/ai/settings 200 in 139ms (next.js: 16ms, application-code: 122ms)
 GET /api/settings/whatsapp 200 in 115ms (next.js: 10ms, application-code: 105ms)
 GET /api/settings/institution 200 in 101ms (next.js: 10ms, application-code: 91ms)
 GET /api/surat 200 in 196ms (next.js: 16ms, application-code: 180ms)
 GET /api/settings/module-visibility 200 in 27ms (next.js: 4ms, application-code: 23ms)
 GET /api/whatsapp/qr 200 in 19ms (next.js: 3ms, application-code: 17ms)
 GET /api/whatsapp/qr 200 in 22ms (next.js: 3ms, application-code: 19ms)
 GET /login 200 in 79ms (next.js: 13ms, application-code: 66ms)
 GET /api/auth/get-session 200 in 23ms (next.js: 12ms, application-code: 11ms)
 GET /api/users/lookup?identifier=adminit 200 in 39ms (next.js: 12ms, application-code: 27ms)
 POST /api/auth/sign-in/email 200 in 59ms (next.js: 3ms, application-code: 56ms)
 GET /portal 200 in 159ms (next.js: 31ms, application-code: 127ms)
 GET /api/auth/get-session 200 in 39ms (next.js: 3ms, application-code: 37ms)
 GET /portal 200 in 85ms (next.js: 3ms, application-code: 82ms)
 GET /portal 200 in 74ms (next.js: 3ms, application-code: 71ms)
 GET /api/disposisi 200 in 72ms (next.js: 3ms, application-code: 69ms)
 GET /api/users 200 in 92ms (next.js: 3ms, application-code: 89ms)
 GET /api/surat 200 in 109ms (next.js: 3ms, application-code: 106ms)
 GET /api/ai/settings 200 in 55ms (next.js: 2ms, application-code: 53ms)
 GET /api/settings/whatsapp 200 in 51ms (next.js: 1938µs, application-code: 49ms)
 GET /api/settings/institution 200 in 75ms (next.js: 1753µs, application-code: 73ms)
 GET /api/settings/module-visibility 200 in 89ms (next.js: 1995µs, application-code: 87ms)
 GET /portal 200 in 83ms (next.js: 3ms, application-code: 80ms)
 GET /admin/audit-trail 200 in 1903ms (next.js: 1614ms, application-code: 290ms)
 GET /api/auth/get-session 200 in 43ms (next.js: 20ms, application-code: 23ms)
 GET /api/settings/whatsapp 200 in 114ms (next.js: 11ms, application-code: 103ms)
 GET /api/disposisi 200 in 159ms (next.js: 5ms, application-code: 154ms)
 GET /api/ai/settings 200 in 154ms (next.js: 19ms, application-code: 134ms)
 GET /api/settings/institution 200 in 105ms (next.js: 10ms, application-code: 95ms)
 GET /login 200 in 312ms (next.js: 10ms, application-code: 302ms)
 GET /api/users 200 in 217ms (next.js: 14ms, application-code: 203ms)
 GET /api/surat 200 in 204ms (next.js: 7ms, application-code: 197ms)
 GET /api/settings/module-visibility 200 in 30ms (next.js: 5ms, application-code: 25ms)
 GET /api/auth/get-session 200 in 12ms (next.js: 3ms, application-code: 10ms)
 GET /login 200 in 41ms (next.js: 2ms, application-code: 39ms)
 GET /api/auth/get-session 200 in 18ms (next.js: 10ms, application-code: 7ms)
 GET /api/users/lookup?identifier=adminit 200 in 27ms (next.js: 14ms, application-code: 13ms)
 POST /api/auth/sign-in/email 200 in 42ms (next.js: 1881µs, application-code: 40ms)
 GET /portal 200 in 152ms (next.js: 17ms, application-code: 135ms)
 GET /api/auth/get-session 200 in 39ms (next.js: 3ms, application-code: 36ms)
 GET /portal 200 in 91ms (next.js: 4ms, application-code: 87ms)
 GET /portal 200 in 63ms (next.js: 4ms, application-code: 60ms)
 GET /api/disposisi 200 in 70ms (next.js: 1918µs, application-code: 68ms)
 GET /api/users 200 in 85ms (next.js: 2ms, application-code: 83ms)
 GET /api/surat 200 in 119ms (next.js: 1842µs, application-code: 117ms)
 GET /api/ai/settings 200 in 70ms (next.js: 3ms, application-code: 67ms)
 GET /api/settings/whatsapp 200 in 64ms (next.js: 3ms, application-code: 62ms)
 GET /api/settings/institution 200 in 81ms (next.js: 2ms, application-code: 79ms)
 GET /api/settings/module-visibility 200 in 90ms (next.js: 2ms, application-code: 88ms)
 GET /portal 200 in 78ms (next.js: 3ms, application-code: 75ms)
 GET /admin/audit-trail 200 in 75ms (next.js: 4ms, application-code: 71ms)
 GET /api/auth/get-session 200 in 40ms (next.js: 10ms, application-code: 30ms)
 GET /api/disposisi 200 in 80ms (next.js: 1642µs, application-code: 78ms)
 GET /api/ai/settings 200 in 77ms (next.js: 1445µs, application-code: 76ms)
 GET /api/settings/whatsapp 200 in 73ms (next.js: 1992µs, application-code: 71ms)
 GET /api/users 200 in 109ms (next.js: 1621µs, application-code: 107ms)
 GET /api/settings/institution 200 in 72ms (next.js: 1749µs, application-code: 70ms)
 GET /api/surat 200 in 115ms (next.js: 1552µs, application-code: 114ms)
 GET /api/settings/module-visibility 200 in 18ms (next.js: 1646µs, application-code: 16ms)
 GET /login 200 in 47ms (next.js: 2ms, application-code: 45ms)
 GET /api/auth/get-session 200 in 17ms (next.js: 10ms, application-code: 7ms)
 GET /api/users/lookup?identifier=superadmin 200 in 14ms (next.js: 1808µs, application-code: 12ms)
 POST /api/auth/sign-in/email 200 in 34ms (next.js: 1609µs, application-code: 32ms)
 GET /portal 200 in 136ms (next.js: 3ms, application-code: 133ms)
 GET /api/auth/get-session 200 in 43ms (next.js: 3ms, application-code: 40ms)
 GET /portal 200 in 100ms (next.js: 4ms, application-code: 97ms)
 GET /portal 200 in 77ms (next.js: 4ms, application-code: 73ms)
 GET /api/disposisi 200 in 69ms (next.js: 1789µs, application-code: 68ms)
 GET /api/users 200 in 88ms (next.js: 2ms, application-code: 86ms)
 GET /api/surat 200 in 95ms (next.js: 1706µs, application-code: 93ms)
 GET /api/ai/settings 200 in 59ms (next.js: 1914µs, application-code: 58ms)
 GET /api/settings/whatsapp 200 in 57ms (next.js: 1891µs, application-code: 56ms)
 GET /api/settings/institution 200 in 74ms (next.js: 2ms, application-code: 72ms)
 GET /api/settings/module-visibility 200 in 91ms (next.js: 1984µs, application-code: 89ms)
 GET /portal 200 in 71ms (next.js: 3ms, application-code: 68ms)
 GET /api/audit?limit=20 200 in 1473ms (next.js: 1429ms, application-code: 43ms)
 GET /api/users/lookup?identifier=superadmin 200 in 32ms (next.js: 13ms, application-code: 20ms)
 GET /api/users/lookup?identifier=rahmawati%40pa.go.id 200 in 15ms (next.js: 2ms, application-code: 12ms)
 GET /api/users/lookup?identifier=628123450001 200 in 13ms (next.js: 1751µs, application-code: 11ms)
 GET /api/users/lookup?identifier=198001012005012001 200 in 13ms (next.js: 1498µs, application-code: 11ms)
 GET /api/users/lookup?identifier=Rahmawati 200 in 11ms (next.js: 1478µs, application-code: 9ms)
 GET /portal 307 in 157ms (next.js: 30ms, application-code: 127ms)
 GET /api/users 401 in 14ms (next.js: 9ms, application-code: 5ms)
 GET /api/audit 401 in 5ms (next.js: 1597µs, application-code: 3ms)
 GET /api/settings/whatsapp 401 in 14ms (next.js: 10ms, application-code: 4ms)
 GET /login 200 in 73ms (next.js: 9ms, application-code: 64ms)
 GET /login 200 in 54ms (next.js: 3ms, application-code: 52ms)
 GET /api/auth/get-session 200 in 29ms (next.js: 19ms, application-code: 10ms)
 GET /api/users/lookup?identifier=adminit 200 in 23ms (next.js: 3ms, application-code: 21ms)
 POST /api/auth/sign-in/email 200 in 46ms (next.js: 1914µs, application-code: 44ms)
 GET /portal 200 in 155ms (next.js: 4ms, application-code: 151ms)
 GET /api/auth/get-session 200 in 38ms (next.js: 4ms, application-code: 34ms)
 GET /portal 200 in 94ms (next.js: 4ms, application-code: 90ms)
 GET /portal 200 in 87ms (next.js: 4ms, application-code: 83ms)
 GET /api/disposisi 200 in 119ms (next.js: 5ms, application-code: 114ms)
 GET /api/users 200 in 142ms (next.js: 2ms, application-code: 140ms)
 GET /api/surat 200 in 180ms (next.js: 6ms, application-code: 173ms)
 GET /api/ai/settings 200 in 109ms (next.js: 22ms, application-code: 87ms)
 GET /api/settings/whatsapp 200 in 130ms (next.js: 3ms, application-code: 128ms)
 GET /api/settings/institution 200 in 126ms (next.js: 12ms, application-code: 114ms)
 GET /api/auth/get-session 200 in 9ms (next.js: 2ms, application-code: 7ms)
 GET /api/settings/module-visibility 200 in 132ms (next.js: 6ms, application-code: 127ms)
 GET /portal 200 in 106ms (next.js: 5ms, application-code: 101ms)
 GET /portal 200 in 163ms (next.js: 13ms, application-code: 150ms)
 GET /login 200 in 134ms (next.js: 8ms, application-code: 126ms)
 GET /admin/mapping-user-jabatan 200 in 3.0s (next.js: 2.4s, application-code: 584ms)
 GET /api/auth/get-session 200 in 148ms (next.js: 24ms, application-code: 124ms)
 GET /api/settings/whatsapp 200 in 108ms (next.js: 10ms, application-code: 98ms)
 GET /api/disposisi 200 in 160ms (next.js: 13ms, application-code: 147ms)
 GET /api/ai/settings 200 in 145ms (next.js: 22ms, application-code: 123ms)
 GET /api/users 200 in 229ms (next.js: 13ms, application-code: 216ms)
 GET /api/settings/institution 200 in 104ms (next.js: 9ms, application-code: 94ms)
 GET /login 200 in 337ms (next.js: 3ms, application-code: 334ms)
 GET /api/surat 200 in 224ms (next.js: 18ms, application-code: 206ms)
 GET /api/settings/module-visibility 200 in 40ms (next.js: 3ms, application-code: 37ms)
 GET /api/auth/get-session 200 in 10ms (next.js: 2ms, application-code: 8ms)
 HEAD /login 200 in 52ms (next.js: 3ms, application-code: 50ms)
 HEAD /portal 307 in 72ms (next.js: 4ms, application-code: 67ms)
 GET /login 200 in 52ms (next.js: 3ms, application-code: 49ms)
 GET /api/auth/get-session 200 in 38ms (next.js: 29ms, application-code: 8ms)
 GET /login 200 in 64ms (next.js: 2ms, application-code: 62ms)
 GET /api/auth/get-session 200 in 17ms (next.js: 10ms, application-code: 8ms)
 GET /login 200 in 69ms (next.js: 2ms, application-code: 67ms)
 GET /api/auth/get-session 200 in 17ms (next.js: 9ms, application-code: 8ms)
 GET /api/users/lookup?identifier=superadmin 200 in 32ms (next.js: 13ms, application-code: 20ms)
 POST /api/auth/sign-in/email 200 in 53ms (next.js: 2ms, application-code: 51ms)
 GET /portal 200 in 148ms (next.js: 4ms, application-code: 144ms)
 GET /api/auth/get-session 200 in 58ms (next.js: 1880µs, application-code: 57ms)
 GET /portal 200 in 142ms (next.js: 3ms, application-code: 139ms)
 GET /portal 200 in 78ms (next.js: 4ms, application-code: 74ms)
 GET /api/users 200 in 94ms (next.js: 3ms, application-code: 91ms)
 GET /api/disposisi 200 in 78ms (next.js: 3ms, application-code: 75ms)
 GET /api/surat 200 in 123ms (next.js: 2ms, application-code: 121ms)
 GET /api/ai/settings 200 in 61ms (next.js: 2ms, application-code: 59ms)
 GET /api/settings/whatsapp 200 in 62ms (next.js: 2ms, application-code: 60ms)
 GET /api/settings/institution 200 in 58ms (next.js: 2ms, application-code: 56ms)
 GET /api/settings/module-visibility 200 in 87ms (next.js: 2ms, application-code: 85ms)
 GET /portal 200 in 79ms (next.js: 3ms, application-code: 76ms)
 GET /api/auth/get-session 200 in 15ms (next.js: 9ms, application-code: 6ms)
 GET /api/auth/get-session 200 in 9ms (next.js: 1765µs, application-code: 7ms)
 GET /api/users/lookup?identifier=superadmin 200 in 14ms (next.js: 1931µs, application-code: 12ms)
 POST /api/auth/sign-in/email 200 in 41ms (next.js: 8ms, application-code: 33ms)
 GET /portal 200 in 107ms (next.js: 5ms, application-code: 103ms)
 GET /api/auth/get-session 200 in 35ms (next.js: 4ms, application-code: 31ms)
 GET /portal 200 in 69ms (next.js: 3ms, application-code: 66ms)
 GET /portal 200 in 53ms (next.js: 3ms, application-code: 50ms)
 GET /api/disposisi 200 in 54ms (next.js: 1647µs, application-code: 53ms)
 GET /api/users 200 in 68ms (next.js: 1802µs, application-code: 66ms)
 GET /api/surat 200 in 96ms (next.js: 1511µs, application-code: 94ms)
 GET /api/ai/settings 200 in 60ms (next.js: 1745µs, application-code: 58ms)
 GET /api/settings/whatsapp 200 in 63ms (next.js: 2ms, application-code: 60ms)
 GET /api/settings/institution 200 in 76ms (next.js: 3ms, application-code: 74ms)
 GET /api/settings/module-visibility 200 in 77ms (next.js: 2ms, application-code: 74ms)
 GET /portal 200 in 63ms (next.js: 3ms, application-code: 60ms)
 GET /disposisi/dsp-ba3c7cea-ca71-494b-8e5e-a36bbdf429eb 200 in 5.4s (next.js: 5.0s, application-code: 342ms)
 GET /disposisi/dsp-ba3c7cea-ca71-494b-8e5e-a36bbdf429eb 200 in 40ms (next.js: 12ms, application-code: 28ms)
 GET /disposisi/dsp-ba3c7cea-ca71-494b-8e5e-a36bbdf429eb 200 in 26ms (next.js: 4ms, application-code: 22ms)
 GET /disposisi/dsp-ba3c7cea-ca71-494b-8e5e-a36bbdf429eb 200 in 23ms (next.js: 3ms, application-code: 20ms)
 POST /api/whatsapp/retry 200 in 1438ms (next.js: 1359ms, application-code: 79ms)
 GET /api/disposisi 200 in 142ms (next.js: 10ms, application-code: 132ms)
 GET /api/ai/settings 200 in 128ms (next.js: 16ms, application-code: 111ms)
 GET /api/settings/whatsapp 200 in 106ms (next.js: 9ms, application-code: 97ms)
 GET /api/users 200 in 185ms (next.js: 12ms, application-code: 173ms)
 GET /api/settings/institution 200 in 92ms (next.js: 10ms, application-code: 82ms)
 GET /api/surat 200 in 187ms (next.js: 14ms, application-code: 173ms)
 GET /api/settings/module-visibility 200 in 26ms (next.js: 9ms, application-code: 17ms)
 GET /portal 200 in 94ms (next.js: 57ms, application-code: 37ms)
 GET /admin 200 in 1686ms (next.js: 1453ms, application-code: 233ms)
 GET /admin/pengaturan-ai 200 in 3.3s (next.js: 3.0s, application-code: 293ms)
 GET /admin/pengaturan-ai 200 in 24ms (next.js: 3ms, application-code: 21ms)
 PUT /api/ai/settings 200 in 130ms (next.js: 29ms, application-code: 101ms)
 PUT /api/ai/settings 200 in 43ms (next.js: 2ms, application-code: 41ms)
 GET /api/auth/get-session 200 in 65ms (next.js: 35ms, application-code: 30ms)
 GET /api/auth/get-session 200 in 20ms (next.js: 3ms, application-code: 17ms)
 GET /admin/pengaturan-ai 200 in 393ms (next.js: 74ms, application-code: 319ms)
 GET /admin/pengaturan-ai 200 in 60ms (next.js: 3ms, application-code: 57ms)
 POST /api/ai/providers/test-connection 200 in 3.2s (next.js: 2.4s, application-code: 778ms)
 GET /api/auth/get-session 200 in 72ms (next.js: 20ms, application-code: 52ms)
 GET /api/auth/get-session 200 in 15ms (next.js: 2ms, application-code: 13ms)
 PUT /api/ai/settings 200 in 1771ms (next.js: 1681ms, application-code: 90ms)
 GET /api/auth/get-session 200 in 39ms (next.js: 24ms, application-code: 15ms)
 GET /api/auth/get-session 200 in 12ms (next.js: 1822µs, application-code: 10ms)
 POST /api/ai/providers/test-connection 200 in 1295ms (next.js: 1015ms, application-code: 279ms)
 GET /api/auth/get-session 200 in 28ms (next.js: 12ms, application-code: 16ms)
 GET /api/auth/get-session 200 in 14ms (next.js: 1541µs, application-code: 13ms)
 GET /admin/status-whatsapp 200 in 3.2s (next.js: 3.1s, application-code: 159ms)
 GET /admin/status-whatsapp 200 in 71ms (next.js: 3ms, application-code: 68ms)
○ Compiling /api/whatsapp/init ...
 POST /api/whatsapp/init 200 in 2.7s (next.js: 2.5s, application-code: 158ms)
 GET /api/whatsapp/qr 200 in 4.2s (next.js: 4.0s, application-code: 160ms)
 GET /api/whatsapp/qr 200 in 394ms (next.js: 2ms, application-code: 391ms)
 GET /api/whatsapp/qr 200 in 299ms (next.js: 3ms, application-code: 296ms)
 GET /admin/status-whatsapp 200 in 853ms (next.js: 55ms, application-code: 798ms)
 GET /api/whatsapp/qr 200 in 268ms (next.js: 19ms, application-code: 249ms)
 GET /api/whatsapp/qr 200 in 23ms (next.js: 3ms, application-code: 20ms)
 GET /admin/status-whatsapp 200 in 265ms (next.js: 3ms, application-code: 262ms)
 GET /api/auth/get-session 200 in 44ms (next.js: 23ms, application-code: 21ms)
 GET /api/settings/institution 200 in 5.6s (next.js: 5.4s, application-code: 126ms)
 GET /api/settings/whatsapp 200 in 5.6s (next.js: 5.4s, application-code: 128ms)
 GET /api/disposisi 200 in 5.6s (next.js: 5.4s, application-code: 139ms)
 GET /api/ai/settings 200 in 5.6s (next.js: 5.4s, application-code: 141ms)
 GET /api/users 200 in 5.6s (next.js: 5.5s, application-code: 169ms)
 GET /api/surat 200 in 5.6s (next.js: 5.4s, application-code: 186ms)
 GET /api/settings/module-visibility 200 in 2.9s (next.js: 2.8s, application-code: 115ms)
 GET /admin/status-whatsapp 200 in 2.9s (next.js: 2.8s, application-code: 148ms)
 GET /api/whatsapp/qr 200 in 217ms (next.js: 195ms, application-code: 22ms)
 GET /api/whatsapp/qr 200 in 17ms (next.js: 1960µs, application-code: 15ms)
 GET /api/auth/get-session 200 in 42ms (next.js: 19ms, application-code: 23ms)
 GET /api/auth/get-session 200 in 13ms (next.js: 2ms, application-code: 10ms)
 GET /api/whatsapp/qr 200 in 22ms (next.js: 1758µs, application-code: 20ms)
 GET /api/whatsapp/qr 200 in 19ms (next.js: 1679µs, application-code: 17ms)
 GET /api/whatsapp/qr 200 in 36ms (next.js: 1992µs, application-code: 34ms)
 PUT /api/settings/whatsapp 200 in 78ms (next.js: 8ms, application-code: 70ms)
 POST /api/whatsapp/init 200 in 30ms (next.js: 10ms, application-code: 19ms)
 GET /api/whatsapp/qr 200 in 22ms (next.js: 2ms, application-code: 20ms)
 GET /api/whatsapp/qr 200 in 16ms (next.js: 1661µs, application-code: 14ms)
 GET /api/whatsapp/qr 200 in 17ms (next.js: 2ms, application-code: 15ms)
 GET /api/whatsapp/qr 200 in 15ms (next.js: 1904µs, application-code: 13ms)
 POST /api/whatsapp/init 200 in 17ms (next.js: 2ms, application-code: 15ms)
 GET /api/whatsapp/qr 200 in 19ms (next.js: 1885µs, application-code: 17ms)
 POST /api/whatsapp/init 200 in 15ms (next.js: 2ms, application-code: 13ms)
 GET /api/whatsapp/qr 200 in 18ms (next.js: 1876µs, application-code: 16ms)
 GET /api/whatsapp/qr 200 in 16ms (next.js: 1725µs, application-code: 15ms)
 GET /api/whatsapp/qr 200 in 15ms (next.js: 2ms, application-code: 12ms)
 GET /api/whatsapp/qr 200 in 13ms (next.js: 2ms, application-code: 11ms)
 GET /api/whatsapp/qr 200 in 42ms (next.js: 3ms, application-code: 39ms)
 GET /api/whatsapp/qr 200 in 20ms (next.js: 2ms, application-code: 18ms)
 POST /api/whatsapp/init 200 in 24ms (next.js: 2ms, application-code: 22ms)
 GET /api/whatsapp/qr 200 in 22ms (next.js: 1797µs, application-code: 20ms)
 GET /api/whatsapp/qr 200 in 15ms (next.js: 1592µs, application-code: 13ms)
 POST /api/whatsapp/init 200 in 19ms (next.js: 1725µs, application-code: 17ms)
 GET /api/whatsapp/qr 200 in 17ms (next.js: 1930µs, application-code: 15ms)
 GET /api/whatsapp/qr 200 in 16ms (next.js: 1759µs, application-code: 14ms)
 GET /api/whatsapp/qr 200 in 15ms (next.js: 2ms, application-code: 13ms)
 GET /api/whatsapp/qr 200 in 13ms (next.js: 1566µs, application-code: 11ms)
 GET /api/whatsapp/qr 200 in 18ms (next.js: 1757µs, application-code: 16ms)
 GET /api/whatsapp/qr 200 in 12ms (next.js: 1538µs, application-code: 10ms)
 GET /api/whatsapp/qr 200 in 13ms (next.js: 1992µs, application-code: 11ms)
 GET /admin/pengaturan-ai 200 in 44ms (next.js: 24ms, application-code: 20ms)
 GET /api/auth/get-session 200 in 43ms (next.js: 29ms, application-code: 14ms)
 GET /api/auth/get-session 200 in 15ms (next.js: 2ms, application-code: 13ms)
 GET /api/auth/get-session 200 in 22ms (next.js: 11ms, application-code: 10ms)
 GET /api/auth/get-session 200 in 14ms (next.js: 2ms, application-code: 12ms)
 PUT /api/ai/settings 200 in 70ms (next.js: 14ms, application-code: 56ms)
 GET /admin 200 in 42ms (next.js: 22ms, application-code: 20ms)
 GET /admin 200 in 21ms (next.js: 3ms, application-code: 18ms)
 GET /portal 200 in 4.3s (next.js: 4.0s, application-code: 301ms)
 GET /portal 200 in 58ms (next.js: 3ms, application-code: 55ms)
 GET /portal 200 in 26ms (next.js: 4ms, application-code: 22ms)
 GET /api/auth/get-session 200 in 56ms (next.js: 24ms, application-code: 32ms)
 GET /api/auth/get-session 200 in 11ms (next.js: 1625µs, application-code: 10ms)
 GET /manajemen-surat 200 in 243ms (next.js: 29ms, application-code: 214ms)
 GET /api/auth/get-session 200 in 43ms (next.js: 11ms, application-code: 31ms)
 GET /api/settings/whatsapp 200 in 2.8s (next.js: 2.7s, application-code: 177ms)
 GET /api/settings/institution 200 in 2.8s (next.js: 2.6s, application-code: 180ms)
 GET /api/disposisi 200 in 2.8s (next.js: 2.7s, application-code: 186ms)
 GET /api/ai/settings 200 in 2.8s (next.js: 2.7s, application-code: 187ms)
 GET /api/users 200 in 2.9s (next.js: 2.7s, application-code: 214ms)
 GET /api/surat 200 in 2.9s (next.js: 2.7s, application-code: 219ms)
○ Compiling /api/settings/module-visibility ...
 GET /api/settings/module-visibility 200 in 2.6s (next.js: 2.5s, application-code: 74ms)
 GET /manajemen-surat 200 in 2.6s (next.js: 2.5s, application-code: 89ms)
 GET /api/whatsapp/qr 200 in 4.7s (next.js: 4.4s, application-code: 215ms)
 GET /api/whatsapp/qr 200 in 29ms (next.js: 1938µs, application-code: 27ms)
 GET /manajemen-surat 200 in 144ms (next.js: 11ms, application-code: 133ms)
 GET /admin 200 in 4.7s (next.js: 4.4s, application-code: 316ms)
 GET /api/auth/get-session 200 in 93ms (next.js: 22ms, application-code: 71ms)
 GET /api/disposisi 200 in 125ms (next.js: 10ms, application-code: 115ms)
 GET /api/settings/whatsapp 200 in 86ms (next.js: 10ms, application-code: 76ms)
 GET /api/ai/settings 200 in 122ms (next.js: 17ms, application-code: 105ms)
 GET /api/users 200 in 185ms (next.js: 13ms, application-code: 171ms)
 GET /api/settings/institution 200 in 84ms (next.js: 6ms, application-code: 78ms)
 GET /api/surat 200 in 188ms (next.js: 16ms, application-code: 172ms)
 GET /api/settings/module-visibility 200 in 28ms (next.js: 10ms, application-code: 18ms)
 GET /admin/identitas-instansi 200 in 5.1s (next.js: 4.8s, application-code: 272ms)
 GET /admin/identitas-instansi 200 in 75ms (next.js: 3ms, application-code: 72ms)
 GET /api/ai/suggest-court-name?query=Pengadilan%20Agama%20Makassar%20Kelas%20IAp 200 in 503ms (next.js: 322ms, application-code: 181ms)
 GET /admin/identitas-instansi 200 in 152ms (next.js: 52ms, application-code: 100ms)
 GET /api/ai/suggest-court-name?query=pengadilan 200 in 24ms (next.js: 2ms, application-code: 22ms)
 GET /api/ai/suggest-court-name?query=pengadilan%20agama%20pal 200 in 22ms (next.js: 1774µs, application-code: 20ms)
 GET /api/ai/suggest-court-name?query=pengadilan%20agama%20do 200 in 23ms (next.js: 1673µs, application-code: 21ms)
 GET /api/ai/suggest-court-name?query=pengadilan%20agama%20donggala 200 in 17ms (next.js: 2ms, application-code: 15ms)
 GET /api/ai/suggest-court-name?query=pengadilan%20agama%20donggala 200 in 18ms (next.js: 1725µs, application-code: 17ms)
 GET /api/ai/suggest-court-name?query=pengadilan%20agama%20donmg 200 in 21ms (next.js: 1796µs, application-code: 20ms)
 GET /api/ai/suggest-court-name?query=pengadilan%20agama%20donggala 200 in 21ms (next.js: 1742µs, application-code: 19ms)
 GET /api/auth/get-session 200 in 46ms (next.js: 20ms, application-code: 27ms)
 GET /api/auth/get-session 200 in 10ms (next.js: 1703µs, application-code: 8ms)
 GET /api/ai/suggest-court-name?query=pengadilan%20agama%20donggala 200 in 23ms (next.js: 1996µs, application-code: 21ms)
 GET /admin/identitas-instansi 200 in 207ms (next.js: 3ms, application-code: 204ms)
 GET /api/auth/get-session 200 in 89ms (next.js: 11ms, application-code: 78ms)
 GET /api/disposisi 200 in 730ms (next.js: 11ms, application-code: 720ms)
 GET /api/ai/settings 200 in 728ms (next.js: 11ms, application-code: 717ms)
 GET /api/settings/whatsapp 200 in 705ms (next.js: 12ms, application-code: 693ms)
 GET /api/users 200 in 807ms (next.js: 13ms, application-code: 794ms)
 GET /api/settings/institution 200 in 684ms (next.js: 13ms, application-code: 671ms)
 GET /api/surat 200 in 816ms (next.js: 16ms, application-code: 800ms)
 GET /api/settings/module-visibility 200 in 36ms (next.js: 13ms, application-code: 24ms)
 GET /api/ai/suggest-court-name?query=Pengadilan%20Agama%20Makassar%20Kelas%20IA 200 in 24ms (next.js: 2ms, application-code: 22ms)
 GET /api/ai/suggest-court-name?query=Pengadilan%20Agama%20Makassar%20Kelas%20IA 200 in 24ms (next.js: 1719µs, application-code: 22ms)
 GET /api/ai/suggest-court-name?query=Pengadilan%20Agama%20Makassar%20Kelas%20IA 200 in 20ms (next.js: 1780µs, application-code: 18ms)
 GET /api/ai/suggest-court-name?query=pengadi 200 in 20ms (next.js: 1645µs, application-code: 18ms)
 GET /api/ai/suggest-court-name?query=pengadil 200 in 19ms (next.js: 1603µs, application-code: 18ms)
 GET /api/ai/suggest-court-name?query=pengadila 200 in 21ms (next.js: 1620µs, application-code: 20ms)
 GET /api/ai/suggest-court-name?query=pengadila 200 in 23ms (next.js: 2ms, application-code: 21ms)
 GET /api/ai/suggest-court-name?query=pengadilan 200 in 18ms (next.js: 1681µs, application-code: 16ms)
 GET /api/ai/suggest-court-name?query=pengadilan%20 200 in 21ms (next.js: 1699µs, application-code: 19ms)
 GET /api/ai/suggest-court-name?query=pengadilan%20a 200 in 23ms (next.js: 1893µs, application-code: 21ms)
 GET /api/ai/suggest-court-name?query=pengadilan%20ag 200 in 17ms (next.js: 1832µs, application-code: 15ms)
 GET /api/ai/suggest-court-name?query=pengadilan%20aga 200 in 16ms (next.js: 1881µs, application-code: 14ms)
 GET /api/ai/suggest-court-name?query=pengadilan%20agama 200 in 22ms (next.js: 1960µs, application-code: 20ms)
 GET /api/ai/suggest-court-name?query=pengadilan%20agama%20 200 in 16ms (next.js: 1591µs, application-code: 14ms)
 GET /api/ai/suggest-court-name?query=pengadilan%20agama%20b 200 in 18ms (next.js: 1654µs, application-code: 16ms)
 GET /api/ai/suggest-court-name?query=pengadilan%20agama%20 200 in 22ms (next.js: 1708µs, application-code: 20ms)
 GET /api/ai/suggest-court-name?query=pengadilan%20agama%20p 200 in 16ms (next.js: 1677µs, application-code: 14ms)
 GET /api/ai/suggest-court-name?query=pengadilan%20agama%20pa 200 in 16ms (next.js: 2ms, application-code: 14ms)
 GET /api/ai/suggest-court-name?query=pengadilan%20agama%20pal 200 in 20ms (next.js: 2ms, application-code: 18ms)
 PUT /api/settings/institution 400 in 22ms (next.js: 1623µs, application-code: 20ms)
 GET /api/ai/suggest-court-name?query=pal 200 in 32ms (next.js: 1759µs, application-code: 30ms)
 GET /api/ai/suggest-court-name?query=mak 200 in 33ms (next.js: 2ms, application-code: 31ms)
 GET /api/ai/suggest-court-name?query=barr 200 in 22ms (next.js: 1933µs, application-code: 20ms)
 GET /api/auth/get-session 200 in 29ms (next.js: 14ms, application-code: 15ms)
 GET /api/auth/get-session 200 in 16ms (next.js: 3ms, application-code: 13ms)
 GET /admin/pengaturan-ai 200 in 54ms (next.js: 28ms, application-code: 26ms)
 GET /api/auth/get-session 200 in 26ms (next.js: 11ms, application-code: 15ms)
 GET /api/auth/get-session 200 in 18ms (next.js: 3ms, application-code: 15ms)
 GET /api/auth/get-session 200 in 39ms (next.js: 20ms, application-code: 18ms)
 GET /api/auth/get-session 200 in 16ms (next.js: 2ms, application-code: 14ms)
 GET /manajemen-surat 200 in 92ms (next.js: 26ms, application-code: 66ms)
 GET /api/auth/get-session 200 in 45ms (next.js: 13ms, application-code: 33ms)
 GET /api/disposisi 200 in 83ms (next.js: 2ms, application-code: 81ms)
 GET /api/settings/whatsapp 200 in 66ms (next.js: 1899µs, application-code: 64ms)
 GET /api/ai/settings 200 in 87ms (next.js: 1960µs, application-code: 85ms)
 GET /api/users 200 in 115ms (next.js: 1873µs, application-code: 113ms)
 GET /api/settings/institution 200 in 60ms (next.js: 2ms, application-code: 58ms)
 GET /api/surat 200 in 123ms (next.js: 1551µs, application-code: 121ms)
 GET /api/settings/module-visibility 200 in 23ms (next.js: 2ms, application-code: 21ms)
 GET /api/whatsapp/qr 200 in 209ms (next.js: 191ms, application-code: 18ms)
 GET /api/whatsapp/qr 200 in 13ms (next.js: 1696µs, application-code: 12ms)
 GET /api/whatsapp/qr 200 in 10.2s (next.js: 10.1s, application-code: 89ms)
 GET /surat?type=masuk 200 in 11.4s (next.js: 11.3s, application-code: 107ms)
 GET /surat?type=masuk 200 in 46ms (next.js: 3ms, application-code: 44ms)
 GET /api/whatsapp/qr 200 in 19ms (next.js: 1755µs, application-code: 17ms)
 GET /api/whatsapp/qr 200 in 17ms (next.js: 1743µs, application-code: 15ms)
 GET /api/whatsapp/qr 200 in 20ms (next.js: 1726µs, application-code: 18ms)
 GET /api/whatsapp/qr 200 in 16ms (next.js: 1709µs, application-code: 14ms)
 GET /api/whatsapp/qr 200 in 20ms (next.js: 1950µs, application-code: 19ms)
 GET /api/whatsapp/qr 200 in 15ms (next.js: 1590µs, application-code: 13ms)
 GET /surat?type=masuk 200 in 21ms (next.js: 3ms, application-code: 18ms)
 GET /surat?type=masuk 200 in 21ms (next.js: 4ms, application-code: 18ms)
 GET /surat?type=masuk 200 in 152ms (next.js: 47ms, application-code: 105ms)
 POST /api/ai/extract-surat 200 in 11.5s (next.js: 2.8s, application-code: 8.8s)
 GET /api/auth/get-session 200 in 35ms (next.js: 21ms, application-code: 14ms)
 GET /api/auth/get-session 200 in 12ms (next.js: 1628µs, application-code: 10ms)
 GET /api/auth/get-session 200 in 38ms (next.js: 21ms, application-code: 17ms)
 GET /api/auth/get-session 200 in 16ms (next.js: 2ms, application-code: 13ms)
 GET /api/auth/get-session 200 in 29ms (next.js: 14ms, application-code: 15ms)
 GET /api/auth/get-session 200 in 15ms (next.js: 1550µs, application-code: 13ms)
 POST /api/uploads/pdf 200 in 3.5s (next.js: 3.1s, application-code: 429ms)
 GET /surat?type=masuk 200 in 602ms (next.js: 78ms, application-code: 524ms)
▲ Next.js 16.2.3 (webpack)
- Local:         http://localhost:3000
- Network:       http://172.29.48.1:3000
- Environments: .env.local
✓ Ready in 857ms
[32m✔[0m [33mConsole Ninja[0m extension is connected to [33mNext.js[0m, see [36mhttps://tinyurl.com/2vt8jxzw[0m

○ Compiling /surat ...
 GET /surat?type=masuk 200 in 8.8s (next.js: 6.2s, application-code: 2.7s)
○ Compiling /api/settings/whatsapp ...
 GET /api/settings/whatsapp 200 in 3.7s (next.js: 3.6s, application-code: 190ms)
 GET /api/disposisi 200 in 3.8s (next.js: 3.6s, application-code: 200ms)
 GET /api/ai/settings 200 in 3.8s (next.js: 3.6s, application-code: 203ms)
 GET /api/users 200 in 3.8s (next.js: 3.6s, application-code: 221ms)
 GET /api/surat 200 in 3.8s (next.js: 3.6s, application-code: 247ms)
 GET /api/auth/get-session 200 in 5.0s (next.js: 4.9s, application-code: 103ms)
 GET /api/settings/institution 200 in 2.0s (next.js: 1939ms, application-code: 68ms)
 GET /api/settings/module-visibility 200 in 1989ms (next.js: 1917ms, application-code: 71ms)
 GET / 307 in 1058ms (next.js: 904ms, application-code: 154ms)
 GET /api/auth/get-session 200 in 174ms (next.js: 145ms, application-code: 28ms)
 GET /api/auth/get-session 200 in 17ms (next.js: 2ms, application-code: 14ms)
 GET /api/auth/get-session 200 in 47ms (next.js: 12ms, application-code: 35ms)
 GET /api/auth/get-session 200 in 11ms (next.js: 1593µs, application-code: 9ms)
 GET /api/auth/get-session 200 in 29ms (next.js: 13ms, application-code: 16ms)
 GET /api/auth/get-session 200 in 17ms (next.js: 2ms, application-code: 14ms)
 GET /api/auth/get-session 200 in 32ms (next.js: 17ms, application-code: 15ms)
 GET /api/auth/get-session 200 in 19ms (next.js: 3ms, application-code: 16ms)
 GET /api/auth/get-session 200 in 25ms (next.js: 11ms, application-code: 14ms)
 GET /api/auth/get-session 200 in 14ms (next.js: 1891µs, application-code: 13ms)
 GET /api/auth/get-session 200 in 33ms (next.js: 14ms, application-code: 20ms)
 GET /api/auth/get-session 200 in 13ms (next.js: 2ms, application-code: 10ms)
 GET /api/auth/get-session 200 in 30ms (next.js: 14ms, application-code: 17ms)
 GET /api/auth/get-session 200 in 21ms (next.js: 3ms, application-code: 18ms)
 GET /api/auth/get-session 200 in 27ms (next.js: 12ms, application-code: 15ms)
 GET /api/auth/get-session 200 in 15ms (next.js: 1848µs, application-code: 13ms)
 GET /api/auth/get-session 200 in 28ms (next.js: 12ms, application-code: 16ms)
 GET /api/auth/get-session 200 in 21ms (next.js: 3ms, application-code: 19ms)
 GET /api/auth/get-session 200 in 30ms (next.js: 12ms, application-code: 18ms)
 GET /api/auth/get-session 200 in 15ms (next.js: 2ms, application-code: 12ms)
 GET /api/auth/get-session 200 in 24ms (next.js: 10ms, application-code: 14ms)
 GET /api/auth/get-session 200 in 15ms (next.js: 2ms, application-code: 12ms)
 GET /api/auth/get-session 200 in 39ms (next.js: 16ms, application-code: 23ms)
 GET /api/auth/get-session 200 in 22ms (next.js: 3ms, application-code: 19ms)
 GET /api/auth/get-session 200 in 26ms (next.js: 10ms, application-code: 16ms)
 GET /api/auth/get-session 200 in 12ms (next.js: 1612µs, application-code: 10ms)
 GET /api/auth/get-session 200 in 35ms (next.js: 15ms, application-code: 20ms)
 GET /api/auth/get-session 200 in 20ms (next.js: 3ms, application-code: 17ms)
 POST /api/ai/extract-surat 200 in 4.7s (next.js: 1431ms, application-code: 3.3s)
 GET /api/auth/get-session 200 in 41ms (next.js: 21ms, application-code: 19ms)
 GET /api/auth/get-session 200 in 11ms (next.js: 1656µs, application-code: 10ms)
 GET /api/auth/get-session 200 in 23ms (next.js: 11ms, application-code: 12ms)
 GET /api/auth/get-session 200 in 11ms (next.js: 1808µs, application-code: 10ms)
 GET /api/auth/get-session 200 in 29ms (next.js: 11ms, application-code: 19ms)
 GET /api/auth/get-session 200 in 10ms (next.js: 1540µs, application-code: 9ms)
 GET /api/auth/get-session 200 in 29ms (next.js: 12ms, application-code: 17ms)
 GET /api/auth/get-session 200 in 14ms (next.js: 1906µs, application-code: 12ms)
 GET /admin/identitas-instansi 200 in 3.6s (next.js: 3.1s, application-code: 471ms)
 GET /api/auth/get-session 200 in 68ms (next.js: 25ms, application-code: 43ms)
 GET /api/auth/get-session 200 in 13ms (next.js: 1671µs, application-code: 11ms)
 GET /api/auth/get-session 200 in 27ms (next.js: 12ms, application-code: 15ms)
 GET /api/auth/get-session 200 in 11ms (next.js: 1606µs, application-code: 10ms)
 GET /api/auth/get-session 200 in 30ms (next.js: 12ms, application-code: 18ms)
 GET /api/auth/get-session 200 in 10ms (next.js: 1885µs, application-code: 8ms)
 GET /api/auth/get-session 200 in 28ms (next.js: 12ms, application-code: 16ms)
 GET /api/auth/get-session 200 in 12ms (next.js: 1733µs, application-code: 11ms)
 GET /api/auth/get-session 200 in 29ms (next.js: 11ms, application-code: 18ms)
 GET /api/auth/get-session 200 in 13ms (next.js: 1625µs, application-code: 12ms)
 GET /admin/audit-trail 200 in 1601ms (next.js: 1318ms, application-code: 283ms)
 GET /admin/audit-trail 200 in 24ms (next.js: 3ms, application-code: 21ms)
 GET /api/audit?limit=200 200 in 1302ms (next.js: 1173ms, application-code: 129ms)
 GET /api/audit?limit=200 200 in 1307ms (next.js: 1175ms, application-code: 133ms)
 GET /admin/status-whatsapp 200 in 1774ms (next.js: 1624ms, application-code: 151ms)
○ Compiling /api/whatsapp/qr ...
 GET /api/whatsapp/qr 200 in 3.3s (next.js: 3.2s, application-code: 125ms)
 GET /api/whatsapp/qr 200 in 34ms (next.js: 4ms, application-code: 31ms)
 GET /api/whatsapp/qr 200 in 20ms (next.js: 1869µs, application-code: 18ms)
 GET /api/auth/get-session 200 in 37ms (next.js: 21ms, application-code: 16ms)
 GET /api/auth/get-session 200 in 14ms (next.js: 1942µs, application-code: 12ms)
 GET /api/whatsapp/qr 200 in 20ms (next.js: 1880µs, application-code: 18ms)
 GET /api/whatsapp/qr 200 in 40ms (next.js: 1657µs, application-code: 38ms)
 GET /api/whatsapp/qr 200 in 27ms (next.js: 2ms, application-code: 25ms)
 GET /api/whatsapp/qr 200 in 22ms (next.js: 1944µs, application-code: 20ms)
 GET /api/whatsapp/qr 200 in 24ms (next.js: 1887µs, application-code: 22ms)
 GET /api/whatsapp/qr 200 in 21ms (next.js: 1716µs, application-code: 19ms)
 GET /api/whatsapp/qr 200 in 20ms (next.js: 1892µs, application-code: 18ms)
 GET /api/whatsapp/qr 200 in 18ms (next.js: 1802µs, application-code: 16ms)
 GET /api/whatsapp/qr 200 in 20ms (next.js: 1644µs, application-code: 18ms)
 GET /api/whatsapp/qr 200 in 17ms (next.js: 1638µs, application-code: 15ms)
 GET /api/whatsapp/qr 200 in 17ms (next.js: 1788µs, application-code: 15ms)
 GET /api/whatsapp/qr 200 in 24ms (next.js: 2ms, application-code: 22ms)
 GET /api/auth/get-session 200 in 27ms (next.js: 13ms, application-code: 15ms)
 GET /api/auth/get-session 200 in 13ms (next.js: 1591µs, application-code: 12ms)
 GET /api/whatsapp/qr 200 in 16ms (next.js: 1914µs, application-code: 14ms)
 GET /api/whatsapp/qr 200 in 21ms (next.js: 1699µs, application-code: 19ms)
 GET /api/auth/get-session 200 in 22ms (next.js: 11ms, application-code: 12ms)
 GET /api/auth/get-session 200 in 11ms (next.js: 1825µs, application-code: 9ms)
 GET /api/whatsapp/qr 200 in 17ms (next.js: 2ms, application-code: 15ms)
 GET /api/whatsapp/qr 200 in 22ms (next.js: 3ms, application-code: 19ms)
 GET /api/auth/get-session 200 in 23ms (next.js: 11ms, application-code: 12ms)
 GET /api/auth/get-session 200 in 12ms (next.js: 2ms, application-code: 10ms)
 GET /api/whatsapp/qr 200 in 35ms (next.js: 2ms, application-code: 33ms)
 GET /api/whatsapp/qr 200 in 16ms (next.js: 2ms, application-code: 14ms)
 GET /api/auth/get-session 200 in 24ms (next.js: 10ms, application-code: 14ms)
 GET /api/auth/get-session 200 in 13ms (next.js: 2ms, application-code: 11ms)
 GET /api/whatsapp/qr 200 in 19ms (next.js: 1777µs, application-code: 18ms)
 GET /api/auth/get-session 200 in 23ms (next.js: 11ms, application-code: 12ms)
 GET /api/auth/get-session 200 in 11ms (next.js: 1832µs, application-code: 9ms)
 GET /api/whatsapp/qr 200 in 31ms (next.js: 3ms, application-code: 28ms)
 GET /api/whatsapp/qr 200 in 16ms (next.js: 1804µs, application-code: 14ms)
 GET /api/auth/get-session 200 in 30ms (next.js: 11ms, application-code: 19ms)
 GET /api/auth/get-session 200 in 14ms (next.js: 2ms, application-code: 12ms)
 GET /api/whatsapp/qr 200 in 16ms (next.js: 2ms, application-code: 14ms)
 GET /api/auth/get-session 200 in 25ms (next.js: 11ms, application-code: 14ms)
 GET /api/auth/get-session 200 in 15ms (next.js: 1861µs, application-code: 14ms)
 GET /api/whatsapp/qr 200 in 16ms (next.js: 1803µs, application-code: 14ms)
 GET /api/whatsapp/qr 200 in 22ms (next.js: 2ms, application-code: 20ms)
 GET /api/auth/get-session 200 in 23ms (next.js: 10ms, application-code: 12ms)
 GET /api/auth/get-session 200 in 11ms (next.js: 2ms, application-code: 9ms)
 GET /api/whatsapp/qr 200 in 15ms (next.js: 1688µs, application-code: 14ms)
 GET /api/whatsapp/qr 200 in 19ms (next.js: 1770µs, application-code: 17ms)
 GET /api/whatsapp/qr 200 in 15ms (next.js: 1753µs, application-code: 13ms)
 GET /api/whatsapp/qr 200 in 20ms (next.js: 2ms, application-code: 17ms)
 GET /api/whatsapp/qr 200 in 17ms (next.js: 3ms, application-code: 14ms)
 GET /api/auth/get-session 200 in 22ms (next.js: 11ms, application-code: 12ms)
 GET /api/auth/get-session 200 in 9ms (next.js: 1560µs, application-code: 8ms)
 GET /api/whatsapp/qr 200 in 18ms (next.js: 1997µs, application-code: 16ms)
