
> app_derry@1.0.0 dev
> node scripts/dev-server.js

[dev] Cleared legacy Turbopack cache to keep dev startup lighter.
[dev] Cleared stale Next dev server artifacts to avoid manifest corruption.
[dev] PostgreSQL belum terjangkau di 127.0.0.1:54329/aleta. Jika backend gagal konek, ALETA akan jatuh ke fallback in-memory khusus development.
[dev] Starting Next.js dev server with Webpack and NODE_OPTIONS="--max-old-space-size=2048".
▲ Next.js 16.2.3 (webpack)
- Local:         http://localhost:3000
- Network:       http://192.168.68.109:3000
- Environments: .env.local
✓ Ready in 971ms
[32m✔[0m [33mConsole Ninja[0m extension is connected to [33mNext.js[0m, see [36mhttps://tinyurl.com/2vt8jxzw[0m

○ Compiling /login ...
 HEAD /login 200 in 4.4s (next.js: 4.2s, application-code: 232ms)
 GET /login 200 in 57ms (next.js: 6ms, application-code: 51ms)
 GET /api/auth/get-session 200 in 4.7s (next.js: 3.4s, application-code: 1266ms)
 GET /api/users/lookup?identifier=superadmin 200 in 1092ms (next.js: 1064ms, application-code: 28ms)
 POST /api/auth/sign-in/email 200 in 275ms (next.js: 193ms, application-code: 82ms)
 GET /api/auth/get-session 200 in 2.2s (next.js: 2.2s, application-code: 79ms)
 GET /portal 200 in 2.4s (next.js: 2.2s, application-code: 218ms)
 GET /portal 200 in 62ms (next.js: 4ms, application-code: 58ms)
 GET /portal 200 in 128ms (next.js: 4ms, application-code: 125ms)
 GET /api/settings/whatsapp 200 in 2.7s (next.js: 2.6s, application-code: 142ms)
 GET /api/settings/institution 200 in 2.5s (next.js: 2.4s, application-code: 144ms)
 GET /api/disposisi 200 in 2.7s (next.js: 2.6s, application-code: 159ms)
 GET /api/ai/settings 200 in 2.7s (next.js: 2.6s, application-code: 162ms)
 GET /api/users 200 in 2.9s (next.js: 2.6s, application-code: 295ms)
 GET /api/surat 200 in 2.9s (next.js: 2.6s, application-code: 327ms)
 GET /portal 200 in 176ms (next.js: 67ms, application-code: 110ms)
○ Compiling /api/settings/module-visibility ...
 GET /api/system/db-status 200 in 1980ms (next.js: 1927ms, application-code: 53ms)
 GET /api/settings/module-visibility 200 in 2.2s (next.js: 2.1s, application-code: 62ms)
 POST /api/ai/extract-surat 200 in 3.5s (next.js: 1291ms, application-code: 2.2s)
 POST /api/ai/extract-surat 200 in 10.4s (next.js: 2ms, application-code: 10.4s)
 GET /api/ai/suggest-court-name?query=donggala 200 in 1590ms (next.js: 1545ms, application-code: 45ms)
 GET /admin 200 in 2.9s (next.js: 2.5s, application-code: 379ms)
 GET /api/auth/get-session 200 in 129ms (next.js: 26ms, application-code: 104ms)
 GET /api/settings/whatsapp 200 in 112ms (next.js: 9ms, application-code: 103ms)
 GET /api/disposisi 200 in 155ms (next.js: 11ms, application-code: 145ms)
 GET /api/ai/settings 200 in 144ms (next.js: 18ms, application-code: 125ms)
 GET /api/users 200 in 229ms (next.js: 12ms, application-code: 217ms)
 GET /api/settings/institution 200 in 115ms (next.js: 10ms, application-code: 105ms)
 GET /api/surat 200 in 224ms (next.js: 16ms, application-code: 208ms)
 GET /api/settings/module-visibility 200 in 41ms (next.js: 10ms, application-code: 31ms)
 GET /api/system/db-status 200 in 42ms (next.js: 11ms, application-code: 31ms)
 GET /api/system/db-status 200 in 32ms (next.js: 1753µs, application-code: 31ms)
 GET /login 200 in 285ms (next.js: 110ms, application-code: 175ms)
 GET /api/auth/get-session 200 in 342ms (next.js: 309ms, application-code: 32ms)
 GET /api/users/lookup?identifier=superadmin 200 in 1057ms (next.js: 1033ms, application-code: 24ms)
 POST /api/auth/sign-in/email 200 in 152ms (next.js: 98ms, application-code: 54ms)
 GET /portal 200 in 229ms (next.js: 83ms, application-code: 146ms)
 GET /api/auth/get-session 200 in 35ms (next.js: 2ms, application-code: 33ms)
 GET /portal 200 in 76ms (next.js: 3ms, application-code: 73ms)
 GET /portal 200 in 40ms (next.js: 4ms, application-code: 36ms)
○ Compiling /api/settings/institution ...
 GET /api/settings/whatsapp 200 in 3.0s (next.js: 2.9s, application-code: 120ms)
 GET /api/settings/institution 200 in 2.5s (next.js: 2.4s, application-code: 121ms)
 GET /api/disposisi 200 in 3.1s (next.js: 3.0s, application-code: 133ms)
 GET /api/ai/settings 200 in 3.1s (next.js: 3.0s, application-code: 135ms)
 GET /api/users 200 in 3.1s (next.js: 3.0s, application-code: 163ms)
 GET /api/surat 200 in 3.2s (next.js: 3.0s, application-code: 183ms)
 GET /api/settings/module-visibility 200 in 2.1s (next.js: 2.0s, application-code: 86ms)
 GET /portal 200 in 2.1s (next.js: 2.0s, application-code: 102ms)
 GET /admin/identitas-instansi 200 in 2.5s (next.js: 2.1s, application-code: 366ms)
 GET /api/auth/get-session 200 in 118ms (next.js: 26ms, application-code: 91ms)
 GET /api/disposisi 200 in 150ms (next.js: 10ms, application-code: 140ms)
 GET /api/ai/settings 200 in 138ms (next.js: 18ms, application-code: 120ms)
 GET /api/settings/whatsapp 200 in 114ms (next.js: 9ms, application-code: 104ms)
 GET /api/users 200 in 204ms (next.js: 12ms, application-code: 192ms)
 GET /api/settings/institution 200 in 95ms (next.js: 10ms, application-code: 85ms)
 GET /api/surat 200 in 208ms (next.js: 16ms, application-code: 193ms)
 GET /api/settings/module-visibility 200 in 35ms (next.js: 9ms, application-code: 26ms)
 GET /api/ai/suggest-court-name?query=donggala 200 in 4.1s (next.js: 3.8s, application-code: 277ms)
 GET /admin/status-whatsapp 200 in 3.2s (next.js: 2.8s, application-code: 313ms)
 GET /api/auth/get-session 200 in 97ms (next.js: 19ms, application-code: 78ms)
 GET /api/disposisi 200 in 135ms (next.js: 10ms, application-code: 125ms)
 GET /api/ai/settings 200 in 122ms (next.js: 5ms, application-code: 117ms)
 GET /api/settings/whatsapp 200 in 111ms (next.js: 9ms, application-code: 102ms)
 GET /api/users 200 in 194ms (next.js: 11ms, application-code: 183ms)
 GET /api/settings/institution 200 in 98ms (next.js: 10ms, application-code: 88ms)
 GET /api/surat 200 in 201ms (next.js: 16ms, application-code: 186ms)
 GET /api/settings/module-visibility 200 in 33ms (next.js: 10ms, application-code: 23ms)
 GET /api/whatsapp/status 200 in 2.2s (next.js: 1984ms, application-code: 180ms)
 GET /api/whatsapp/status 200 in 2.1s (next.js: 1966ms, application-code: 183ms)
 GET /api/whatsapp/status 200 in 2.1s (next.js: 1965ms, application-code: 184ms)
 GET /api/whatsapp/status 200 in 2.2s (next.js: 1986ms, application-code: 186ms)
 GET /admin/status-whatsapp 200 in 160ms (next.js: 53ms, application-code: 107ms)
 POST /api/whatsapp/init 200 in 2.8s (next.js: 2.7s, application-code: 42ms)
 GET /api/whatsapp/status 200 in 2.8s (next.js: 2.7s, application-code: 59ms)
 GET /api/whatsapp/status 200 in 176ms (next.js: 4ms, application-code: 172ms)
 GET /admin/status-whatsapp 200 in 230ms (next.js: 29ms, application-code: 201ms)
 GET /api/auth/get-session 200 in 49ms (next.js: 22ms, application-code: 27ms)
 GET /api/settings/whatsapp 200 in 133ms (next.js: 9ms, application-code: 124ms)
 GET /api/disposisi 200 in 182ms (next.js: 10ms, application-code: 172ms)
 GET /api/ai/settings 200 in 173ms (next.js: 17ms, application-code: 156ms)
 GET /api/users 200 in 278ms (next.js: 13ms, application-code: 265ms)
 GET /api/settings/institution 200 in 164ms (next.js: 11ms, application-code: 153ms)
 GET /api/surat 200 in 280ms (next.js: 16ms, application-code: 264ms)
 GET /api/settings/module-visibility 200 in 69ms (next.js: 12ms, application-code: 57ms)
 GET /api/whatsapp/status 200 in 66ms (next.js: 3ms, application-code: 63ms)
 GET /api/whatsapp/status 200 in 69ms (next.js: 1973µs, application-code: 67ms)
 GET /api/whatsapp/status 200 in 75ms (next.js: 1918µs, application-code: 73ms)
 GET /api/whatsapp/status 200 in 69ms (next.js: 1791µs, application-code: 68ms)
 GET /login 200 in 90ms (next.js: 19ms, application-code: 71ms)
 GET /api/auth/get-session 200 in 23ms (next.js: 13ms, application-code: 9ms)
 GET /api/users/lookup?identifier=superadmin 200 in 32ms (next.js: 10ms, application-code: 22ms)
 POST /api/auth/sign-in/email 200 in 44ms (next.js: 1672µs, application-code: 42ms)
 GET /portal 200 in 140ms (next.js: 26ms, application-code: 113ms)
 GET /api/auth/get-session 200 in 42ms (next.js: 2ms, application-code: 40ms)
 GET /portal 200 in 86ms (next.js: 3ms, application-code: 84ms)
 GET /portal 200 in 63ms (next.js: 5ms, application-code: 58ms)
 GET /api/disposisi 200 in 94ms (next.js: 1638µs, application-code: 92ms)
 GET /api/users 200 in 108ms (next.js: 1782µs, application-code: 106ms)
 GET /api/surat 200 in 134ms (next.js: 1561µs, application-code: 132ms)
 GET /api/ai/settings 200 in 69ms (next.js: 3ms, application-code: 66ms)
 GET /api/settings/whatsapp 200 in 83ms (next.js: 2ms, application-code: 81ms)
 GET /api/settings/institution 200 in 79ms (next.js: 1829µs, application-code: 77ms)
 GET /api/settings/module-visibility 200 in 92ms (next.js: 2ms, application-code: 90ms)
 GET /portal 200 in 81ms (next.js: 4ms, application-code: 77ms)
 GET /admin/identitas-instansi 200 in 91ms (next.js: 26ms, application-code: 65ms)
 GET /api/auth/get-session 200 in 42ms (next.js: 10ms, application-code: 32ms)
 GET /api/disposisi 200 in 102ms (next.js: 1393µs, application-code: 100ms)
 GET /api/ai/settings 200 in 100ms (next.js: 1693µs, application-code: 98ms)
 GET /api/settings/whatsapp 200 in 95ms (next.js: 1743µs, application-code: 93ms)
 GET /api/users 200 in 131ms (next.js: 1744µs, application-code: 130ms)
 GET /api/settings/institution 200 in 61ms (next.js: 1702µs, application-code: 59ms)
 GET /api/surat 200 in 141ms (next.js: 1582µs, application-code: 139ms)
 GET /api/settings/module-visibility 200 in 32ms (next.js: 1950µs, application-code: 30ms)
 GET /api/ai/suggest-court-name?query=donggala 200 in 35ms (next.js: 13ms, application-code: 22ms)
 GET /login 200 in 55ms (next.js: 3ms, application-code: 52ms)
 GET /api/auth/get-session 200 in 18ms (next.js: 12ms, application-code: 7ms)
 GET /api/users/lookup?identifier=superadmin 200 in 21ms (next.js: 1907µs, application-code: 19ms)
 POST /api/auth/sign-in/email 200 in 39ms (next.js: 1912µs, application-code: 37ms)
 GET /portal 200 in 110ms (next.js: 4ms, application-code: 106ms)
 GET /api/auth/get-session 200 in 32ms (next.js: 2ms, application-code: 30ms)
 GET /portal 200 in 72ms (next.js: 3ms, application-code: 70ms)
 GET /portal 200 in 60ms (next.js: 3ms, application-code: 56ms)
 GET /api/disposisi 200 in 69ms (next.js: 1706µs, application-code: 67ms)
 GET /api/users 200 in 85ms (next.js: 1782µs, application-code: 84ms)
 GET /api/surat 200 in 107ms (next.js: 1562µs, application-code: 105ms)
 GET /api/ai/settings 200 in 57ms (next.js: 1864µs, application-code: 55ms)
 GET /api/settings/whatsapp 200 in 80ms (next.js: 2ms, application-code: 78ms)
 GET /api/settings/institution 200 in 77ms (next.js: 1470µs, application-code: 75ms)
 GET /api/settings/module-visibility 200 in 91ms (next.js: 2ms, application-code: 89ms)
 GET /portal 200 in 71ms (next.js: 3ms, application-code: 68ms)
 GET /admin/identitas-instansi 200 in 76ms (next.js: 4ms, application-code: 73ms)
 GET /api/auth/get-session 200 in 41ms (next.js: 9ms, application-code: 32ms)
 GET /api/disposisi 200 in 94ms (next.js: 1309µs, application-code: 92ms)
 GET /api/ai/settings 200 in 92ms (next.js: 1319µs, application-code: 90ms)
 GET /api/settings/whatsapp 200 in 87ms (next.js: 1674µs, application-code: 85ms)
 GET /api/users 200 in 123ms (next.js: 2ms, application-code: 121ms)
 GET /api/settings/institution 200 in 79ms (next.js: 1733µs, application-code: 77ms)
 GET /api/surat 200 in 131ms (next.js: 1439µs, application-code: 129ms)
 GET /api/settings/module-visibility 200 in 26ms (next.js: 3ms, application-code: 23ms)
 GET /api/ai/suggest-court-name?query=donggala 200 in 26ms (next.js: 3ms, application-code: 23ms)
 GET /login 200 in 249ms (next.js: 95ms, application-code: 154ms)
 GET /api/auth/get-session 200 in 325ms (next.js: 300ms, application-code: 26ms)
 GET /api/users/lookup?identifier=superadmin 200 in 33ms (next.js: 20ms, application-code: 13ms)
 POST /api/auth/sign-in/email 200 in 98ms (next.js: 2ms, application-code: 96ms)
 GET /portal 200 in 127ms (next.js: 17ms, application-code: 111ms)
 GET /api/auth/get-session 200 in 30ms (next.js: 1817µs, application-code: 29ms)
 GET /portal 200 in 73ms (next.js: 3ms, application-code: 70ms)
 GET /portal 200 in 105ms (next.js: 4ms, application-code: 101ms)
 GET /api/disposisi 200 in 103ms (next.js: 11ms, application-code: 92ms)
 GET /api/users 200 in 146ms (next.js: 12ms, application-code: 134ms)
 GET /api/surat 200 in 172ms (next.js: 18ms, application-code: 154ms)
 GET /api/ai/settings 200 in 96ms (next.js: 20ms, application-code: 76ms)
 GET /api/settings/whatsapp 200 in 115ms (next.js: 10ms, application-code: 106ms)
 GET /api/settings/institution 200 in 104ms (next.js: 10ms, application-code: 94ms)
 GET /api/settings/module-visibility 200 in 97ms (next.js: 11ms, application-code: 86ms)
 GET /portal 200 in 75ms (next.js: 3ms, application-code: 71ms)
 GET /admin/identitas-instansi 200 in 150ms (next.js: 26ms, application-code: 124ms)
 GET /api/auth/get-session 200 in 27ms (next.js: 13ms, application-code: 14ms)
 GET /api/disposisi 200 in 168ms (next.js: 2ms, application-code: 166ms)
 GET /api/ai/settings 200 in 163ms (next.js: 2ms, application-code: 160ms)
 GET /api/settings/whatsapp 200 in 156ms (next.js: 1565µs, application-code: 154ms)
 GET /api/settings/institution 200 in 154ms (next.js: 1401µs, application-code: 152ms)
 GET /api/users 200 in 191ms (next.js: 1967µs, application-code: 189ms)
 GET /api/surat 200 in 199ms (next.js: 1703µs, application-code: 198ms)
 GET /api/settings/module-visibility 200 in 43ms (next.js: 3ms, application-code: 41ms)
 GET /api/ai/suggest-court-name?query=donggala 200 in 36ms (next.js: 13ms, application-code: 23ms)
 GET /login 200 in 41ms (next.js: 2ms, application-code: 39ms)
 GET /api/auth/get-session 200 in 18ms (next.js: 12ms, application-code: 7ms)
 GET /api/users/lookup?identifier=superadmin 200 in 14ms (next.js: 1905µs, application-code: 12ms)
 POST /api/auth/sign-in/email 200 in 37ms (next.js: 2ms, application-code: 35ms)
 GET /portal 200 in 100ms (next.js: 4ms, application-code: 97ms)
 GET /api/auth/get-session 200 in 32ms (next.js: 1842µs, application-code: 30ms)
 GET /portal 200 in 69ms (next.js: 3ms, application-code: 66ms)
 GET /portal 200 in 50ms (next.js: 3ms, application-code: 47ms)
 GET /api/disposisi 200 in 57ms (next.js: 1408µs, application-code: 56ms)
 GET /api/users 200 in 78ms (next.js: 1701µs, application-code: 76ms)
 GET /api/surat 200 in 94ms (next.js: 1982µs, application-code: 92ms)
 GET /api/ai/settings 200 in 54ms (next.js: 2ms, application-code: 52ms)
 GET /api/settings/whatsapp 200 in 49ms (next.js: 1882µs, application-code: 47ms)
 GET /api/settings/institution 200 in 71ms (next.js: 2ms, application-code: 69ms)
 GET /api/settings/module-visibility 200 in 75ms (next.js: 2ms, application-code: 73ms)
 GET /portal 200 in 66ms (next.js: 3ms, application-code: 63ms)
 GET /portal 200 in 111ms (next.js: 31ms, application-code: 80ms)
 POST /api/ai/extract-surat 200 in 4.4s (next.js: 1526ms, application-code: 2.9s)
 POST /api/ai/extract-surat 200 in 10.4s (next.js: 1691µs, application-code: 10.4s)
 GET /login 200 in 362ms (next.js: 182ms, application-code: 179ms)
 GET /api/auth/get-session 200 in 1467ms (next.js: 1439ms, application-code: 28ms)
 GET /api/users/lookup?identifier=superadmin 200 in 810ms (next.js: 772ms, application-code: 38ms)
 POST /api/auth/sign-in/email 200 in 258ms (next.js: 195ms, application-code: 63ms)
 GET /portal 200 in 227ms (next.js: 75ms, application-code: 152ms)
 GET /api/auth/get-session 200 in 37ms (next.js: 1849µs, application-code: 35ms)
 GET /portal 200 in 86ms (next.js: 4ms, application-code: 82ms)
 GET /portal 200 in 43ms (next.js: 3ms, application-code: 40ms)
○ Compiling /api/settings/institution ...
 GET /api/settings/whatsapp 200 in 5.8s (next.js: 5.7s, application-code: 125ms)
 GET /api/settings/institution 200 in 5.0s (next.js: 4.9s, application-code: 127ms)
 GET /api/disposisi 200 in 5.9s (next.js: 5.7s, application-code: 139ms)
 GET /api/ai/settings 200 in 5.8s (next.js: 5.7s, application-code: 140ms)
 GET /api/users 200 in 5.9s (next.js: 5.7s, application-code: 168ms)
 GET /api/surat 200 in 5.9s (next.js: 5.7s, application-code: 176ms)
 GET /api/settings/module-visibility 200 in 2.6s (next.js: 2.4s, application-code: 155ms)
 GET /portal 200 in 2.6s (next.js: 2.4s, application-code: 187ms)
 GET /portal 200 in 96ms (next.js: 5ms, application-code: 91ms)
 GET /portal 200 in 161ms (next.js: 61ms, application-code: 100ms)
 POST /api/ai/extract-surat 200 in 4.3s (next.js: 1543ms, application-code: 2.7s)
 POST /api/ai/extract-surat 200 in 11.7s (next.js: 2ms, application-code: 11.7s)
 GET /login 200 in 177ms (next.js: 19ms, application-code: 158ms)
 GET /api/auth/get-session 200 in 32ms (next.js: 20ms, application-code: 13ms)
 GET /api/users/lookup?identifier=superadmin 200 in 29ms (next.js: 12ms, application-code: 17ms)
 POST /api/auth/sign-in/email 200 in 43ms (next.js: 2ms, application-code: 41ms)
 GET /portal 200 in 120ms (next.js: 3ms, application-code: 118ms)
 GET /api/auth/get-session 200 in 41ms (next.js: 3ms, application-code: 38ms)
 GET /portal 200 in 83ms (next.js: 3ms, application-code: 80ms)
 GET /portal 200 in 101ms (next.js: 3ms, application-code: 97ms)
 GET /api/disposisi 200 in 89ms (next.js: 11ms, application-code: 79ms)
 GET /api/users 200 in 141ms (next.js: 12ms, application-code: 129ms)
 GET /api/surat 200 in 162ms (next.js: 17ms, application-code: 145ms)
 GET /api/ai/settings 200 in 96ms (next.js: 8ms, application-code: 88ms)
 GET /api/settings/whatsapp 200 in 91ms (next.js: 11ms, application-code: 80ms)
 GET /api/settings/institution 200 in 107ms (next.js: 10ms, application-code: 96ms)
 GET /api/settings/module-visibility 200 in 99ms (next.js: 11ms, application-code: 87ms)
 GET /portal 200 in 79ms (next.js: 3ms, application-code: 76ms)
 GET /admin/status-whatsapp 200 in 180ms (next.js: 28ms, application-code: 152ms)
 GET /api/auth/get-session 200 in 28ms (next.js: 12ms, application-code: 15ms)
 GET /api/settings/whatsapp 200 in 73ms (next.js: 1404µs, application-code: 72ms)
 GET /api/disposisi 200 in 95ms (next.js: 1730µs, application-code: 94ms)
 GET /api/ai/settings 200 in 93ms (next.js: 1478µs, application-code: 91ms)
 GET /api/settings/institution 200 in 81ms (next.js: 1889µs, application-code: 79ms)
 GET /api/users 200 in 113ms (next.js: 1974µs, application-code: 111ms)
 GET /api/surat 200 in 117ms (next.js: 1519µs, application-code: 115ms)
 GET /api/settings/module-visibility 200 in 19ms (next.js: 1701µs, application-code: 17ms)
 GET /api/whatsapp/status 200 in 2.2s (next.js: 2.0s, application-code: 173ms)
 GET /api/whatsapp/status 200 in 2.2s (next.js: 2.0s, application-code: 176ms)
 GET /api/whatsapp/status 200 in 2.2s (next.js: 2.0s, application-code: 178ms)
 GET /api/whatsapp/status 200 in 2.2s (next.js: 2.0s, application-code: 179ms)
 GET /admin/status-whatsapp 200 in 165ms (next.js: 45ms, application-code: 120ms)
 GET /api/whatsapp/status 200 in 17ms (next.js: 1728µs, application-code: 15ms)
 GET /api/whatsapp/status 200 in 15ms (next.js: 1786µs, application-code: 13ms)
 GET /api/whatsapp/status 200 in 16ms (next.js: 1687µs, application-code: 14ms)
 GET /api/whatsapp/status 200 in 15ms (next.js: 1758µs, application-code: 13ms)
 GET /api/whatsapp/status 200 in 20ms (next.js: 1666µs, application-code: 19ms)
 GET /api/whatsapp/status 200 in 15ms (next.js: 1771µs, application-code: 14ms)
 GET /api/whatsapp/status 200 in 21ms (next.js: 1753µs, application-code: 20ms)
 GET /api/whatsapp/status 200 in 16ms (next.js: 1946µs, application-code: 14ms)
 GET /api/whatsapp/status 200 in 20ms (next.js: 1985µs, application-code: 18ms)
 GET /api/whatsapp/status 200 in 15ms (next.js: 1677µs, application-code: 13ms)
 GET /api/whatsapp/status 200 in 16ms (next.js: 2ms, application-code: 14ms)
 GET /api/whatsapp/status 200 in 18ms (next.js: 1688µs, application-code: 16ms)
 GET /api/whatsapp/status 200 in 17ms (next.js: 2ms, application-code: 15ms)
 GET /api/whatsapp/status 200 in 16ms (next.js: 1944µs, application-code: 14ms)
 GET /api/whatsapp/status 200 in 18ms (next.js: 1663µs, application-code: 16ms)
 GET /api/whatsapp/status 200 in 15ms (next.js: 1732µs, application-code: 13ms)
 GET /api/whatsapp/status 200 in 18ms (next.js: 1719µs, application-code: 17ms)
 GET /api/whatsapp/status 200 in 15ms (next.js: 1880µs, application-code: 13ms)
 GET /api/whatsapp/status 200 in 19ms (next.js: 2ms, application-code: 17ms)
 GET /api/whatsapp/status 200 in 16ms (next.js: 1813µs, application-code: 14ms)
 GET /api/whatsapp/status 200 in 20ms (next.js: 1855µs, application-code: 18ms)
 GET /api/whatsapp/status 200 in 19ms (next.js: 2ms, application-code: 17ms)
 GET /api/whatsapp/status 200 in 15ms (next.js: 1759µs, application-code: 13ms)
 GET /api/whatsapp/status 200 in 16ms (next.js: 1731µs, application-code: 14ms)
 GET /login 200 in 140ms (next.js: 15ms, application-code: 125ms)
 GET /api/auth/get-session 200 in 32ms (next.js: 22ms, application-code: 10ms)
 GET /api/users/lookup?identifier=superadmin 200 in 26ms (next.js: 12ms, application-code: 14ms)
 POST /api/auth/sign-in/email 200 in 36ms (next.js: 1718µs, application-code: 34ms)
 GET /portal 200 in 148ms (next.js: 31ms, application-code: 117ms)
 GET /api/auth/get-session 200 in 34ms (next.js: 2ms, application-code: 31ms)
 GET /portal 200 in 82ms (next.js: 3ms, application-code: 79ms)
 GET /portal 200 in 117ms (next.js: 3ms, application-code: 114ms)
 GET /api/disposisi 200 in 114ms (next.js: 12ms, application-code: 102ms)
 GET /api/users 200 in 161ms (next.js: 13ms, application-code: 148ms)
 GET /api/surat 200 in 200ms (next.js: 19ms, application-code: 181ms)
 GET /api/ai/settings 200 in 109ms (next.js: 17ms, application-code: 92ms)
 GET /api/settings/whatsapp 200 in 100ms (next.js: 12ms, application-code: 88ms)
 GET /api/settings/institution 200 in 79ms (next.js: 11ms, application-code: 69ms)
 GET /api/settings/module-visibility 200 in 98ms (next.js: 11ms, application-code: 87ms)
 GET /portal 200 in 75ms (next.js: 3ms, application-code: 71ms)
 GET /admin/status-whatsapp 200 in 140ms (next.js: 3ms, application-code: 137ms)
 GET /api/auth/get-session 200 in 28ms (next.js: 9ms, application-code: 19ms)
 GET /api/disposisi 200 in 108ms (next.js: 1733µs, application-code: 106ms)
 GET /api/ai/settings 200 in 105ms (next.js: 1436µs, application-code: 104ms)
 GET /api/settings/whatsapp 200 in 100ms (next.js: 1911µs, application-code: 98ms)
 GET /api/users 200 in 129ms (next.js: 1744µs, application-code: 127ms)
 GET /api/settings/institution 200 in 91ms (next.js: 1671µs, application-code: 89ms)
 GET /api/surat 200 in 133ms (next.js: 1680µs, application-code: 131ms)
 GET /api/settings/module-visibility 200 in 24ms (next.js: 1938µs, application-code: 22ms)
 GET /api/whatsapp/status 200 in 48ms (next.js: 1768µs, application-code: 46ms)
 GET /api/whatsapp/status 200 in 68ms (next.js: 1633µs, application-code: 66ms)
 GET /api/whatsapp/status 200 in 63ms (next.js: 2ms, application-code: 61ms)
 GET /api/whatsapp/status 200 in 60ms (next.js: 1934µs, application-code: 58ms)
 GET /login 200 in 53ms (next.js: 5ms, application-code: 48ms)
 GET /api/auth/get-session 200 in 18ms (next.js: 11ms, application-code: 7ms)
 GET /api/users/lookup?identifier=superadmin 200 in 22ms (next.js: 3ms, application-code: 19ms)
 POST /api/auth/sign-in/email 200 in 40ms (next.js: 1709µs, application-code: 38ms)
 GET /portal 200 in 133ms (next.js: 4ms, application-code: 129ms)
 GET /api/auth/get-session 200 in 34ms (next.js: 3ms, application-code: 31ms)
 GET /portal 200 in 82ms (next.js: 3ms, application-code: 78ms)
 GET /portal 200 in 60ms (next.js: 3ms, application-code: 57ms)
 GET /api/disposisi 200 in 73ms (next.js: 1928µs, application-code: 71ms)
 GET /api/users 200 in 88ms (next.js: 2ms, application-code: 86ms)
 GET /api/surat 200 in 112ms (next.js: 1623µs, application-code: 111ms)
 GET /api/ai/settings 200 in 59ms (next.js: 1955µs, application-code: 57ms)
 GET /api/settings/whatsapp 200 in 62ms (next.js: 1783µs, application-code: 60ms)
 GET /api/settings/institution 200 in 86ms (next.js: 2ms, application-code: 83ms)
 GET /api/settings/module-visibility 200 in 85ms (next.js: 2ms, application-code: 83ms)
 GET /portal 200 in 77ms (next.js: 3ms, application-code: 74ms)
 GET /admin 200 in 2.7s (next.js: 2.4s, application-code: 281ms)
 GET /api/auth/get-session 200 in 102ms (next.js: 22ms, application-code: 80ms)
 GET /api/disposisi 200 in 147ms (next.js: 11ms, application-code: 137ms)
 GET /api/ai/settings 200 in 135ms (next.js: 8ms, application-code: 127ms)
 GET /api/settings/whatsapp 200 in 122ms (next.js: 13ms, application-code: 109ms)
 GET /api/users 200 in 212ms (next.js: 14ms, application-code: 198ms)
 GET /api/settings/institution 200 in 104ms (next.js: 10ms, application-code: 94ms)
 GET /api/surat 200 in 217ms (next.js: 17ms, application-code: 200ms)
 GET /api/settings/module-visibility 200 in 32ms (next.js: 10ms, application-code: 22ms)
 GET /api/system/db-status 200 in 1702ms (next.js: 1634ms, application-code: 68ms)
 GET /api/system/db-status 200 in 1742ms (next.js: 1671ms, application-code: 71ms)
[?25h
