
> app_derry@1.0.0 dev
> node scripts/dev-server.js

[dev] Cleared legacy Turbopack cache to keep dev startup lighter.
[dev] Cleared stale Next dev server artifacts to avoid manifest corruption.
[dev] PostgreSQL belum terjangkau di 127.0.0.1:54329/aleta. Jika backend gagal konek, ALETA akan jatuh ke fallback in-memory khusus development.
[dev] Starting Next.js dev server with Webpack and NODE_OPTIONS="--max-old-space-size=2048".
▲ Next.js 16.2.3 (webpack)
- Local:         http://localhost:3000
- Network:       http://172.29.48.1:3000
- Environments: .env.local
✓ Ready in 828ms
[32m✔[0m [33mConsole Ninja[0m extension is connected to [33mNext.js[0m, see [36mhttps://tinyurl.com/2vt8jxzw[0m

○ Compiling /login ...
 GET /login 200 in 4.2s (next.js: 3.6s, application-code: 531ms)
 GET /api/auth/get-session 200 in 4.7s (next.js: 3.9s, application-code: 738ms)
 GET /login 200 in 260ms (next.js: 68ms, application-code: 193ms)
 GET /login 200 in 48ms (next.js: 4ms, application-code: 44ms)
 GET /api/auth/get-session 200 in 39ms (next.js: 22ms, application-code: 17ms)
 GET /login 200 in 114ms (next.js: 5ms, application-code: 109ms)
 GET /api/auth/get-session 200 in 2.1s (next.js: 2.0s, application-code: 55ms)
 GET /api/users/lookup?identifier=superadmin 200 in 2.5s (next.js: 2.4s, application-code: 82ms)
 POST /api/auth/sign-in/email 200 in 66ms (next.js: 2ms, application-code: 64ms)
 GET /api/auth/get-session 200 in 2.4s (next.js: 2.3s, application-code: 89ms)
 GET /portal 200 in 2.5s (next.js: 2.2s, application-code: 221ms)
 GET /portal 200 in 59ms (next.js: 3ms, application-code: 56ms)
 GET /portal 200 in 112ms (next.js: 3ms, application-code: 109ms)
 GET /api/surat 200 in 2.9s (next.js: 2.8s, application-code: 132ms)
 GET /api/disposisi 200 in 2.9s (next.js: 2.7s, application-code: 134ms)
 GET /api/settings/whatsapp 200 in 2.9s (next.js: 2.7s, application-code: 142ms)
 GET /api/settings/institution 200 in 2.8s (next.js: 2.6s, application-code: 145ms)
 GET /api/ai/settings 200 in 2.9s (next.js: 2.7s, application-code: 154ms)
 GET /api/users 200 in 3.1s (next.js: 2.8s, application-code: 289ms)
○ Compiling /api/settings/institution ...
 GET /portal 200 in 167ms (next.js: 77ms, application-code: 91ms)
 GET /api/users/lookup?identifier=superadmin 200 in 35ms (next.js: 11ms, application-code: 24ms)
 GET /api/users/lookup?identifier=rahmawati%40pa.go.id 200 in 20ms (next.js: 3ms, application-code: 17ms)
 GET /api/users/lookup?identifier=628123450001 200 in 21ms (next.js: 2ms, application-code: 19ms)
 GET /api/users/lookup?identifier=198001012005012001 200 in 17ms (next.js: 2ms, application-code: 15ms)
 GET /api/users/lookup?identifier=Rahmawati 200 in 14ms (next.js: 1636µs, application-code: 13ms)
 GET /portal 307 in 173ms (next.js: 3ms, application-code: 170ms)
 GET /api/users 401 in 6ms (next.js: 1691µs, application-code: 5ms)
 GET /api/audit 401 in 1442ms (next.js: 1420ms, application-code: 22ms)
 GET /api/settings/whatsapp 401 in 831ms (next.js: 813ms, application-code: 17ms)
 GET /login 200 in 245ms (next.js: 69ms, application-code: 176ms)
 GET /login 200 in 62ms (next.js: 4ms, application-code: 58ms)
 GET /api/auth/get-session 200 in 1160ms (next.js: 1128ms, application-code: 32ms)
 GET /api/users/lookup?identifier=superadmin 200 in 42ms (next.js: 19ms, application-code: 23ms)
 GET /api/auth/get-session 200 in 10ms (next.js: 2ms, application-code: 8ms)
 POST /api/auth/sign-in/email 200 in 47ms (next.js: 2ms, application-code: 44ms)
 GET /portal 200 in 221ms (next.js: 74ms, application-code: 147ms)
 GET /api/auth/get-session 200 in 36ms (next.js: 2ms, application-code: 34ms)
 GET /portal 200 in 76ms (next.js: 4ms, application-code: 72ms)
 GET /portal 200 in 62ms (next.js: 3ms, application-code: 59ms)
 GET /api/users 200 in 61ms (next.js: 10ms, application-code: 51ms)
○ Compiling /api/settings/institution ...
 GET /api/surat 200 in 3.2s (next.js: 3.0s, application-code: 139ms)
 GET /api/disposisi 200 in 3.2s (next.js: 3.0s, application-code: 141ms)
 GET /api/settings/institution 200 in 3.1s (next.js: 2.9s, application-code: 143ms)
 GET /api/settings/whatsapp 200 in 3.1s (next.js: 3.0s, application-code: 144ms)
 GET /api/ai/settings 200 in 3.1s (next.js: 3.0s, application-code: 150ms)
 GET /portal 200 in 2.6s (next.js: 2.4s, application-code: 170ms)
 GET /api/users 200 in 38ms (next.js: 13ms, application-code: 24ms)
 PATCH /api/users/usr-hakim 200 in 2.3s (next.js: 2.2s, application-code: 86ms)
 GET /login 200 in 203ms (next.js: 48ms, application-code: 154ms)
 GET /api/auth/get-session 200 in 35ms (next.js: 24ms, application-code: 10ms)
 GET /login 200 in 167ms (next.js: 2ms, application-code: 165ms)
 GET /portal 200 in 288ms (next.js: 32ms, application-code: 256ms)
 GET /api/users/lookup?identifier=hakim 404 in 33ms (next.js: 13ms, application-code: 20ms)
 GET /api/auth/get-session 200 in 9ms (next.js: 1984µs, application-code: 7ms)
 GET /api/auth/get-session 200 in 12ms (next.js: 1765µs, application-code: 10ms)
 GET /api/surat 200 in 131ms (next.js: 16ms, application-code: 115ms)
 GET /api/disposisi 200 in 113ms (next.js: 10ms, application-code: 103ms)
 GET /api/ai/settings 200 in 116ms (next.js: 16ms, application-code: 100ms)
 GET /api/settings/whatsapp 200 in 92ms (next.js: 11ms, application-code: 81ms)
 GET /api/settings/institution 200 in 78ms (next.js: 9ms, application-code: 69ms)
 GET /api/users 200 in 173ms (next.js: 13ms, application-code: 160ms)
 PATCH /api/users/usr-hakim 200 in 51ms (next.js: 10ms, application-code: 41ms)
 GET /login 200 in 56ms (next.js: 3ms, application-code: 53ms)
 GET /api/auth/get-session 200 in 28ms (next.js: 15ms, application-code: 12ms)
 GET /api/users/lookup?identifier=adminit 200 in 23ms (next.js: 1955µs, application-code: 21ms)
 POST /api/auth/sign-in/email 200 in 62ms (next.js: 2ms, application-code: 59ms)
 GET /portal 200 in 129ms (next.js: 4ms, application-code: 124ms)
 GET /api/auth/get-session 200 in 37ms (next.js: 3ms, application-code: 34ms)
 GET /portal 200 in 82ms (next.js: 3ms, application-code: 79ms)
 GET /portal 200 in 71ms (next.js: 5ms, application-code: 67ms)
 GET /api/surat 200 in 62ms (next.js: 2ms, application-code: 59ms)
 GET /api/disposisi 200 in 57ms (next.js: 1796µs, application-code: 56ms)
 GET /api/users 200 in 99ms (next.js: 2ms, application-code: 97ms)
 GET /api/ai/settings 200 in 95ms (next.js: 1883µs, application-code: 93ms)
 GET /api/settings/whatsapp 200 in 86ms (next.js: 2ms, application-code: 84ms)
 GET /api/settings/institution 200 in 82ms (next.js: 2ms, application-code: 80ms)
 GET /portal 200 in 78ms (next.js: 3ms, application-code: 75ms)
 GET /api/users 200 in 32ms (next.js: 2ms, application-code: 30ms)
 PATCH /api/users/usr-super 403 in 39ms (next.js: 10ms, application-code: 29ms)
 GET /login 200 in 40ms (next.js: 2ms, application-code: 37ms)
 GET /api/auth/get-session 200 in 20ms (next.js: 10ms, application-code: 10ms)
 GET /api/users/lookup?identifier=superadmin 200 in 17ms (next.js: 3ms, application-code: 14ms)
 POST /api/auth/sign-in/email 200 in 34ms (next.js: 2ms, application-code: 32ms)
 GET /portal 200 in 132ms (next.js: 4ms, application-code: 127ms)
 GET /api/auth/get-session 200 in 35ms (next.js: 3ms, application-code: 32ms)
 GET /portal 200 in 77ms (next.js: 3ms, application-code: 74ms)
 GET /portal 200 in 77ms (next.js: 3ms, application-code: 74ms)
 GET /api/surat 200 in 53ms (next.js: 1546µs, application-code: 51ms)
 GET /api/disposisi 200 in 53ms (next.js: 1722µs, application-code: 51ms)
 GET /api/users 200 in 89ms (next.js: 2ms, application-code: 86ms)
 GET /api/ai/settings 200 in 103ms (next.js: 2ms, application-code: 100ms)
 GET /api/settings/whatsapp 200 in 88ms (next.js: 2ms, application-code: 85ms)
 GET /api/settings/institution 200 in 83ms (next.js: 1714µs, application-code: 81ms)
 GET /portal 200 in 83ms (next.js: 3ms, application-code: 80ms)
 PUT /api/settings/whatsapp 200 in 34ms (next.js: 2ms, application-code: 32ms)
 POST /api/whatsapp/init 200 in 2.3s (next.js: 2.1s, application-code: 166ms)
 GET /login 200 in 127ms (next.js: 8ms, application-code: 119ms)
 GET /portal 200 in 218ms (next.js: 50ms, application-code: 168ms)
 GET /api/whatsapp/qr 200 in 1869ms (next.js: 1841ms, application-code: 28ms)
 GET /api/ai/settings 200 in 35ms (next.js: 17ms, application-code: 17ms)
 GET /login 200 in 153ms (next.js: 101ms, application-code: 52ms)
 GET /login 200 in 22ms (next.js: 2ms, application-code: 19ms)
