[ALETA DB] PostgreSQL belum tersedia, memakai fallback database in-memory persisten.
[browser] Image with src "/mahkamah-agung-logo.png" has either width or height modified, but not the other. If you use CSS to change the size of your image, also include the styles 'width: "auto"' or 'height: "auto"' to maintain the aspect ratio.
⚠ ./node_modules/pg-mem/index.js
Critical dependency: require function is used in a way in which dependencies cannot be statically extracted

Import trace for requested module:
./node_modules/pg-mem/index.js
./src/server/db/client.ts
./src/app/api/auth/[...all]/route.ts
⚠ ./node_modules/pg-mem/index.js
Critical dependency: require function is used in a way in which dependencies cannot be statically extracted

Import trace for requested module:
./node_modules/pg-mem/index.js
./src/server/db/client.ts
./src/app/api/auth/[...all]/route.ts
⚠ ./node_modules/pg-mem/index.js
Critical dependency: require function is used in a way in which dependencies cannot be statically extracted

Import trace for requested module:
./node_modules/pg-mem/index.js
./src/server/db/client.ts
./src/app/api/auth/[...all]/route.ts
⚠ ./node_modules/pg-mem/index.js
Critical dependency: require function is used in a way in which dependencies cannot be statically extracted

Import trace for requested module:
./node_modules/pg-mem/index.js
./src/server/db/client.ts
./src/app/api/auth/[...all]/route.ts
⚠ ./node_modules/pg-mem/index.js
Critical dependency: require function is used in a way in which dependencies cannot be statically extracted

Import trace for requested module:
./node_modules/pg-mem/index.js
./src/server/db/client.ts
./src/app/api/auth/[...all]/route.ts
⚠ Fast Refresh had to perform a full reload. Read more: https://nextjs.org/docs/messages/fast-refresh-reload
⚠ Fast Refresh had to perform a full reload. Read more: https://nextjs.org/docs/messages/fast-refresh-reload
